GNU Tool Chain  

Linker command line:

\
  --edf=C:\Embeded Project\FT64F0A5-TRB\YSQ-NFB\reference\fmd\FMD-MCU-IDE\FMDIDEV3.0.6\data\dat\en_msgs.txt \
  -cs -h+nfb.sym --cmf=nfb.cmf -z -QFT64F0AX \
  -oC:\Users\monic\AppData\Local\Temp\sde8.2 -Mnfb.map -E1 -ver=XC8 \
  -ASTACK=02230h-023efh -pstack=STACK -ACODE=00h-07FFhx5 \
  -ASTRCODE=00h-027FFh -ASTRING=00h-0FFhx40 -ACONST=00h-0FFhx40 \
  -AENTRY=00h-0FFhx40 -ACOMMON=070h-07Fh -ABANK0=020h-06Fh \
  -ABANK1=0A0h-0EFh -ABANK2=0120h-016Fh -ABANK3=01A0h-01EFh \
  -ABANK4=0220h-026Fh -ABANK5=02A0h-02EFh -ABANK6=0320h-036Fh \
  -ABANK7=03A0h-03EFh -ABANK8=0420h-046Fh -ABANK9=04A0h-04EFh \
  -ABANK10=0520h-056Fh -ABANK11=05A0h-05EFh -ABANK12=0620h-064Fh \
  -ABIGRAM=02000h-023EFh \
  -ARAM=020h-06Fh,0A0h-0EFh,0120h-016Fh,01A0h-01EFh,0220h-026Fh,02A0h-02EFh,0320h-036Fh,03A0h-03EFh,0420h-046Fh,04A0h-04EFh,0520h-056Fh,05A0h-05EFh,0620h-064Fh \
  -AABS1=020h-07Fh,0A0h-0EFh,0120h-016Fh,01A0h-01EFh,0220h-026Fh,02A0h-02EFh,0320h-036Fh,03A0h-03EFh,0420h-046Fh,04A0h-04EFh,0520h-056Fh,05A0h-05EFh,0620h-064Fh \
  -ASFR0=00h-01Fh -ASFR1=080h-09Fh -ASFR2=0100h-011Fh -ASFR3=0180h-019Fh \
  -ASFR4=0200h-021Fh -ASFR5=0280h-029Fh -ASFR6=0300h-031Fh \
  -ASFR7=0380h-039Fh -ASFR8=0400h-041Fh -ASFR9=0480h-049Fh \
  -ASFR10=0500h-051Fh -ASFR11=0580h-059Fh -ASFR12=0600h-061Fh \
  -ASFR13=0680h-06EFh -ASFR14=0700h-076Fh -ASFR15=0780h-07EFh \
  -ASFR16=0800h-086Fh -ASFR17=0880h-08EFh -ASFR18=0900h-096Fh \
  -ASFR19=0980h-09EFh -ASFR20=0A00h-0A6Fh -ASFR21=0A80h-0AEFh \
  -ASFR22=0B00h-0B6Fh -ASFR23=0B80h-0BEFh -ASFR24=0C00h-0C6Fh \
  -ASFR25=0C80h-0CEFh -ASFR26=0D00h-0D6Fh -ASFR27=0D80h-0DEFh \
  -ASFR28=0E00h-0E6Fh -ASFR29=0E80h-0EEFh -ASFR30=0F00h-0F6Fh \
  -ASFR31=0F80h-0FEFh -preset_vec=00h,intentry=04h,init,end_init \
  -ppowerup=CODE -pcinit=CODE -pfunctab=ENTRY -ACONFIG=08007h-08008h \
  -pconfig=CONFIG -DCONFIG=2 -AIDLOC=08000h-08003h -pidloc=IDLOC -DIDLOC=2 \
  -AEEDATA=00h-07Fh/0F000h -peeprom_data=EEDATA -DEEDATA=2 -DCODE=2 \
  -DSTRCODE=2 -DSTRING=2 -DCONST=2 -DENTRY=2 -k \
  C:\Users\monic\AppData\Local\Temp\sde8.obj nfb.obj 

Object code version is 3.11

Machine type is FT64F0AX



                Name                               Link     Load   Length Selector   Space Scale
C:\Users\monic\AppData\Local\Temp\sde8.obj
                end_init                            1A6      1A6        2        8       0
                reset_vec                             0        0        2        0       0
nfb.obj         cinit                               1A8      1A8       23        8       0
                intentry                              4        4      1A2        8       0
                maintext_split_2                    1CB      1CB      17A        8       0
                maintext_split_1                   10D8     10D8      728     21B0       0
                text50                              731      731       13        8       0
                text46                              478      478       D5        8       0
                text44                              675      675       59        8       0
                text42                              71E      71E       13        8       0
                text25                              760      760        9        8       0
                text24                              753      753        D        8       0
                text23                              769      769        8        8       0
                text22                              6CE      6CE       27        8       0
                text21                              744      744        F        8       0
                text20                              70B      70B       13        8       0
                text19                             1946     1946      6BA     328C       0
                text11                              54D      54D       B9        8       0
                text10                              606      606       6F        8       0
                text2                               834      834      7CC     1068       0
                text1                               6F5      6F5       16        8       0
                maintext                            345      345      133        8       0
                cstackBANK0                          20       20       36       20       1
                cstackCOMMON                         70       70        E       70       1
                cstackBANK1                          A0       A0       41       A0       1
                cstackBANK2                         120      120       1C      120       1
                cstackBANK3                         1A0      1A0       45      1A0       1
                cstackBANK6                         320      320       50      320       1
                clrtext                             771      771        6        8       0
                bssBANK5                            2A0      2A0       26      2A0       1
                bssBANK4                            220      220       50      220       1
                bssBANK3                            1E5      1E5        B      1A0       1
                bssBANK0                             56       56        D       20       1
                stringtext21                       20F2     20F2        4     4000       0
                stringtext20                       20EE     20EE        4     4000       0
                stringtext19                       20EA     20EA        4     4000       0
                stringtext18                       20E6     20E6        4     4000       0
                stringtext17                       20E2     20E2        4     4000       0
                stringtext16                       20DE     20DE        4     4000       0
                stringtext15                       20DA     20DA        4     4000       0
                stringtext14                       20D5     20D5        5     4000       0
                stringtext13                       20D0     20D0        5     4000       0
                stringtext12                       20CB     20CB        5     4000       0
                stringtext11                       20C6     20C6        5     4000       0
                stringtext10                       20C1     20C1        5     4000       0
                stringtext9                        20BC     20BC        5     4000       0
                stringtext8                        20B7     20B7        5     4000       0
                stringtext7                        20AF     20AF        8     4000       0
                stringtext6                        20A6     20A6        9     4000       0
                stringtext5                        209C     209C        A     4000       0
                stringtext4                        2090     2090        C     4000       0
                stringtext3                        2000     2000       42     4000       0
                stringtext2                        2069     2069       27     4000       0
                stringtext1                        2042     2042       27     4000       0

TOTAL           Name                               Link     Load   Length     Space
        CLASS   STACK          

        CLASS   CODE           
                end_init                            1A6      1A6        2         0
                cinit                               1A8      1A8       23         0
                intentry                              4        4      1A2         0
                reset_vec                             0        0        2         0
                maintext_split_2                    1CB      1CB      17A         0
                maintext_split_1                   10D8     10D8      728         0
                text50                              731      731       13         0
                text46                              478      478       D5         0
                text44                              675      675       59         0
                text42                              71E      71E       13         0
                text25                              760      760        9         0
                text24                              753      753        D         0
                text23                              769      769        8         0
                text22                              6CE      6CE       27         0
                text21                              744      744        F         0
                text20                              70B      70B       13         0
                text19                             1946     1946      6BA         0
                text11                              54D      54D       B9         0
                text10                              606      606       6F         0
                text2                               834      834      7CC         0
                text1                               6F5      6F5       16         0
                maintext                            345      345      133         0
                clrtext                             771      771        6         0

        CLASS   STRCODE        
                stringtext21                       20F2     20F2        4         0
                stringtext20                       20EE     20EE        4         0
                stringtext19                       20EA     20EA        4         0
                stringtext18                       20E6     20E6        4         0
                stringtext17                       20E2     20E2        4         0
                stringtext16                       20DE     20DE        4         0
                stringtext15                       20DA     20DA        4         0
                stringtext14                       20D5     20D5        5         0
                stringtext13                       20D0     20D0        5         0
                stringtext12                       20CB     20CB        5         0
                stringtext11                       20C6     20C6        5         0
                stringtext10                       20C1     20C1        5         0
                stringtext9                        20BC     20BC        5         0
                stringtext8                        20B7     20B7        5         0
                stringtext7                        20AF     20AF        8         0
                stringtext6                        20A6     20A6        9         0
                stringtext5                        209C     209C        A         0
                stringtext4                        2090     2090        C         0
                stringtext3                        2000     2000       42         0
                stringtext2                        2069     2069       27         0
                stringtext1                        2042     2042       27         0

        CLASS   STRING         

        CLASS   CONST          

        CLASS   ENTRY          

        CLASS   COMMON         
                cstackCOMMON                         70       70        E         1

        CLASS   BANK0          
                cstackBANK0                          20       20       36         1
                bssBANK0                             56       56        D         1

        CLASS   BANK1          
                cstackBANK1                          A0       A0       41         1

        CLASS   BANK2          
                cstackBANK2                         120      120       1C         1

        CLASS   BANK3          
                cstackBANK3                         1A0      1A0       45         1
                bssBANK3                            1E5      1E5        B         1

        CLASS   BANK4          
                bssBANK4                            220      220       50         1

        CLASS   BANK5          
                bssBANK5                            2A0      2A0       26         1

        CLASS   BANK6          
                cstackBANK6                         320      320       50         1

        CLASS   BANK7          

        CLASS   BANK8          

        CLASS   BANK9          

        CLASS   BANK10         

        CLASS   BANK11         

        CLASS   BANK12         

        CLASS   BIGRAM         

        CLASS   RAM            

        CLASS   ABS1           
                abs_s1                               7E       7E        2         1

        CLASS   SFR0           

        CLASS   SFR1           

        CLASS   SFR2           

        CLASS   SFR3           

        CLASS   SFR4           

        CLASS   SFR5           

        CLASS   SFR6           

        CLASS   SFR7           

        CLASS   SFR8           

        CLASS   SFR9           

        CLASS   SFR10          

        CLASS   SFR11          

        CLASS   SFR12          

        CLASS   SFR13          

        CLASS   SFR14          

        CLASS   SFR15          

        CLASS   SFR16          

        CLASS   SFR17          

        CLASS   SFR18          

        CLASS   SFR19          

        CLASS   SFR20          

        CLASS   SFR21          

        CLASS   SFR22          

        CLASS   SFR23          

        CLASS   SFR24          

        CLASS   SFR25          

        CLASS   SFR26          

        CLASS   SFR27          

        CLASS   SFR28          

        CLASS   SFR29          

        CLASS   SFR30          

        CLASS   SFR31          

        CLASS   CONFIG         

        CLASS   IDLOC          

        CLASS   EEDATA         

        CLASS   BANK31         

        CLASS   BANK30         

        CLASS   BANK29         

        CLASS   BANK28         

        CLASS   BANK27         

        CLASS   BANK26         

        CLASS   BANK25         

        CLASS   BANK24         

        CLASS   BANK23         

        CLASS   BANK22         

        CLASS   BANK21         

        CLASS   BANK20         

        CLASS   BANK19         

        CLASS   BANK18         

        CLASS   BANK17         

        CLASS   BANK16         

        CLASS   BANK15         

        CLASS   BANK14         

        CLASS   BANK13         



SEGMENTS        Name                           Load    Length   Top    Selector   Space  Class     Delta

                reset_vec                      000000  000002  000002         0       0  CODE        2
                intentry                       000004  000773  000777         8       0  CODE        2
                cstackBANK0                    000020  000043  000063        20       1  BANK0       1
                cstackCOMMON                   000070  00000E  00007E        70       1  COMMON      1
                cstackBANK1                    0000A0  000041  0000E1        A0       1  BANK1       1
                cstackBANK2                    000120  00001C  00013C       120       1  BANK2       1
                cstackBANK3                    0001A0  000050  0001F0       1A0       1  BANK3       1
                bssBANK4                       000220  000050  000270       220       1  BANK4       1
                bssBANK5                       0002A0  000026  0002C6       2A0       1  BANK5       1
                cstackBANK6                    000320  000050  000370       320       1  BANK6       1
                text2                          000834  0007CC  001000      1068       0  CODE        2
                maintext_split_1               0010D8  000728  001800      21B0       0  CODE        2
                text19                         001946  0006BA  002000      328C       0  CODE        2
                stringtext3                    002000  0000F6  0020F6      4000       0  STRCODE     2


UNUSED ADDRESS RANGES

        Name                Unused          Largest block    Delta
        BANK0            000063-00006F                D           1
        BANK1            0000E1-0000EF                F           1
        BANK10           000520-00056F               50           1
        BANK11           0005A0-0005EF               50           1
        BANK12           000620-00064F               30           1
        BANK2            00013C-00016F               34           1
        BANK5            0002C6-0002EF               2A           1
        BANK7            0003A0-0003EF               50           1
        BANK8            000420-00046F               50           1
        BANK9            0004A0-0004EF               50           1
        BIGRAM           002000-0023EF              3F0           1
        CODE             000002-000003                2           2
                         000777-000833               89
                         001000-0010D7               D8
                         001800-001945              146
                         0020F6-0027FF              70A
        CONFIG           008007-008008                2           2
        CONST            000002-000003                2           2
                         000777-000833               89
                         001000-0010D7               D8
                         001800-001945              100
                         0020F6-0027FF              100
        EEDATA           00F000-00F07F               80           2
        ENTRY            000002-000003                2           2
                         000777-000833               89
                         001000-0010D7               D8
                         001800-001945              100
                         0020F6-0027FF              100
        IDLOC            008000-008003                4           2
        RAM              000063-00006F                D           1
                         0000E1-0000EF                F
                         00013C-00016F               34
                         0002C6-0002EF               2A
                         0003A0-0003EF               50
                         000420-00046F               50
                         0004A0-0004EF               50
                         000520-00056F               50
                         0005A0-0005EF               50
                         000620-00064F               30
        SFR0             000000-00001F               20           1
        SFR1             000080-00009F               20           1
        SFR10            000500-00051F               20           1
        SFR11            000580-00059F               20           1
        SFR12            000600-00061F               20           1
        SFR13            000680-0006EF               70           1
        SFR14            000700-00076F               70           1
        SFR15            000780-0007EF               70           1
        SFR16            000800-00086F               70           1
        SFR17            000880-0008EF               70           1
        SFR18            000900-00096F               70           1
        SFR19            000980-0009EF               70           1
        SFR2             000100-00011F               20           1
        SFR20            000A00-000A6F               70           1
        SFR21            000A80-000AEF               70           1
        SFR22            000B00-000B6F               70           1
        SFR23            000B80-000BEF               70           1
        SFR24            000C00-000C6F               70           1
        SFR25            000C80-000CEF               70           1
        SFR26            000D00-000D6F               70           1
        SFR27            000D80-000DEF               70           1
        SFR28            000E00-000E6F               70           1
        SFR29            000E80-000EEF               70           1
        SFR3             000180-00019F               20           1
        SFR30            000F00-000F6F               70           1
        SFR31            000F80-000FEF               70           1
        SFR4             000200-00021F               20           1
        SFR5             000280-00029F               20           1
        SFR6             000300-00031F               20           1
        SFR7             000380-00039F               20           1
        SFR8             000400-00041F               20           1
        SFR9             000480-00049F               20           1
        STACK            002230-0023EF              1C0           1
        STRCODE          000002-000003                2           2
                         000777-000833               BD
                         001000-0010D7               D8
                         001800-001945              146
                         0020F6-0027FF              70A
        STRING           000002-000003                2           2
                         000777-000833               89
                         001000-0010D7               D8
                         001800-001945              100
                         0020F6-0027FF              100

                                  Symbol Table

?_GET_ADC_DATA                 cstackBANK1      0000C6
?___awdiv                      cstackBANK0      000033
?___awmod                      cstackBANK0      00002D
?___awtoft                     cstackBANK0      00003B
?___ftadd                      cstackBANK0      000041
?___ftdiv                      cstackBANK1      0000AC
?___ftmul                      cstackBANK1      0000A0
?___ftneg                      cstackBANK0      00002D
?___ftpack                     cstackBANK0      00002D
?___ftsub                      cstackBANK0      00004D
?___fttol                      cstackBANK1      0000B4
?___lldiv                      cstackBANK0      00002D
?___llmod                      cstackBANK0      00003A
?___lltoft                     cstackBANK0      000035
?___lwtoft                     cstackBANK0      000035
?___wmul                       cstackBANK0      00003B
?__div_to_l_                   cstackBANK0      00002D
?__tdiv_to_l_                  cstackBANK0      00002D
?_charArrayToInt               cstackCOMMON     000076
?_fround                       cstackBANK1      0000AC
?_scale                        cstackBANK1      0000AC
?_sprintf                      cstackBANK1      0000C1
?_strlen                       cstackBANK0      00002D
?_strncmp                      cstackCOMMON     000075
?i1___awtoft                   cstackBANK0      000025
?i1___ftpack                   cstackCOMMON     000070
?i1___wmul                     cstackCOMMON     000070
?i1_strlen                     cstackCOMMON     000070
BatteryChargingLevel@Vdd       cstackBANK1      0000CD
BatteryChargingLevel@i         cstackBANK1      0000CF
BatteryLevel@Vdd               cstackBANK1      0000CA
DelayMs@Time                   cstackBANK1      0000C6
DelayMs@a                      cstackBANK1      0000C9
DelayUs@Time                   cstackBANK1      0000C1
DelayUs@a                      cstackBANK1      0000C4
EEPROM_INIT@EEReadData         cstackBANK0      000041
EEPROMread@EEAddr              cstackBANK0      00002D
EEPROMread@ReEEPROMread        cstackBANK0      00002E
EEPROMwrite@Data               cstackBANK0      00002D
EEPROMwrite@EEAddr             cstackBANK0      00002E
GET_ADC_DATA@adcChannel        cstackBANK1      0000C9
ISR@i                          cstackBANK0      00002B
ISR@len                        cstackBANK0      000029
PL10                           maintext_split_1 001721
PL100                          text19           001F7F
PL102                          text2            000E8A
PL104                          maintext_split_2 00025E
PL106                          text2            000E98
PL108                          text2            000E9E
PL110                          maintext_split_2 00026C
PL112                          maintext_split_2 000278
PL114                          maintext_split_2 00027F
PL116                          text2            000EAB
PL118                          maintext_split_2 00028B
PL12                           text19           001EDB
PL120                          maintext_split_2 000297
PL122                          text19           001F87
PL124                          text2            000EB1
PL126                          text2            000EBD
PL128                          text19           001F8E
PL130                          text2            000EC4
PL132                          text19           001F95
PL134                          text2            000ECF
PL136                          text2            000EDA
PL138                          text19           001F9C
PL14                           text2            000E18
PL140                          maintext_split_2 00029D
PL142                          maintext_split_2 0002A6
PL144                          maintext_split_2 0002AF
PL146                          maintext_split_2 0002B8
PL148                          maintext_split_2 0002C1
PL150                          maintext_split_2 0002CA
PL152                          maintext_split_2 0002CF
PL154                          maintext_split_2 0002D8
PL156                          maintext_split_2 0002DC
PL158                          maintext_split_2 0002E0
PL16                           text19           001EE4
PL160                          text19           001FA5
PL162                          maintext_split_2 0002E8
PL164                          maintext_split_2 0002F0
PL166                          maintext_split_2 0002F8
PL168                          maintext_split_2 0002FF
PL170                          text19           001FAD
PL172                          text19           001FB4
PL174                          maintext_split_2 000306
PL176                          text19           001FBB
PL178                          maintext_split_2 00030D
PL18                           maintext_split_1 00174A
PL180                          text19           001FC2
PL182                          text2            000EE5
PL184                          text19           001FC9
PL186                          text2            000EEC
PL188                          text19           001FD0
PL190                          maintext_split_2 000314
PL192                          text2            000FFA
PL194                          text19           001FD7
PL196                          maintext_split_2 00031B
PL198                          text11           000600
PL2                            text2            000DEF
PL20                           maintext_split_1 00176F
PL200                          text2            000EF3
PL202                          maintext_split_2 000321
PL204                          text19           001FDD
PL206                          text19           001FE3
PL208                          text46           0004FB
PL210                          maintext_split_2 000327
PL212                          maintext_split_2 00032C
PL214                          maintext_split_2 000331
PL216                          text2            000EF9
PL218                          text19           001FE9
PL22                           maintext_split_1 001794
PL220                          text19           001FEE
PL222                          maintext_split_2 000336
PL224                          text19           001FF2
PL226                          text19           001FF7
PL228                          text2            000EFE
PL230                          text46           000548
PL232                          maintext_split_2 00033B
PL234                          text2            000F03
PL236                          text2            000F08
PL238                          text19           001FFB
PL24                           maintext_split_1 0017B7
PL240                          maintext_split_2 000340
PL26                           maintext_split_1 0017C3
PL28                           text19           001EEB
PL30                           maintext_split_1 0017D1
PL32                           maintext_split_1 0017F0
PL34                           maintext_split_2 0001CB
PL36                           maintext_split_2 0001D8
PL38                           maintext_split_2 0001E4
PL4                            text2            000DFF
PL40                           text19           001EF4
PL42                           maintext_split_2 0001F0
PL44                           text2            000E3E
PL46                           maintext_split_2 0001FC
PL48                           maintext_split_2 000205
PL50                           text19           001F11
PL52                           text2            000E49
PL54                           text19           001F29
PL56                           maintext_split_2 00020C
PL58                           text2            000E61
PL6                            maintext_split_1 00170A
PL60                           maintext_split_2 000224
PL62                           text19           001F30
PL64                           text2            000E67
PL66                           text19           001F38
PL68                           maintext_split_2 000232
PL70                           maintext_split_2 000245
PL72                           maintext_split_2 00024D
PL74                           text19           001F44
PL76                           text19           001F4D
PL78                           text11           0005F5
PL8                            maintext_split_1 001715
PL80                           maintext_split_2 000251
PL82                           text19           001F54
PL84                           text2            000E73
PL86                           text19           001F5B
PL88                           text19           001F62
PL90                           text2            000E7B
PL92                           text19           001F6A
PL94                           text19           001F71
PL96                           maintext_split_2 000258
PL98                           text19           001F79
_ADCMPH                        (abs)            00041B
_ADCON0                        (abs)            00009D
_ADCON1                        (abs)            00009E
_ADCON2                        (abs)            00009F
_ADCON3                        (abs)            00041A
_ADC_INITIAL                   text42           00071E
_ADDLY                         (abs)            00001F
_ADON                          (abs)            0004E8
_ADRESH                        (abs)            00009C
_ADRESL                        (abs)            00009B
_AFP0                          (abs)            00019E
_AFP1                          (abs)            00019F
_AN4SELB                       (abs)            0020D2
_ANSELA                        (abs)            000197
_BSREG                         (abs)            000008
_BTNcnt                        bssBANK5         0002AC
_BTNpressed                    bssBANK4         000266
_BTNtimer                      bssBANK4         000264
_BatteryChargingLevel          text19           001CC2
_BatteryLevel                  text19           001C77
_CFGS                          (abs)            000CAE
_CKOCON                        (abs)            000095
_DelayMs                       text19           001EB7
_DelayUs                       text19           001E7E
_EEADRL                        (abs)            000191
_EECON1                        (abs)            000195
_EECON2                        (abs)            000196
_EEDATL                        (abs)            000193
_EEIF                          (abs)            00005A
_EEPGD                         (abs)            000CAF
_EEPROM_INIT                   text19           001996
_EEPROMread                    text19           001A1D
_EEPROMwrite                   text19           001A35
_EPIE0                         (abs)            000094
_EPIF0                         (abs)            000014
_EPS0                          (abs)            000118
_EPS1                          (abs)            000119
_GET_ADC_DATA                  text19           001DA2
_GIE                           (abs)            00005F
_GO                            (abs)            0004E9
_HTOn                          bssBANK4         000262
_HTVI                          bssBANK4         000235
_HTVI_                         bssBANK4         00026A
_HTVN                          bssBANK4         000238
_HTVN_                         bssBANK4         00026C
_HTVP                          bssBANK4         00023B
_HTVP_                         bssBANK3         0001EE
_HTcnt                         bssBANK5         0002A8
_HTtimecnt                     bssBANK3         0001E5
_HTtimer                       bssBANK4         000260
_I                             bssBANK4         000232
_INIT                          text25           000760
_INTCON                        (abs)            00000B
_IO_INT_INITIAL                text24           000753
_ISR                           intentry         000004
_ITYPE0                        (abs)            00011E
_ITYPE1                        (abs)            00011F
_OP0CFG                        (abs)            000F91
_OP0CR0                        (abs)            000F8F
_OP0_INITIAL                   text23           000769
_OSCCON                        (abs)            000099
_PA0                           (abs)            000060
_PA1                           (abs)            000061
_PA6                           (abs)            000066
_PB0                           (abs)            000068
_PB2                           (abs)            00006A
_PB3                           (abs)            00006B
_PB4                           (abs)            00006C
_PB5                           (abs)            00006D
_PB7                           (abs)            00006F
_PC1                           (abs)            000071
_PCKEN                         (abs)            00009A
_PFE                           bssBANK4         00024C
_PORTA                         (abs)            00000C
_PORTB                         (abs)            00000D
_PORTC                         (abs)            00000E
_POWER_INITIAL                 text22           0006CE
_PSINK0                        (abs)            00019A
_PSINK1                        (abs)            00019B
_PSINK2                        (abs)            00019C
_PSRC0                         (abs)            00011A
_PSRC1                         (abs)            00011B
_PSRC2                         (abs)            00011C
_PTE                           bssBANK4         00024E
_PowerOn                       bssBANK4         000268
_PuffOn                        bssBANK4         00025A
_Puffcnt                       bssBANK5         0002A0
_R                             bssBANK4         00022C
_RD                            (abs)            000CA8
_RDE                           bssBANK4         000258
_SmokeOn                       bssBANK4         00025E
_Smokecnt                      bssBANK5         0002A4
_Smoketimecnt                  bssBANK0         000056
_Smoketimer                    bssBANK4         00025C
_T                             bssBANK3         0001E9
_T1                            bssBANK0         00005A
_T1E                           bssBANK4         000252
_T2                            bssBANK4         000220
_T2E                           bssBANK4         000250
_T2UIE                         (abs)            001868
_T2UIF                         (abs)            001870
_TCKSRC                        (abs)            00031F
_TIM2ARRH                      (abs)            000319
_TIM2ARRL                      (abs)            00031A
_TIM2CR1                       (abs)            00030C
_TIM2IER                       (abs)            00030D
_TIM2_INITIAL                  text21           000744
_TRISA                         (abs)            00008C
_TRISB                         (abs)            00008D
_TRISC                         (abs)            00008E
_Tm                            bssBANK4         000223
_Toffset                       bssBANK4         000229
_UART_INITIAL                  text20           00070B
_UR1DATAL                      (abs)            00048C
_UR1DLH                        (abs)            000495
_UR1DLL                        (abs)            000494
_UR1IER                        (abs)            00048E
_UR1LCR                        (abs)            00048F
_UR1MCR                        (abs)            000491
_UR1RXNE                       (abs)            002470
_UR1RXNEF                      (abs)            002490
_UR1TCF                        (abs)            0024E0
_Unlock_Flash                  text19           001ED1
_V                             bssBANK4         00022F
_WPDA                          (abs)            00020C
_WPDB                          (abs)            00020D
_WPDC                          (abs)            00020E
_WPUA                          (abs)            00018C
_WPUB                          (abs)            00018D
_WPUC                          (abs)            00018E
_WR                            (abs)            000CA9
_WREN                          (abs)            000CAA
__Habs1                        abs1             000000
__Hbank0                       bank0            000000
__Hbank1                       bank1            000000
__Hbank10                      bank10           000000
__Hbank11                      bank11           000000
__Hbank12                      bank12           000000
__Hbank13                      bank13           000000
__Hbank14                      bank14           000000
__Hbank15                      bank15           000000
__Hbank16                      bank16           000000
__Hbank17                      bank17           000000
__Hbank18                      bank18           000000
__Hbank19                      bank19           000000
__Hbank2                       bank2            000000
__Hbank20                      bank20           000000
__Hbank21                      bank21           000000
__Hbank22                      bank22           000000
__Hbank23                      bank23           000000
__Hbank24                      bank24           000000
__Hbank25                      bank25           000000
__Hbank26                      bank26           000000
__Hbank27                      bank27           000000
__Hbank28                      bank28           000000
__Hbank29                      bank29           000000
__Hbank3                       bank3            000000
__Hbank30                      bank30           000000
__Hbank31                      bank31           000000
__Hbank4                       bank4            000000
__Hbank5                       bank5            000000
__Hbank6                       bank6            000000
__Hbank7                       bank7            000000
__Hbank8                       bank8            000000
__Hbank9                       bank9            000000
__Hbigram                      bigram           000000
__HbssBANK0                    bssBANK0         000000
__HbssBANK3                    bssBANK3         000000
__HbssBANK4                    bssBANK4         000000
__HbssBANK5                    bssBANK5         000000
__Hcinit                       cinit            0001CB
__Hclrtext                     clrtext          000000
__Hcode                        code             000000
__Hcommon                      common           000000
__Hconfig                      config           000000
__HcstackBANK0                 cstackBANK0      000000
__HcstackBANK1                 cstackBANK1      000000
__HcstackBANK2                 cstackBANK2      000000
__HcstackBANK3                 cstackBANK3      000000
__HcstackBANK6                 cstackBANK6      000000
__HcstackCOMMON                cstackCOMMON     000000
__Heeprom_data                 eeprom_data      000000
__Hend_init                    end_init         0001A8
__Hfunctab                     functab          000000
__Hidloc                       idloc            000000
__Hinit                        init             0001A6
__Hintentry                    intentry         0001A6
__Hmaintext                    maintext         000000
__Hmaintext_split_1            maintext_split_1 000000
__Hmaintext_split_2            maintext_split_2 000000
__Hpa_nodes0                   pa_nodes0        000000
__Hpowerup                     powerup          000000
__Hram                         ram              000000
__Hreset_vec                   reset_vec        000002
__Hsfr0                        sfr0             000000
__Hsfr1                        sfr1             000000
__Hsfr10                       sfr10            000000
__Hsfr11                       sfr11            000000
__Hsfr12                       sfr12            000000
__Hsfr13                       sfr13            000000
__Hsfr14                       sfr14            000000
__Hsfr15                       sfr15            000000
__Hsfr16                       sfr16            000000
__Hsfr17                       sfr17            000000
__Hsfr18                       sfr18            000000
__Hsfr19                       sfr19            000000
__Hsfr2                        sfr2             000000
__Hsfr20                       sfr20            000000
__Hsfr21                       sfr21            000000
__Hsfr22                       sfr22            000000
__Hsfr23                       sfr23            000000
__Hsfr24                       sfr24            000000
__Hsfr25                       sfr25            000000
__Hsfr26                       sfr26            000000
__Hsfr27                       sfr27            000000
__Hsfr28                       sfr28            000000
__Hsfr29                       sfr29            000000
__Hsfr3                        sfr3             000000
__Hsfr30                       sfr30            000000
__Hsfr31                       sfr31            000000
__Hsfr4                        sfr4             000000
__Hsfr5                        sfr5             000000
__Hsfr6                        sfr6             000000
__Hsfr7                        sfr7             000000
__Hsfr8                        sfr8             000000
__Hsfr9                        sfr9             000000
__Hspace_0                     (abs)            0020F6
__Hspace_1                     (abs)            000370
__Hspace_2                     (abs)            000000
__Hspace_3                     (abs)            000000
__Hstack                       stack            000000
__Hstrings                     strings          000000
__Hstringtext1                 stringtext1      000000
__Hstringtext10                stringtext10     000000
__Hstringtext11                stringtext11     000000
__Hstringtext12                stringtext12     000000
__Hstringtext13                stringtext13     000000
__Hstringtext14                stringtext14     000000
__Hstringtext15                stringtext15     000000
__Hstringtext16                stringtext16     000000
__Hstringtext17                stringtext17     000000
__Hstringtext18                stringtext18     000000
__Hstringtext19                stringtext19     000000
__Hstringtext2                 stringtext2      000000
__Hstringtext20                stringtext20     000000
__Hstringtext21                stringtext21     000000
__Hstringtext22                stringtext22     000000
__Hstringtext3                 stringtext3      000000
__Hstringtext4                 stringtext4      000000
__Hstringtext5                 stringtext5      000000
__Hstringtext6                 stringtext6      000000
__Hstringtext7                 stringtext7      000000
__Hstringtext8                 stringtext8      000000
__Hstringtext9                 stringtext9      000000
__Htext                        text             000000
__Labs1                        abs1             000000
__Lbank0                       bank0            000000
__Lbank1                       bank1            000000
__Lbank10                      bank10           000000
__Lbank11                      bank11           000000
__Lbank12                      bank12           000000
__Lbank13                      bank13           000000
__Lbank14                      bank14           000000
__Lbank15                      bank15           000000
__Lbank16                      bank16           000000
__Lbank17                      bank17           000000
__Lbank18                      bank18           000000
__Lbank19                      bank19           000000
__Lbank2                       bank2            000000
__Lbank20                      bank20           000000
__Lbank21                      bank21           000000
__Lbank22                      bank22           000000
__Lbank23                      bank23           000000
__Lbank24                      bank24           000000
__Lbank25                      bank25           000000
__Lbank26                      bank26           000000
__Lbank27                      bank27           000000
__Lbank28                      bank28           000000
__Lbank29                      bank29           000000
__Lbank3                       bank3            000000
__Lbank30                      bank30           000000
__Lbank31                      bank31           000000
__Lbank4                       bank4            000000
__Lbank5                       bank5            000000
__Lbank6                       bank6            000000
__Lbank7                       bank7            000000
__Lbank8                       bank8            000000
__Lbank9                       bank9            000000
__Lbigram                      bigram           000000
__LbssBANK0                    bssBANK0         000000
__LbssBANK3                    bssBANK3         000000
__LbssBANK4                    bssBANK4         000000
__LbssBANK5                    bssBANK5         000000
__Lcinit                       cinit            0001A8
__Lclrtext                     clrtext          000000
__Lcode                        code             000000
__Lcommon                      common           000000
__Lconfig                      config           000000
__LcstackBANK0                 cstackBANK0      000000
__LcstackBANK1                 cstackBANK1      000000
__LcstackBANK2                 cstackBANK2      000000
__LcstackBANK3                 cstackBANK3      000000
__LcstackBANK6                 cstackBANK6      000000
__LcstackCOMMON                cstackCOMMON     000000
__Leeprom_data                 eeprom_data      000000
__Lend_init                    end_init         0001A6
__Lfunctab                     functab          000000
__Lidloc                       idloc            000000
__Linit                        init             0001A6
__Lintentry                    intentry         000004
__Lmaintext                    maintext         000000
__Lmaintext_split_1            maintext_split_1 000000
__Lmaintext_split_2            maintext_split_2 000000
__Lpa_nodes0                   pa_nodes0        000000
__Lpowerup                     powerup          000000
__Lram                         ram              000000
__Lreset_vec                   reset_vec        000000
__Lsfr0                        sfr0             000000
__Lsfr1                        sfr1             000000
__Lsfr10                       sfr10            000000
__Lsfr11                       sfr11            000000
__Lsfr12                       sfr12            000000
__Lsfr13                       sfr13            000000
__Lsfr14                       sfr14            000000
__Lsfr15                       sfr15            000000
__Lsfr16                       sfr16            000000
__Lsfr17                       sfr17            000000
__Lsfr18                       sfr18            000000
__Lsfr19                       sfr19            000000
__Lsfr2                        sfr2             000000
__Lsfr20                       sfr20            000000
__Lsfr21                       sfr21            000000
__Lsfr22                       sfr22            000000
__Lsfr23                       sfr23            000000
__Lsfr24                       sfr24            000000
__Lsfr25                       sfr25            000000
__Lsfr26                       sfr26            000000
__Lsfr27                       sfr27            000000
__Lsfr28                       sfr28            000000
__Lsfr29                       sfr29            000000
__Lsfr3                        sfr3             000000
__Lsfr30                       sfr30            000000
__Lsfr31                       sfr31            000000
__Lsfr4                        sfr4             000000
__Lsfr5                        sfr5             000000
__Lsfr6                        sfr6             000000
__Lsfr7                        sfr7             000000
__Lsfr8                        sfr8             000000
__Lsfr9                        sfr9             000000
__Lspace_0                     (abs)            000000
__Lspace_1                     (abs)            000000
__Lspace_2                     (abs)            000000
__Lspace_3                     (abs)            000000
__Lstack                       stack            000000
__Lstrings                     strings          000000
__Lstringtext1                 stringtext1      000000
__Lstringtext10                stringtext10     000000
__Lstringtext11                stringtext11     000000
__Lstringtext12                stringtext12     000000
__Lstringtext13                stringtext13     000000
__Lstringtext14                stringtext14     000000
__Lstringtext15                stringtext15     000000
__Lstringtext16                stringtext16     000000
__Lstringtext17                stringtext17     000000
__Lstringtext18                stringtext18     000000
__Lstringtext19                stringtext19     000000
__Lstringtext2                 stringtext2      000000
__Lstringtext20                stringtext20     000000
__Lstringtext21                stringtext21     000000
__Lstringtext22                stringtext22     000000
__Lstringtext3                 stringtext3      000000
__Lstringtext4                 stringtext4      000000
__Lstringtext5                 stringtext5      000000
__Lstringtext6                 stringtext6      000000
__Lstringtext7                 stringtext7      000000
__Lstringtext8                 stringtext8      000000
__Lstringtext9                 stringtext9      000000
__Ltext                        text             000000
__S0                           (abs)            0020F6
__S1                           (abs)            000370
__S2                           (abs)            000000
__S3                           (abs)            000000
___awdiv                       text19           001BCC
___awdiv@counter               cstackBANK0      000037
___awdiv@dividend              cstackBANK0      000035
___awdiv@divisor               cstackBANK0      000033
___awdiv@quotient              cstackBANK0      000039
___awdiv@sign                  cstackBANK0      000038
___awmod                       text19           001C0C
___awmod@counter               cstackBANK0      000031
___awmod@dividend              cstackBANK0      00002F
___awmod@divisor               cstackBANK0      00002D
___awmod@sign                  cstackBANK0      000032
___awtoft                      text19           001DBB
___awtoft@c                    cstackBANK0      00003B
___awtoft@sign                 cstackBANK0      00003E
___ftadd                       text2            000F4C
___ftadd@exp1                  cstackBANK0      00004C
___ftadd@exp2                  cstackBANK0      00004B
___ftadd@f1                    cstackBANK0      000041
___ftadd@f2                    cstackBANK0      000044
___ftadd@sign                  cstackBANK0      00004A
___ftdiv                       text19           001DD6
___ftdiv@cntr                  cstackBANK1      0000B5
___ftdiv@exp                   cstackBANK1      0000B6
___ftdiv@f1                    cstackBANK1      0000AF
___ftdiv@f2                    cstackBANK1      0000AC
___ftdiv@f3                    cstackBANK1      0000B7
___ftdiv@sign                  cstackBANK1      0000BA
___ftge                        text2            000D06
___ftge@ff1                    cstackBANK0      00003F
___ftge@ff2                    cstackBANK0      000042
___ftmul                       text19           001D34
___ftmul@cntr                  cstackBANK1      0000AA
___ftmul@exp                   cstackBANK1      0000A6
___ftmul@f1                    cstackBANK1      0000A0
___ftmul@f2                    cstackBANK1      0000A3
___ftmul@f3_as_product         cstackBANK1      0000A7
___ftmul@sign                  cstackBANK1      0000AB
___ftneg                       text2            000DCC
___ftneg@f1                    cstackBANK0      00002D
___ftpack                      text19           001E40
___ftpack@arg                  cstackBANK0      00002D
___ftpack@exp                  cstackBANK0      000030
___ftpack@sign                 cstackBANK0      000031
___ftsub                       text2            000DD4
___ftsub@f1                    cstackBANK0      000050
___ftsub@f2                    cstackBANK0      00004D
___fttol                       text2            000D68
___fttol@exp1                  cstackBANK1      0000C0
___fttol@f1                    cstackBANK1      0000B4
___fttol@lval                  cstackBANK1      0000BC
___fttol@sign1                 cstackBANK1      0000BB
___int_sp                      stack            000000
___latbits                     (abs)            000003
___lbdiv                       text19           001C45
___lbdiv@counter               cstackBANK0      000034
___lbdiv@dividend              cstackBANK0      000033
___lbdiv@divisor               cstackBANK0      000032
___lbdiv@quotient              cstackBANK0      000035
___lbmod                       text19           001C5E
___lbmod@counter               cstackBANK0      000030
___lbmod@dividend              cstackBANK0      00002F
___lbmod@divisor               cstackBANK0      00002D
___lbmod@rem                   cstackBANK0      000031
___lldiv                       text2            000F0D
___lldiv@counter               cstackBANK0      000035
___lldiv@dividend              cstackBANK0      000031
___lldiv@divisor               cstackBANK0      00002D
___lldiv@quotient              cstackBANK0      000036
___llmod                       text2            000D32
___llmod@counter               cstackBANK0      000042
___llmod@dividend              cstackBANK0      00003E
___llmod@divisor               cstackBANK0      00003A
___lltoft                      text19           001956
___lltoft@c                    cstackBANK0      000035
___lltoft@exp                  cstackBANK0      000039
___lwtoft                      text19           001946
___lwtoft@c                    cstackBANK0      000035
___sp                          stack            000000
___wmul                        text19           001BB7
___wmul@multiplicand           cstackBANK0      00003D
___wmul@multiplier             cstackBANK0      00003B
___wmul@product                cstackBANK0      00003F
__div_to_l_                    text11           00054D
__div_to_l_@cntr               cstackBANK0      00003F
__div_to_l_@exp1               cstackBANK0      000040
__div_to_l_@f1                 cstackBANK0      00002D
__div_to_l_@f2                 cstackBANK0      000030
__div_to_l_@quot               cstackBANK0      00003B
__end_ofPL10                   maintext_split_1 00174A
__end_ofPL100                  text19           001F87
__end_ofPL102                  text2            000E98
__end_ofPL104                  maintext_split_2 00026C
__end_ofPL106                  text2            000E9E
__end_ofPL108                  text2            000EAB
__end_ofPL110                  maintext_split_2 000278
__end_ofPL112                  maintext_split_2 00027F
__end_ofPL114                  maintext_split_2 00028B
__end_ofPL116                  text2            000EB1
__end_ofPL118                  maintext_split_2 000297
__end_ofPL12                   text19           001EE4
__end_ofPL120                  maintext_split_2 00029D
__end_ofPL122                  text19           001F8E
__end_ofPL124                  text2            000EBD
__end_ofPL126                  text2            000EC4
__end_ofPL128                  text19           001F95
__end_ofPL130                  text2            000ECF
__end_ofPL132                  text19           001F9C
__end_ofPL134                  text2            000EDA
__end_ofPL136                  text2            000EE5
__end_ofPL138                  text19           001FA5
__end_ofPL14                   text2            000E3E
__end_ofPL140                  maintext_split_2 0002A6
__end_ofPL142                  maintext_split_2 0002AF
__end_ofPL144                  maintext_split_2 0002B8
__end_ofPL146                  maintext_split_2 0002C1
__end_ofPL148                  maintext_split_2 0002CA
__end_ofPL150                  maintext_split_2 0002CF
__end_ofPL152                  maintext_split_2 0002D8
__end_ofPL154                  maintext_split_2 0002DC
__end_ofPL156                  maintext_split_2 0002E0
__end_ofPL158                  maintext_split_2 0002E8
__end_ofPL16                   text19           001EEB
__end_ofPL160                  text19           001FAD
__end_ofPL162                  maintext_split_2 0002F0
__end_ofPL164                  maintext_split_2 0002F8
__end_ofPL166                  maintext_split_2 0002FF
__end_ofPL168                  maintext_split_2 000306
__end_ofPL170                  text19           001FB4
__end_ofPL172                  text19           001FBB
__end_ofPL174                  maintext_split_2 00030D
__end_ofPL176                  text19           001FC2
__end_ofPL178                  maintext_split_2 000314
__end_ofPL18                   maintext_split_1 00176F
__end_ofPL180                  text19           001FC9
__end_ofPL182                  text2            000EEC
__end_ofPL184                  text19           001FD0
__end_ofPL186                  text2            000EF3
__end_ofPL188                  text19           001FD7
__end_ofPL190                  maintext_split_2 00031B
__end_ofPL192                  text2            001000
__end_ofPL194                  text19           001FDD
__end_ofPL196                  maintext_split_2 000321
__end_ofPL198                  text11           000606
__end_ofPL2                    text2            000DFF
__end_ofPL20                   maintext_split_1 001794
__end_ofPL200                  text2            000EF9
__end_ofPL202                  maintext_split_2 000327
__end_ofPL204                  text19           001FE3
__end_ofPL206                  text19           001FE9
__end_ofPL208                  text46           000501
__end_ofPL210                  maintext_split_2 00032C
__end_ofPL212                  maintext_split_2 000331
__end_ofPL214                  maintext_split_2 000336
__end_ofPL216                  text2            000EFE
__end_ofPL218                  text19           001FEE
__end_ofPL22                   maintext_split_1 0017B7
__end_ofPL220                  text19           001FF2
__end_ofPL222                  maintext_split_2 00033B
__end_ofPL224                  text19           001FF7
__end_ofPL226                  text19           001FFB
__end_ofPL228                  text2            000F03
__end_ofPL230                  text46           00054D
__end_ofPL232                  maintext_split_2 000340
__end_ofPL234                  text2            000F08
__end_ofPL236                  text2            000F0D
__end_ofPL238                  text19           002000
__end_ofPL24                   maintext_split_1 0017C3
__end_ofPL240                  maintext_split_2 000345
__end_ofPL26                   maintext_split_1 0017D1
__end_ofPL28                   text19           001EF4
__end_ofPL30                   maintext_split_1 0017F0
__end_ofPL32                   maintext_split_2 0001CB
__end_ofPL34                   maintext_split_2 0001D8
__end_ofPL36                   maintext_split_2 0001E4
__end_ofPL38                   maintext_split_2 0001F0
__end_ofPL4                    text2            000E18
__end_ofPL40                   text19           001F11
__end_ofPL42                   maintext_split_2 0001FC
__end_ofPL44                   text2            000E49
__end_ofPL46                   maintext_split_2 000205
__end_ofPL48                   maintext_split_2 00020C
__end_ofPL50                   text19           001F29
__end_ofPL52                   text2            000E61
__end_ofPL54                   text19           001F30
__end_ofPL56                   maintext_split_2 000224
__end_ofPL58                   text2            000E67
__end_ofPL6                    maintext_split_1 001715
__end_ofPL60                   maintext_split_2 000232
__end_ofPL62                   text19           001F38
__end_ofPL64                   text2            000E73
__end_ofPL66                   text19           001F44
__end_ofPL68                   maintext_split_2 000245
__end_ofPL70                   maintext_split_2 00024D
__end_ofPL72                   maintext_split_2 000251
__end_ofPL74                   text19           001F4D
__end_ofPL76                   text19           001F54
__end_ofPL78                   text11           000600
__end_ofPL8                    maintext_split_1 001721
__end_ofPL80                   maintext_split_2 000258
__end_ofPL82                   text19           001F5B
__end_ofPL84                   text2            000E7B
__end_ofPL86                   text19           001F62
__end_ofPL88                   text19           001F6A
__end_ofPL90                   text2            000E8A
__end_ofPL92                   text19           001F71
__end_ofPL94                   text19           001F79
__end_ofPL96                   maintext_split_2 00025E
__end_ofPL98                   text19           001F7F
__end_of_ADC_INITIAL           text42           000731
__end_of_BatteryChargingLevel  text19           001D34
__end_of_BatteryLevel          text19           001CC2
__end_of_DelayMs               text19           001ED1
__end_of_DelayUs               text19           001EB7
__end_of_EEPROM_INIT           text19           001A1D
__end_of_EEPROMread            text19           001A35
__end_of_EEPROMwrite           text19           001A54
__end_of_GET_ADC_DATA          text19           001DBB
__end_of_INIT                  text25           000769
__end_of_IO_INT_INITIAL        text24           000760
__end_of_ISR                   intentry         0001A6
__end_of_OP0_INITIAL           text23           000771
__end_of_POWER_INITIAL         text22           0006F5
__end_of_TIM2_INITIAL          text21           000753
__end_of_UART_INITIAL          text20           00071E
__end_of_Unlock_Flash          text19           001EDB
__end_of___awdiv               text19           001C0C
__end_of___awmod               text19           001C45
__end_of___awtoft              text19           001DD6
__end_of___ftadd               text2            000FFA
__end_of___ftdiv               text19           001E40
__end_of___ftge                text2            000D32
__end_of___ftmul               text19           001DA2
__end_of___ftneg               text2            000DD4
__end_of___ftpack              text19           001E7E
__end_of___ftsub               text2            000DEF
__end_of___fttol               text2            000DBD
__end_of___lbdiv               text19           001C5E
__end_of___lbmod               text19           001C77
__end_of___lldiv               text2            000F4C
__end_of___llmod               text2            000D68
__end_of___lltoft              text19           001973
__end_of___lwtoft              text19           001956
__end_of___wmul                text19           001BCC
__end_of__div_to_l_            text11           0005F5
__end_of__initialization       cinit            0001C7
__end_of__npowers_             stringtext2      002090
__end_of__powers_              stringtext1      002069
__end_of__tdiv_to_l_           text10           000675
__end_of_charArrayToInt        text46           000533
__end_of_dpowers               stringtext3      002028
__end_of_fround                text19           001ADC
__end_of_isdigit               text2            000DCC
__end_of_main                  maintext_split_1 00170A
__end_of_memset                text50           000744
__end_of_scale                 text19           001BB7
__end_of_send                  text19           001996
__end_of_sprintf               text2            000D06
__end_of_strchr                text46           0004BA
__end_of_strlen                text1            00070B
__end_of_strncmp               text46           0004E5
__end_of_strstr                text46           0004A6
__end_ofi1___awtoft            text44           000690
__end_ofi1___ftpack            text44           0006CE
__end_ofi1___wmul              text46           000548
__end_ofi1_strlen              text46           0004FB
__initialization               cinit            0001A8
__npowers_                     stringtext2      002069
__pbssBANK0                    bssBANK0         000056
__pbssBANK3                    bssBANK3         0001E5
__pbssBANK4                    bssBANK4         000220
__pbssBANK5                    bssBANK5         0002A0
__pcstackBANK0                 cstackBANK0      000020
__pcstackBANK1                 cstackBANK1      0000A0
__pcstackBANK2                 cstackBANK2      000120
__pcstackBANK3                 cstackBANK3      0001A0
__pcstackBANK6                 cstackBANK6      000320
__pcstackCOMMON                cstackCOMMON     000070
__pintentry                    intentry         000004
__pmaintext                    maintext         000345
__powers_                      stringtext1      002042
__pstringtext1                 stringtext1      002042
__pstringtext10                stringtext10     0020C1
__pstringtext11                stringtext11     0020C6
__pstringtext12                stringtext12     0020CB
__pstringtext13                stringtext13     0020D0
__pstringtext14                stringtext14     0020D5
__pstringtext15                stringtext15     0020DA
__pstringtext16                stringtext16     0020DE
__pstringtext17                stringtext17     0020E2
__pstringtext18                stringtext18     0020E6
__pstringtext19                stringtext19     0020EA
__pstringtext2                 stringtext2      002069
__pstringtext20                stringtext20     0020EE
__pstringtext21                stringtext21     0020F2
__pstringtext22                stringtext22     000000
__pstringtext3                 stringtext3      002000
__pstringtext4                 stringtext4      002090
__pstringtext5                 stringtext5      00209C
__pstringtext6                 stringtext6      0020A6
__pstringtext7                 stringtext7      0020AF
__pstringtext8                 stringtext8      0020B7
__pstringtext9                 stringtext9      0020BC
__ptext1                       text1            0006F5
__ptext10                      text10           000606
__ptext11                      text11           00054D
__ptext12                      text19           001956
__ptext13                      text2            000D32
__ptext14                      text2            000F0D
__ptext15                      text2            000DD4
__ptext16                      text2            000F4C
__ptext17                      text2            000DCC
__ptext18                      text19           001973
__ptext19                      text19           001946
__ptext2                       text2            000834
__ptext20                      text20           00070B
__ptext21                      text21           000744
__ptext22                      text22           0006CE
__ptext23                      text23           000769
__ptext24                      text24           000753
__ptext25                      text25           000760
__ptext26                      text19           001996
__ptext27                      text19           001A35
__ptext28                      text19           001ED1
__ptext29                      text19           001A1D
__ptext3                       text19           001ADC
__ptext30                      text19           001C77
__ptext31                      text19           001CC2
__ptext32                      text2            000D06
__ptext33                      text19           001DD6
__ptext34                      text19           001DA2
__ptext35                      text19           001EB7
__ptext36                      text19           001E7E
__ptext37                      text2            000D68
__ptext38                      text19           001D34
__ptext39                      text19           001DBB
__ptext4                       text19           001C0C
__ptext40                      text19           001E40
__ptext41                      text19           001BCC
__ptext42                      text42           00071E
__ptext44                      text44           000675
__ptext45                      text44           000690
__ptext46                      text46           000478
__ptext47                      text46           0004E5
__ptext48                      text46           0004BA
__ptext49                      text46           0004A6
__ptext5                       text2            000DBD
__ptext50                      text50           000731
__ptext51                      text46           000501
__ptext52                      text46           000533
__ptext6                       text19           001A54
__ptext7                       text19           001BB7
__ptext8                       text19           001C5E
__ptext9                       text19           001C45
__size_of_ADC_INITIAL          (abs)            000000
__size_of_BatteryChargingLevel (abs)            000000
__size_of_BatteryLevel         (abs)            000000
__size_of_DelayMs              (abs)            000000
__size_of_DelayUs              (abs)            000000
__size_of_EEPROM_INIT          (abs)            000000
__size_of_EEPROMread           (abs)            000000
__size_of_EEPROMwrite          (abs)            000000
__size_of_GET_ADC_DATA         (abs)            000000
__size_of_INIT                 (abs)            000000
__size_of_IO_INT_INITIAL       (abs)            000000
__size_of_ISR                  (abs)            000000
__size_of_OP0_INITIAL          (abs)            000000
__size_of_POWER_INITIAL        (abs)            000000
__size_of_TIM2_INITIAL         (abs)            000000
__size_of_UART_INITIAL         (abs)            000000
__size_of_Unlock_Flash         (abs)            000000
__size_of___awdiv              (abs)            000000
__size_of___awmod              (abs)            000000
__size_of___awtoft             (abs)            000000
__size_of___ftadd              (abs)            000000
__size_of___ftdiv              (abs)            000000
__size_of___ftge               (abs)            000000
__size_of___ftmul              (abs)            000000
__size_of___ftneg              (abs)            000000
__size_of___ftpack             (abs)            000000
__size_of___ftsub              (abs)            000000
__size_of___fttol              (abs)            000000
__size_of___lbdiv              (abs)            000000
__size_of___lbmod              (abs)            000000
__size_of___lldiv              (abs)            000000
__size_of___llmod              (abs)            000000
__size_of___lltoft             (abs)            000000
__size_of___lwtoft             (abs)            000000
__size_of___wmul               (abs)            000000
__size_of__div_to_l_           (abs)            000000
__size_of__tdiv_to_l_          (abs)            000000
__size_of_charArrayToInt       (abs)            000000
__size_of_fround               (abs)            000000
__size_of_isdigit              (abs)            000000
__size_of_main                 (abs)            000000
__size_of_memset               (abs)            000000
__size_of_scale                (abs)            000000
__size_of_send                 (abs)            000000
__size_of_sprintf              (abs)            000000
__size_of_strchr               (abs)            000000
__size_of_strlen               (abs)            000000
__size_of_strncmp              (abs)            000000
__size_of_strstr               (abs)            000000
__size_ofi1___awtoft           (abs)            000000
__size_ofi1___ftpack           (abs)            000000
__size_ofi1___wmul             (abs)            000000
__size_ofi1_strlen             (abs)            000000
__tdiv_to_l_                   text10           000606
__tdiv_to_l_@cntr              cstackBANK0      00003A
__tdiv_to_l_@exp1              cstackBANK0      00003B
__tdiv_to_l_@f1                cstackBANK0      00002D
__tdiv_to_l_@f2                cstackBANK0      000030
__tdiv_to_l_@quot              cstackBANK0      000036
_bat                           bssBANK0         00005D
_charArrayToInt                text46           000501
_command                       bssBANK5         0002BC
_diffT                         bssBANK0         000060
_dpowers                       stringtext3      002000
_fround                        text19           001A54
_fround$4140                   cstackBANK1      0000B3
_fround$4141                   cstackBANK1      0000B0
_isdigit                       text2            000DBD
_isdigit$3899                  cstackBANK0      00002D
_m                             bssBANK4         000226
_main                          maintext         000345
_main$4138                     cstackBANK3      0001E2
_main$4139                     cstackBANK3      0001D3
_memset                        text50           000731
_n                             bssBANK4         00026E
_pf                            bssBANK4         000240
_pt                            bssBANK4         00023E
_scale                         text19           001ADC
_scale$4142                    cstackBANK1      0000B0
_send                          text19           001973
_sprintf                       text2            000834
_sprintf$4143                  cstackBANK2      000120
_strchr                        text46           0004A6
_strlen                        text1            0006F5
_strncmp                       text46           0004BA
_strstr                        text46           000478
_t1                            bssBANK3         0001EC
_t1E                           bssBANK4         000256
_t2                            bssBANK4         000242
_t2E                           bssBANK4         000254
_timeleft                      bssBANK4         00024A
_timeleft1                     bssBANK4         000248
_timeleft2                     bssBANK4         000246
_timeleft3                     bssBANK4         000244
_timenow                       bssBANK5         0002B0
_valc                          bssBANK5         0002B2
btemp                          (abs)            00007E
charArrayToInt@arr             cstackBANK0      000024
charArrayToInt@i               cstackBANK0      000022
charArrayToInt@res             cstackBANK0      000020
clear_ram0                     clrtext          000771
end_of_initialization          cinit            0001C7
fround@prec                    cstackBANK1      0000B6
i1___awtoft                    text44           000675
i1___awtoft@c                  cstackBANK0      000025
i1___awtoft@sign               cstackCOMMON     00007D
i1___ftpack                    text44           000690
i1___ftpack@arg                cstackCOMMON     000070
i1___ftpack@exp                cstackCOMMON     000073
i1___ftpack@sign               cstackCOMMON     000074
i1___wmul                      text46           000533
i1___wmul@multiplicand         cstackCOMMON     000072
i1___wmul@multiplier           cstackCOMMON     000070
i1___wmul@product              cstackCOMMON     000074
i1_strlen                      text46           0004E5
i1strlen@cp                    cstackCOMMON     000073
i1strlen@s                     cstackCOMMON     000070
int$flags                      (abs)            00007E
intlevel0                      functab          000000
intlevel1                      functab          000000
intlevel2                      functab          000000
intlevel3                      functab          000000
intlevel4                      functab          000000
intlevel5                      functab          000000
isdigit@c                      cstackBANK0      00002E
main@data                      cstackBANK3      0001CF
main@dataH                     cstackBANK3      0001C8
main@dataH_3697                cstackBANK3      0001CA
main@dataH_3700                cstackBANK3      0001CC
main@dataL                     cstackBANK2      00013A
main@dataL_3693                cstackBANK2      00013B
main@dataL_3696                cstackBANK3      0001C9
main@dataL_3699                cstackBANK3      0001CB
main@dataL_3701                cstackBANK3      0001CD
main@dataL_3702                cstackBANK3      0001CE
main@data_3698                 cstackBANK3      0001D1
main@i                         cstackBANK3      0001D6
main@i_3671                    cstackBANK3      0001D8
main@i_3672                    cstackBANK3      0001DA
main@i_3680                    cstackBANK3      0001DC
main@i_3681                    cstackBANK3      0001DE
main@i_3682                    cstackBANK3      0001E0
main@msg                       cstackBANK3      0001A0
main@msg_3675                  cstackBANK3      0001AA
main@msg_3683                  cstackBANK3      0001B4
main@msg_3686                  cstackBANK3      0001BE
main@msg_3690                  cstackBANK6      000320
main@puffno                    cstackBANK2      000138
memset@c                       cstackCOMMON     000070
memset@n                       cstackCOMMON     000072
memset@p                       cstackCOMMON     000074
memset@p1                      cstackCOMMON     000075
pnum$maintext                  (abs)            000024
pnum$maintext_split_1          (abs)            00005A
pnum$maintext_split_2          (abs)            00005B
psplit$0                       (abs)            24005A
psplit$1                       (abs)            5A005B
reset_vec                      reset_vec        000000
scale@scl                      cstackBANK1      0000B3
send@i                         cstackBANK1      0000D0
send@len                       cstackBANK1      0000CD
send@tbuf                      cstackBANK1      0000CB
sprintf@ap                     cstackBANK2      000123
sprintf@c                      cstackBANK2      000137
sprintf@exp                    cstackBANK2      00012E
sprintf@f                      cstackBANK1      0000C3
sprintf@flag                   cstackBANK2      00012C
[...]
      Temps:          0       0       0       0       0       0       0       0       0       0       0       0       0       0
      Totals:         3       0       0       0       0       0       0       0       0       0       0       0       0       0
Total ram usage:        3 bytes
 Hardware stack levels used:    1
 This function calls:
		Nothing
 This function is called by:
		_strstr
 This function uses a non-reentrant model


 *************** function _memset *****************
 Defined at:
		line 8 in file "C:\Embeded Project\FT64F0A5-TRB\YSQ-NFB\reference\fmd\FMD-MCU-IDE\FMDIDEV3.0.6\data\sources\common\memset.c"
 Parameters:    Size  Location     Type
  p1              1    wreg     PTR void 
		 -> valc(10), command(10), 
  c               2    0[COMMON] int 
  n               2    2[COMMON] unsigned int 
 Auto vars:     Size  Location     Type
  p1              1    5[COMMON] PTR void 
		 -> valc(10), command(10), 
  p               1    4[COMMON] PTR unsigned char 
		 -> valc(10), command(10), 
 Return value:  Size  Location     Type
                  1    wreg      PTR void 
 Registers used:
		wreg, fsr1l, fsr1h, status,2, status,0
 Tracked objects:
		On entry : 
		On exit  : 
		Unchanged: 
 Data sizes:     COMMON   BANK0   BANK1   BANK2   BANK3   BANK4   BANK5   BANK6   BANK7   BANK8   BANK9  BANK10  BANK11  BANK12
      Params:         4       0       0       0       0       0       0       0       0       0       0       0       0       0
      Locals:         2       0       0       0       0       0       0       0       0       0       0       0       0       0
      Temps:          0       0       0       0       0       0       0       0       0       0       0       0       0       0
      Totals:         6       0       0       0       0       0       0       0       0       0       0       0       0       0
Total ram usage:        6 bytes
 Hardware stack levels used:    1
 This function calls:
		Nothing
 This function is called by:
		_ISR
 This function uses a non-reentrant model


 *************** function _charArrayToInt *****************
 Defined at:
		line 47 in file "NFB.C"
 Parameters:    Size  Location     Type
  arr             1    wreg     PTR unsigned char 
		 -> valc(10), 
 Auto vars:     Size  Location     Type
  arr             1    4[BANK0 ] PTR unsigned char 
		 -> valc(10), 
  i               2    2[BANK0 ] int 
  res             2    0[BANK0 ] int 
 Return value:  Size  Location     Type
                  2    6[COMMON] int 
 Registers used:
		wreg, fsr1l, fsr1h, status,2, status,0, pclath, cstack
 Tracked objects:
		On entry : 
		On exit  : 
		Unchanged: 
 Data sizes:     COMMON   BANK0   BANK1   BANK2   BANK3   BANK4   BANK5   BANK6   BANK7   BANK8   BANK9  BANK10  BANK11  BANK12
      Params:         2       0       0       0       0       0       0       0       0       0       0       0       0       0
      Locals:         0       5       0       0       0       0       0       0       0       0       0       0       0       0
      Temps:          5       0       0       0       0       0       0       0       0       0       0       0       0       0
      Totals:         7       5       0       0       0       0       0       0       0       0       0       0       0       0
Total ram usage:       12 bytes
 Hardware stack levels used:    1
 Hardware stack levels required when called:    1
 This function calls:
		i1___wmul
 This function is called by:
		_ISR
 This function uses a non-reentrant model


 *************** function i1___wmul *****************
 Defined at:
		line 15 in file "C:\Embeded Project\FT64F0A5-TRB\YSQ-NFB\reference\fmd\FMD-MCU-IDE\FMDIDEV3.0.6\data\sources\common\Umul16.c"
 Parameters:    Size  Location     Type
  multiplier      2    0[COMMON] unsigned int 
  multiplicand    2    2[COMMON] unsigned int 
 Auto vars:     Size  Location     Type
  __wmul          2    4[COMMON] unsigned int 
 Return value:  Size  Location     Type
                  2    0[COMMON] unsigned int 
 Registers used:
		wreg, status,2, status,0
 Tracked objects:
		On entry : 
		On exit  : 
		Unchanged: 
 Data sizes:     COMMON   BANK0   BANK1   BANK2   BANK3   BANK4   BANK5   BANK6   BANK7   BANK8   BANK9  BANK10  BANK11  BANK12
      Params:         4       0       0       0       0       0       0       0       0       0       0       0       0       0
      Locals:         2       0       0       0       0       0       0       0       0       0       0       0       0       0
      Temps:          0       0       0       0       0       0       0       0       0       0       0       0       0       0
      Totals:         6       0       0       0       0       0       0       0       0       0       0       0       0       0
Total ram usage:        6 bytes
 Hardware stack levels used:    1
 This function calls:
		Nothing
 This function is called by:
		_charArrayToInt
 This function uses a non-reentrant model



MODULE INFORMATION

Module		Function		Class		Link	Load	Size
C:\Embeded Project\FT64F0A5-TRB\YSQ-NFB\reference\fmd\FMD-MCU-IDE\FMDIDEV3.0.6\data\sources\common\awmod.c
		___awmod       		CODE           	1C0C	0000	58

C:\Embeded Project\FT64F0A5-TRB\YSQ-NFB\reference\fmd\FMD-MCU-IDE\FMDIDEV3.0.6\data\sources\common\awmod.c estimated size: 58

C:\Embeded Project\FT64F0A5-TRB\YSQ-NFB\reference\fmd\FMD-MCU-IDE\FMDIDEV3.0.6\data\sources\common\llmod.c
		___llmod       		CODE           	0D32	0000	55

C:\Embeded Project\FT64F0A5-TRB\YSQ-NFB\reference\fmd\FMD-MCU-IDE\FMDIDEV3.0.6\data\sources\common\llmod.c estimated size: 55

C:\Embeded Project\FT64F0A5-TRB\YSQ-NFB\reference\fmd\FMD-MCU-IDE\FMDIDEV3.0.6\data\sources\common\lwtoft.c
		___lwtoft      		CODE           	1946	0000	17

C:\Embeded Project\FT64F0A5-TRB\YSQ-NFB\reference\fmd\FMD-MCU-IDE\FMDIDEV3.0.6\data\sources\common\lwtoft.c estimated size: 17

C:\Embeded Project\FT64F0A5-TRB\YSQ-NFB\reference\fmd\FMD-MCU-IDE\FMDIDEV3.0.6\data\sources\common\lltoft.c
		___lltoft      		CODE           	1956	0000	30

C:\Embeded Project\FT64F0A5-TRB\YSQ-NFB\reference\fmd\FMD-MCU-IDE\FMDIDEV3.0.6\data\sources\common\lltoft.c estimated size: 30

C:\Embeded Project\FT64F0A5-TRB\YSQ-NFB\reference\fmd\FMD-MCU-IDE\FMDIDEV3.0.6\data\sources\common\ftmul.c
		___ftmul       		CODE           	1D34	0000	111

C:\Embeded Project\FT64F0A5-TRB\YSQ-NFB\reference\fmd\FMD-MCU-IDE\FMDIDEV3.0.6\data\sources\common\ftmul.c estimated size: 111

C:\Embeded Project\FT64F0A5-TRB\YSQ-NFB\reference\fmd\FMD-MCU-IDE\FMDIDEV3.0.6\data\sources\common\ftdiv.c
		___ftdiv       		CODE           	1DD6	0000	107

C:\Embeded Project\FT64F0A5-TRB\YSQ-NFB\reference\fmd\FMD-MCU-IDE\FMDIDEV3.0.6\data\sources\common\ftdiv.c estimated size: 107

C:\Embeded Project\FT64F0A5-TRB\YSQ-NFB\reference\fmd\FMD-MCU-IDE\FMDIDEV3.0.6\data\sources\common\doprnt.c
		_scale         		CODE           	1ADC	0000	220
		_sprintf       		CODE           	0834	0000	1235
		_fround        		CODE           	1A54	0000	137

C:\Embeded Project\FT64F0A5-TRB\YSQ-NFB\reference\fmd\FMD-MCU-IDE\FMDIDEV3.0.6\data\sources\common\doprnt.c estimated size: 1592

C:\Embeded Project\FT64F0A5-TRB\YSQ-NFB\reference\fmd\FMD-MCU-IDE\FMDIDEV3.0.6\data\sources\common\isdigit.c
		_isdigit       		CODE           	0DBD	0000	16

C:\Embeded Project\FT64F0A5-TRB\YSQ-NFB\reference\fmd\FMD-MCU-IDE\FMDIDEV3.0.6\data\sources\common\isdigit.c estimated size: 16

C:\Embeded Project\FT64F0A5-TRB\YSQ-NFB\reference\fmd\FMD-MCU-IDE\FMDIDEV3.0.6\data\sources\common\ftdivl.c
		__tdiv_to_l_   		CODE           	0606	0000	112

C:\Embeded Project\FT64F0A5-TRB\YSQ-NFB\reference\fmd\FMD-MCU-IDE\FMDIDEV3.0.6\data\sources\common\ftdivl.c estimated size: 112

C:\Embeded Project\FT64F0A5-TRB\YSQ-NFB\reference\fmd\FMD-MCU-IDE\FMDIDEV3.0.6\data\sources\common\awdiv.c
		___awdiv       		CODE           	1BCC	0000	65

C:\Embeded Project\FT64F0A5-TRB\YSQ-NFB\reference\fmd\FMD-MCU-IDE\FMDIDEV3.0.6\data\sources\common\awdiv.c estimated size: 65

C:\Embeded Project\FT64F0A5-TRB\YSQ-NFB\reference\fmd\FMD-MCU-IDE\FMDIDEV3.0.6\data\sources\common\strstr.c
		_strstr        		CODE           	0478	0000	47

C:\Embeded Project\FT64F0A5-TRB\YSQ-NFB\reference\fmd\FMD-MCU-IDE\FMDIDEV3.0.6\data\sources\common\strstr.c estimated size: 47

C:\Embeded Project\FT64F0A5-TRB\YSQ-NFB\reference\fmd\FMD-MCU-IDE\FMDIDEV3.0.6\data\sources\common\Umul16.c
		___wmul        		CODE           	1BB7	0000	22

C:\Embeded Project\FT64F0A5-TRB\YSQ-NFB\reference\fmd\FMD-MCU-IDE\FMDIDEV3.0.6\data\sources\common\Umul16.c estimated size: 22

C:\Embeded Project\FT64F0A5-TRB\YSQ-NFB\reference\fmd\FMD-MCU-IDE\FMDIDEV3.0.6\data\sources\common\lbmod.c
		___lbmod       		CODE           	1C5E	0000	26

C:\Embeded Project\FT64F0A5-TRB\YSQ-NFB\reference\fmd\FMD-MCU-IDE\FMDIDEV3.0.6\data\sources\common\lbmod.c estimated size: 26

NFB.C
		_DelayUs       		CODE           	1E7E	0000	58
		_ISR           		CODE           	0004	0000	419
		_EEPROM_INIT   		CODE           	1996	0000	136
		_UART_INITIAL  		CODE           	070B	0000	20
		_main          		CODE           	0345	0000	1894
		_EEPROMread    		CODE           	1A1D	0000	25
		_TIM2_INITIAL  		CODE           	0744	0000	16
		_DelayMs       		CODE           	1EB7	0000	27
		_POWER_INITIAL 		CODE           	06CE	0000	40
		_charArrayToInt		CODE           	0501	0000	51
		_OP0_INITIAL   		CODE           	0769	0000	9
		_BatteryLevel  		CODE           	1C77	0000	76
		_EEPROMwrite   		CODE           	1A35	0000	32
		_IO_INT_INITIAL		CODE           	0753	0000	14
		_Unlock_Flash  		CODE           	1ED1	0000	11
		_send          		CODE           	1973	0000	36
		_GET_ADC_DATA  		CODE           	1DA2	0000	26
		_BatteryChargingLevel		CODE           	1CC2	0000	115
		_INIT          		CODE           	0760	0000	10
		_ADC_INITIAL   		CODE           	071E	0000	20

NFB.C estimated size: 3035

C:\Embeded Project\FT64F0A5-TRB\YSQ-NFB\reference\fmd\FMD-MCU-IDE\FMDIDEV3.0.6\data\sources\common\lldiv.c
		___lldiv       		CODE           	0F0D	0000	64

C:\Embeded Project\FT64F0A5-TRB\YSQ-NFB\reference\fmd\FMD-MCU-IDE\FMDIDEV3.0.6\data\sources\common\lldiv.c estimated size: 64

C:\Embeded Project\FT64F0A5-TRB\YSQ-NFB\reference\fmd\FMD-MCU-IDE\FMDIDEV3.0.6\data\sources\common\fttol.c
		___fttol       		CODE           	0D68	0000	86

C:\Embeded Project\FT64F0A5-TRB\YSQ-NFB\reference\fmd\FMD-MCU-IDE\FMDIDEV3.0.6\data\sources\common\fttol.c estimated size: 86

shared
		PL12           		CODE           	1EDB	0000	10
		PL50           		CODE           	1F11	0000	25
		PL8            		CODE           	1715	0000	13
		PL22           		CODE           	1794	0000	36
		PL60           		CODE           	0224	0000	15
		PL178          		CODE           	030D	0000	8
		PL100          		CODE           	1F7F	0000	9
		PL32           		CODE           	17F0	0000	17
		PL70           		CODE           	0245	0000	9
		PL200          		CODE           	0EF3	0000	7
		PL42           		CODE           	01F0	0000	13
		PL80           		CODE           	0251	0000	8
		PL188          		CODE           	1FD0	0000	8
		PL110          		CODE           	026C	0000	13
		PL14           		CODE           	0E18	0000	39
		PL52           		CODE           	0E49	0000	25
		PL90           		CODE           	0E7B	0000	16
		PL210          		CODE           	0327	0000	6
		PL24           		CODE           	17B7	0000	13
		PL62           		CODE           	1F30	0000	9
		PL198          		CODE           	0600	0000	7
		PL120          		CODE           	0297	0000	7
		PL34           		CODE           	01CB	0000	14
		PL72           		CODE           	024D	0000	5
		PL220          		CODE           	1FEE	0000	5
		PL44           		CODE           	0E3E	0000	12
		PL82           		CODE           	1F54	0000	8
		PL130          		CODE           	0EC4	0000	12
		PL16           		CODE           	1EE4	0000	8
		PL54           		CODE           	1F29	0000	8
		PL92           		CODE           	1F6A	0000	8
		PL230          		CODE           	0548	0000	6
		PL26           		CODE           	17C3	0000	15
		PL64           		CODE           	0E67	0000	13
		__powers_      		STRCODE        	2042	0000	40
		PL102          		CODE           	0E8A	0000	15
		PL140          		CODE           	029D	0000	10
		PL36           		CODE           	01D8	0000	13
		PL74           		CODE           	1F44	0000	10
		PL202          		CODE           	0321	0000	7
		PL240          		CODE           	0340	0000	6
		PL46           		CODE           	01FC	0000	10
		PL84           		CODE           	0E73	0000	9
		_dpowers       		STRCODE        	2000	0000	41
		PL112          		CODE           	0278	0000	8
		PL150          		CODE           	02CA	0000	6
		PL18           		CODE           	174A	0000	38
		PL56           		CODE           	020C	0000	25
		PL94           		CODE           	1F71	0000	9
		PL212          		CODE           	032C	0000	6
		PL28           		CODE           	1EEB	0000	10
		PL66           		CODE           	1F38	0000	13
		PL122          		CODE           	1F87	0000	8
		PL160          		CODE           	1FA5	0000	9
		PL38           		CODE           	01E4	0000	13
		PL76           		CODE           	1F4D	0000	8
		PL222          		CODE           	0336	0000	6
		PL48           		CODE           	0205	0000	8
		PL86           		CODE           	1F5B	0000	8
		PL132          		CODE           	1F95	0000	8
		PL170          		CODE           	1FAD	0000	8
		PL58           		CODE           	0E61	0000	7
		PL96           		CODE           	0258	0000	7
		PL232          		CODE           	033B	0000	6
		PL68           		CODE           	0232	0000	20
		i1___awtoft    		CODE           	0675	0000	28
		PL104          		CODE           	025E	0000	15
		PL142          		CODE           	02A6	0000	10
		PL180          		CODE           	1FC2	0000	8
		PL78           		CODE           	05F5	0000	12
		i1___wmul      		CODE           	0533	0000	22
		PL204          		CODE           	1FDD	0000	7
		PL88           		CODE           	1F62	0000	9
		PL114          		CODE           	027F	0000	13
		PL152          		CODE           	02CF	0000	10
		PL190          		CODE           	0314	0000	8
		PL98           		CODE           	1F79	0000	7
		PL214          		CODE           	0331	0000	6
		i1___ftpack    		CODE           	0690	0000	63
		__npowers_     		STRCODE        	2069	0000	40
		PL124          		CODE           	0EB1	0000	13
		PL162          		CODE           	02E8	0000	9
		__initialization		CODE           	01A8	0000	32
		PL224          		CODE           	1FF2	0000	6
		PL134          		CODE           	0ECF	0000	12
		PL172          		CODE           	1FB4	0000	8
		PL234          		CODE           	0F03	0000	6
		PL106          		CODE           	0E98	0000	7
		PL144          		CODE           	02AF	0000	10
		PL182          		CODE           	0EE5	0000	8
		PL206          		CODE           	1FE3	0000	7
		PL116          		CODE           	0EAB	0000	7
		PL154          		CODE           	02D8	0000	5
		PL192          		CODE           	0FFA	0000	7
		PL216          		CODE           	0EF9	0000	6
		PL126          		CODE           	0EBD	0000	8
		PL164          		CODE           	02F0	0000	9
		PL226          		CODE           	1FF7	0000	5
		PL136          		CODE           	0EDA	0000	12
		PL174          		CODE           	0306	0000	8
		PL236          		CODE           	0F08	0000	6
		PL108          		CODE           	0E9E	0000	14
		PL146          		CODE           	02B8	0000	10
		PL184          		CODE           	1FC9	0000	8
		PL208          		CODE           	04FB	0000	7
		PL118          		CODE           	028B	0000	13
		PL156          		CODE           	02DC	0000	5
		PL194          		CODE           	1FD7	0000	7
		PL218          		CODE           	1FE9	0000	6
		PL128          		CODE           	1F8E	0000	8
		PL166          		CODE           	02F8	0000	8
		PL228          		CODE           	0EFE	0000	6
		i1_strlen      		CODE           	04E5	0000	23
		PL138          		CODE           	1F9C	0000	10
		PL176          		CODE           	1FBB	0000	8
		PL2            		CODE           	0DEF	0000	17
		PL238          		CODE           	1FFB	0000	6
		PL148          		CODE           	02C1	0000	10
		PL186          		CODE           	0EEC	0000	8
		PL10           		CODE           	1721	0000	42
		PL4            		CODE           	0DFF	0000	26
		PL20           		CODE           	176F	0000	38
		PL158          		CODE           	02E0	0000	9
		PL196          		CODE           	031B	0000	7
		PL30           		CODE           	17D1	0000	32
		PL6            		CODE           	170A	0000	12
		PL40           		CODE           	1EF4	0000	30
		PL168          		CODE           	02FF	0000	8

shared estimated size: 1646

C:\Embeded Project\FT64F0A5-TRB\YSQ-NFB\reference\fmd\FMD-MCU-IDE\FMDIDEV3.0.6\data\sources\common\ftadd.c
		___ftadd       		CODE           	0F4C	0000	175

C:\Embeded Project\FT64F0A5-TRB\YSQ-NFB\reference\fmd\FMD-MCU-IDE\FMDIDEV3.0.6\data\sources\common\ftadd.c estimated size: 175

C:\Embeded Project\FT64F0A5-TRB\YSQ-NFB\reference\fmd\FMD-MCU-IDE\FMDIDEV3.0.6\data\sources\common\fldivl.c
		__div_to_l_    		CODE           	054D	0000	169

C:\Embeded Project\FT64F0A5-TRB\YSQ-NFB\reference\fmd\FMD-MCU-IDE\FMDIDEV3.0.6\data\sources\common\fldivl.c estimated size: 169

C:\Embeded Project\FT64F0A5-TRB\YSQ-NFB\reference\fmd\FMD-MCU-IDE\FMDIDEV3.0.6\data\sources\common\lbdiv.c
		___lbdiv       		CODE           	1C45	0000	26

C:\Embeded Project\FT64F0A5-TRB\YSQ-NFB\reference\fmd\FMD-MCU-IDE\FMDIDEV3.0.6\data\sources\common\lbdiv.c estimated size: 26

C:\Embeded Project\FT64F0A5-TRB\YSQ-NFB\reference\fmd\FMD-MCU-IDE\FMDIDEV3.0.6\data\sources\common\strlen.c
		_strlen        		CODE           	06F5	0000	23

C:\Embeded Project\FT64F0A5-TRB\YSQ-NFB\reference\fmd\FMD-MCU-IDE\FMDIDEV3.0.6\data\sources\common\strlen.c estimated size: 23

C:\Embeded Project\FT64F0A5-TRB\YSQ-NFB\reference\fmd\FMD-MCU-IDE\FMDIDEV3.0.6\data\sources\common\ftge.c
		___ftge        		CODE           	0D06	0000	45

C:\Embeded Project\FT64F0A5-TRB\YSQ-NFB\reference\fmd\FMD-MCU-IDE\FMDIDEV3.0.6\data\sources\common\ftge.c estimated size: 45

C:\Embeded Project\FT64F0A5-TRB\YSQ-NFB\reference\fmd\FMD-MCU-IDE\FMDIDEV3.0.6\data\sources\common\ftneg.c
		___ftneg       		CODE           	0DCC	0000	9

C:\Embeded Project\FT64F0A5-TRB\YSQ-NFB\reference\fmd\FMD-MCU-IDE\FMDIDEV3.0.6\data\sources\common\ftneg.c estimated size: 9

C:\Embeded Project\FT64F0A5-TRB\YSQ-NFB\reference\fmd\FMD-MCU-IDE\FMDIDEV3.0.6\data\sources\common\strchr.c
		_strchr        		CODE           	04A6	0000	21

C:\Embeded Project\FT64F0A5-TRB\YSQ-NFB\reference\fmd\FMD-MCU-IDE\FMDIDEV3.0.6\data\sources\common\strchr.c estimated size: 21

C:\Embeded Project\FT64F0A5-TRB\YSQ-NFB\reference\fmd\FMD-MCU-IDE\FMDIDEV3.0.6\data\sources\common\awtoft.c
		___awtoft      		CODE           	1DBB	0000	28

C:\Embeded Project\FT64F0A5-TRB\YSQ-NFB\reference\fmd\FMD-MCU-IDE\FMDIDEV3.0.6\data\sources\common\awtoft.c estimated size: 28

C:\Embeded Project\FT64F0A5-TRB\YSQ-NFB\reference\fmd\FMD-MCU-IDE\FMDIDEV3.0.6\data\sources\common\strncmp.c
		_strncmp       		CODE           	04BA	0000	44

C:\Embeded Project\FT64F0A5-TRB\YSQ-NFB\reference\fmd\FMD-MCU-IDE\FMDIDEV3.0.6\data\sources\common\strncmp.c estimated size: 44

C:\Embeded Project\FT64F0A5-TRB\YSQ-NFB\reference\fmd\FMD-MCU-IDE\FMDIDEV3.0.6\data\sources\common\ftsub.c
		___ftsub       		CODE           	0DD4	0000	28

C:\Embeded Project\FT64F0A5-TRB\YSQ-NFB\reference\fmd\FMD-MCU-IDE\FMDIDEV3.0.6\data\sources\common\ftsub.c estimated size: 28

C:\Embeded Project\FT64F0A5-TRB\YSQ-NFB\reference\fmd\FMD-MCU-IDE\FMDIDEV3.0.6\data\sources\common\float.c
		___ftpack      		CODE           	1E40	0000	63

C:\Embeded Project\FT64F0A5-TRB\YSQ-NFB\reference\fmd\FMD-MCU-IDE\FMDIDEV3.0.6\data\sources\common\float.c estimated size: 63

C:\Embeded Project\FT64F0A5-TRB\YSQ-NFB\reference\fmd\FMD-MCU-IDE\FMDIDEV3.0.6\data\sources\common\memset.c
		_memset        		CODE           	0731	0000	20

C:\Embeded Project\FT64F0A5-TRB\YSQ-NFB\reference\fmd\FMD-MCU-IDE\FMDIDEV3.0.6\data\sources\common\memset.c estimated size: 20

