GNU Tool Chain  

Linker command line:

\
  --edf=C:\Embeded Project\FT64F0A5-TRB\YSQ-NFB\reference\fmd\FMD-MCU-IDE\FMDIDEV3.0.6\data\dat\en_msgs.txt \
  -cs -h+nfb.sym --cmf=nfb.cmf -z -QFT64F0AX \
  -oC:\Users\monic\AppData\Local\Temp\s314.2 -Mnfb.map -E1 -ver=XC8 \
  -ASTACK=02214h-023efh -pstack=STACK -ACODE=00h-07FFhx5 \
  -ASTRCODE=00h-027FFh -ASTRING=00h-0FFhx40 -ACONST=00h-0FFhx40 \
  -AENTRY=00h-0FFhx40 -ACOMMON=070h-07Fh -ABANK0=020h-06Fh \
  -ABANK1=0A0h-0EFh -ABANK2=0120h-016Fh -ABANK3=01A0h-01EFh \
  -ABANK4=0220h-026Fh -ABANK5=02A0h-02EFh -ABANK6=0320h-036Fh \
  -ABANK7=03A0h-03EFh -ABANK8=0420h-046Fh -ABANK9=04A0h-04EFh \
  -ABANK10=0520h-056Fh -ABANK11=05A0h-05EFh -ABANK12=0620h-064Fh \
  -ABIGRAM=02000h-023EFh \
  -ARAM=020h-06Fh,0A0h-0EFh,0120h-016Fh,01A0h-01EFh,0220h-026Fh,02A0h-02EFh,0320h-036Fh,03A0h-03EFh,0420h-046Fh,04A0h-04EFh,0520h-056Fh,05A0h-05EFh,0620h-064Fh \
  -AABS1=020h-07Fh,0A0h-0EFh,0120h-016Fh,01A0h-01EFh,0220h-026Fh,02A0h-02EFh,0320h-036Fh,03A0h-03EFh,0420h-046Fh,04A0h-04EFh,0520h-056Fh,05A0h-05EFh,0620h-064Fh \
  -ASFR0=00h-01Fh -ASFR1=080h-09Fh -ASFR2=0100h-011Fh -ASFR3=0180h-019Fh \
  -ASFR4=0200h-021Fh -ASFR5=0280h-029Fh -ASFR6=0300h-031Fh \
  -ASFR7=0380h-039Fh -ASFR8=0400h-041Fh -ASFR9=0480h-049Fh \
  -ASFR10=0500h-051Fh -ASFR11=0580h-059Fh -ASFR12=0600h-061Fh \
  -ASFR13=0680h-06EFh -ASFR14=0700h-076Fh -ASFR15=0780h-07EFh \
  -ASFR16=0800h-086Fh -ASFR17=0880h-08EFh -ASFR18=0900h-096Fh \
  -ASFR19=0980h-09EFh -ASFR20=0A00h-0A6Fh -ASFR21=0A80h-0AEFh \
  -ASFR22=0B00h-0B6Fh -ASFR23=0B80h-0BEFh -ASFR24=0C00h-0C6Fh \
  -ASFR25=0C80h-0CEFh -ASFR26=0D00h-0D6Fh -ASFR27=0D80h-0DEFh \
  -ASFR28=0E00h-0E6Fh -ASFR29=0E80h-0EEFh -ASFR30=0F00h-0F6Fh \
  -ASFR31=0F80h-0FEFh -preset_vec=00h,intentry=04h,init,end_init \
  -ppowerup=CODE -pcinit=CODE -pfunctab=ENTRY -ACONFIG=08007h-08008h \
  -pconfig=CONFIG -DCONFIG=2 -AIDLOC=08000h-08003h -pidloc=IDLOC -DIDLOC=2 \
  -AEEDATA=00h-07Fh/0F000h -peeprom_data=EEDATA -DEEDATA=2 -DCODE=2 \
  -DSTRCODE=2 -DSTRING=2 -DCONST=2 -DENTRY=2 -k \
  C:\Users\monic\AppData\Local\Temp\s314.obj nfb.obj 

Object code version is 3.11

Machine type is FT64F0AX



                Name                               Link     Load   Length Selector   Space Scale
C:\Users\monic\AppData\Local\Temp\s314.obj
                end_init                            207      207        2        8       0
                reset_vec                             0        0        2        0       0
nfb.obj         cinit                               209      209      3F6        8       0
                intentry                              4        4      203        8       0
                text58                             2460     2460      3A0     48C0       0
                text55                              7A0      7A0       13        8       0
                text51                              5FF      5FF       D5        8       0
                text37                              820      820      7E0     1040       0
                text23                              6D4      6D4       B9        8       0
                text14                             192F     192F      6D1     325E       0
                text7                              1065     1065      79B     20CA       0
                text3                               7B3      7B3        F        8       0
                text1                               78D      78D       13        8       0
                cstackBANK0                          20       20       2B       20       1
                cstackCOMMON                         70       70        E       70       1
                cstackBANK1                          A0       A0       50       A0       1
                cstackBANK2                         120      120       41      120       1
                cstackBANK3                         1A0      1A0       50      1A0       1
                cstackBANK4                         220      220       50      220       1
                cstackBANK5                         2ED      2ED        1      2A0       1
                clrtext                             7C2      7C2        6        8       0
                bssBANK6                            320      320       34      320       1
                bssBANK5                            2A0      2A0       4D      2A0       1
                bssBANK2                            161      161        F      120       1
                bssBANK0                             4B       4B       25       20       1
                stringtext26                       212A     212A        4     4000       0
                stringtext25                       2126     2126        4     4000       0
                stringtext24                       2122     2122        4     4000       0
                stringtext23                       211E     211E        4     4000       0
                stringtext22                       211A     211A        4     4000       0
                stringtext21                       2116     2116        4     4000       0
                stringtext20                       2112     2112        4     4000       0
                stringtext19                       210E     210E        4     4000       0
                stringtext18                       210A     210A        4     4000       0
                stringtext17                       2106     2106        4     4000       0
                stringtext16                       2102     2102        4     4000       0
                stringtext15                       20FD     20FD        5     4000       0
                stringtext14                       20F8     20F8        5     4000       0
                stringtext13                       20F3     20F3        5     4000       0
                stringtext12                       20EE     20EE        5     4000       0
                stringtext11                       20E9     20E9        5     4000       0
                stringtext10                       20E4     20E4        5     4000       0
                stringtext9                        20DF     20DF        5     4000       0
                stringtext8                        20D6     20D6        9     4000       0
                stringtext7                        20CC     20CC        A     4000       0
                stringtext6                        20C0     20C0        C     4000       0
                stringtext5                        20AA     20AA       16     4000       0
                stringtext4                        2093     2093       17     4000       0
                stringtext3                        2000     2000       45     4000       0
                stringtext2                        206C     206C       27     4000       0
                stringtext1                        2045     2045       27     4000       0

TOTAL           Name                               Link     Load   Length     Space
        CLASS   STACK          

        CLASS   CODE           
                end_init                            207      207        2         0
                cinit                               209      209      3F6         0
                intentry                              4        4      203         0
                reset_vec                             0        0        2         0
                text58                             2460     2460      3A0         0
                text55                              7A0      7A0       13         0
                text51                              5FF      5FF       D5         0
                text37                              820      820      7E0         0
                text23                              6D4      6D4       B9         0
                text14                             192F     192F      6D1         0
                text7                              1065     1065      79B         0
                text3                               7B3      7B3        F         0
                text1                               78D      78D       13         0
                clrtext                             7C2      7C2        6         0

        CLASS   STRCODE        
                stringtext26                       212A     212A        4         0
                stringtext25                       2126     2126        4         0
                stringtext24                       2122     2122        4         0
                stringtext23                       211E     211E        4         0
                stringtext22                       211A     211A        4         0
                stringtext21                       2116     2116        4         0
                stringtext20                       2112     2112        4         0
                stringtext19                       210E     210E        4         0
                stringtext18                       210A     210A        4         0
                stringtext17                       2106     2106        4         0
                stringtext16                       2102     2102        4         0
                stringtext15                       20FD     20FD        5         0
                stringtext14                       20F8     20F8        5         0
                stringtext13                       20F3     20F3        5         0
                stringtext12                       20EE     20EE        5         0
                stringtext11                       20E9     20E9        5         0
                stringtext10                       20E4     20E4        5         0
                stringtext9                        20DF     20DF        5         0
                stringtext8                        20D6     20D6        9         0
                stringtext7                        20CC     20CC        A         0
                stringtext6                        20C0     20C0        C         0
                stringtext5                        20AA     20AA       16         0
                stringtext4                        2093     2093       17         0
                stringtext3                        2000     2000       45         0
                stringtext2                        206C     206C       27         0
                stringtext1                        2045     2045       27         0

        CLASS   STRING         

        CLASS   CONST          

        CLASS   ENTRY          

        CLASS   COMMON         
                cstackCOMMON                         70       70        E         1

        CLASS   BANK0          
                cstackBANK0                          20       20       2B         1
                bssBANK0                             4B       4B       25         1

        CLASS   BANK1          
                cstackBANK1                          A0       A0       50         1

        CLASS   BANK2          
                cstackBANK2                         120      120       41         1
                bssBANK2                            161      161        F         1

        CLASS   BANK3          
                cstackBANK3                         1A0      1A0       50         1

        CLASS   BANK4          
                cstackBANK4                         220      220       50         1

        CLASS   BANK5          
                cstackBANK5                         2ED      2ED        1         1
                bssBANK5                            2A0      2A0       4D         1

        CLASS   BANK6          
                bssBANK6                            320      320       34         1

        CLASS   BANK7          

        CLASS   BANK8          

        CLASS   BANK9          

        CLASS   BANK10         

        CLASS   BANK11         

        CLASS   BANK12         

        CLASS   BIGRAM         

        CLASS   RAM            

        CLASS   ABS1           
                abs_s1                               7E       7E        2         1

        CLASS   SFR0           

        CLASS   SFR1           

        CLASS   SFR2           

        CLASS   SFR3           

        CLASS   SFR4           

        CLASS   SFR5           

        CLASS   SFR6           

        CLASS   SFR7           

        CLASS   SFR8           

        CLASS   SFR9           

        CLASS   SFR10          

        CLASS   SFR11          

        CLASS   SFR12          

        CLASS   SFR13          

        CLASS   SFR14          

        CLASS   SFR15          

        CLASS   SFR16          

        CLASS   SFR17          

        CLASS   SFR18          

        CLASS   SFR19          

        CLASS   SFR20          

        CLASS   SFR21          

        CLASS   SFR22          

        CLASS   SFR23          

        CLASS   SFR24          

        CLASS   SFR25          

        CLASS   SFR26          

        CLASS   SFR27          

        CLASS   SFR28          

        CLASS   SFR29          

        CLASS   SFR30          

        CLASS   SFR31          

        CLASS   CONFIG         

        CLASS   IDLOC          

        CLASS   EEDATA         

        CLASS   BANK31         

        CLASS   BANK30         

        CLASS   BANK29         

        CLASS   BANK28         

        CLASS   BANK27         

        CLASS   BANK26         

        CLASS   BANK25         

        CLASS   BANK24         

        CLASS   BANK23         

        CLASS   BANK22         

        CLASS   BANK21         

        CLASS   BANK20         

        CLASS   BANK19         

        CLASS   BANK18         

        CLASS   BANK17         

        CLASS   BANK16         

        CLASS   BANK15         

        CLASS   BANK14         

        CLASS   BANK13         



SEGMENTS        Name                           Load    Length   Top    Selector   Space  Class     Delta

                reset_vec                      000000  000002  000002         0       0  CODE        2
                intentry                       000004  0007C4  0007C8         8       0  CODE        2
                cstackBANK0                    000020  000050  000070        20       1  BANK0       1
                cstackCOMMON                   000070  00000E  00007E        70       1  COMMON      1
                cstackBANK1                    0000A0  000050  0000F0        A0       1  BANK1       1
                cstackBANK2                    000120  000050  000170       120       1  BANK2       1
                cstackBANK3                    0001A0  000050  0001F0       1A0       1  BANK3       1
                cstackBANK4                    000220  000050  000270       220       1  BANK4       1
                bssBANK5                       0002A0  00004E  0002EE       2A0       1  BANK5       1
                bssBANK6                       000320  000034  000354       320       1  BANK6       1
                text37                         000820  0007E0  001000      1040       0  CODE        2
                text7                          001065  00079B  001800      20CA       0  CODE        2
                text14                         00192F  0006D1  002000      325E       0  CODE        2
                stringtext3                    002000  00012E  00212E      4000       0  STRCODE     2
                text58                         002460  0003A0  002800      48C0       0  CODE        2


UNUSED ADDRESS RANGES

        Name                Unused          Largest block    Delta
        BANK10           0520-056F             50           1
        BANK11           05A0-05EF             50           1
        BANK12           0620-064F             30           1
        BANK5            02EE-02EF              2           1
        BANK6            0354-036F             1C           1
        BANK7            03A0-03EF             50           1
        BANK8            0420-046F             50           1
        BANK9            04A0-04EF             50           1
        BIGRAM           2000-23EF            3F0           1
        CODE             0002-0003              2           2
                         07C8-081F             38
                         1000-1064             65
                         1800-192E            12F
                         212E-245F            332
        CONFIG           8007-8008              2           2
        CONST            0002-0003              2           2
                         07C8-081F             38
                         1000-1064             65
                         1800-192E            100
                         212E-245F            100
        EEDATA           F000-F07F             80           2
        ENTRY            0002-0003              2           2
                         07C8-081F             38
                         1000-1064             65
                         1800-192E            100
                         212E-245F            100
        IDLOC            8000-8003              4           2
        RAM              02EE-02EF              2           1
                         0354-036F             1C
                         03A0-03EF             50
                         0420-046F             50
                         04A0-04EF             50
                         0520-056F             50
                         05A0-05EF             50
                         0620-064F             30
        SFR0             0000-001F             20           1
        SFR1             0080-009F             20           1
        SFR10            0500-051F             20           1
        SFR11            0580-059F             20           1
        SFR12            0600-061F             20           1
        SFR13            0680-06EF             70           1
        SFR14            0700-076F             70           1
        SFR15            0780-07EF             70           1
        SFR16            0800-086F             70           1
        SFR17            0880-08EF             70           1
        SFR18            0900-096F             70           1
        SFR19            0980-09EF             70           1
        SFR2             0100-011F             20           1
        SFR20            0A00-0A6F             70           1
        SFR21            0A80-0AEF             70           1
        SFR22            0B00-0B6F             70           1
        SFR23            0B80-0BEF             70           1
        SFR24            0C00-0C6F             70           1
        SFR25            0C80-0CEF             70           1
        SFR26            0D00-0D6F             70           1
        SFR27            0D80-0DEF             70           1
        SFR28            0E00-0E6F             70           1
        SFR29            0E80-0EEF             70           1
        SFR3             0180-019F             20           1
        SFR30            0F00-0F6F             70           1
        SFR31            0F80-0FEF             70           1
        SFR4             0200-021F             20           1
        SFR5             0280-029F             20           1
        SFR6             0300-031F             20           1
        SFR7             0380-039F             20           1
        SFR8             0400-041F             20           1
        SFR9             0480-049F             20           1
        STACK            2214-23EF            1DC           1
        STRCODE          0002-0003              2           2
                         07C8-081F             58
                         1000-1064             65
                         1800-192E            12F
                         212E-245F            332
        STRING           0002-0003              2           2
                         07C8-081F             38
                         1000-1064             65
                         1800-192E            100
                         212E-245F            100

                                  Symbol Table

?_GET_ADC_DATA                 cstackBANK2  0120
?___altoft                     cstackCOMMON 0078
?___awdiv                      cstackBANK1  00A6
?___awmod                      cstackBANK1  00A0
?___awtoft                     cstackBANK1  00AE
?___ftadd                      cstackBANK1  00B4
?___ftdiv                      cstackBANK1  00D5
?___ftmul                      cstackBANK1  00C6
?___ftneg                      cstackBANK1  00A0
?___ftpack                     cstackBANK1  00A0
?___ftsub                      cstackBANK1  00C0
?___fttol                      cstackBANK1  00DD
?___lbtoft                     cstackBANK1  00A8
?___lldiv                      cstackBANK1  00A0
?___llmod                      cstackBANK1  00AD
?___lltoft                     cstackBANK1  00A8
?___lmul                       cstackCOMMON 0070
?___lwtoft                     cstackBANK1  00A8
?___wmul                       cstackBANK1  00AE
?__div_to_l_                   cstackBANK1  00A0
?__tdiv_to_l_                  cstackBANK1  00A0
?_atof                         cstackBANK0  0041
?_charArrayToInt               cstackCOMMON 0076
?_fround                       cstackBANK1  00D5
?_scale                        cstackBANK1  00D5
?_sprintf                      cstackBANK2  0120
?_strlen                       cstackBANK1  00A0
?_strncmp                      cstackCOMMON 0075
?_strtod                       cstackBANK0  0029
?i1___awtoft                   cstackBANK0  0025
?i1___ftdiv                    cstackCOMMON 0078
?i1___ftmul                    cstackCOMMON 0078
?i1___ftneg                    cstackCOMMON 0070
?i1___ftpack                   cstackCOMMON 0070
?i1___wmul                     cstackCOMMON 0070
?i1_strlen                     cstackCOMMON 0070
BatteryChargingLevel@Vdd       cstackBANK2  0126
BatteryChargingLevel@i         cstackBANK2  0128
BatteryLevel@Vdd               cstackBANK2  0124
DelayMs@Time                   cstackBANK2  0120
DelayMs@a                      cstackBANK2  0122
DelayUs@Time                   cstackBANK1  00EA
DelayUs@a                      cstackBANK1  00ED
EEPROM_INIT@EEReadData         cstackBANK1  00E6
EEPROMread@EEAddr              cstackBANK1  00A0
EEPROMread@ReEEPROMread        cstackBANK1  00A1
EEPROMwrite@Data               cstackBANK1  00A0
EEPROMwrite@EEAddr             cstackBANK1  00A1
GET_ADC_DATA@adcChannel        cstackBANK1  00EF
HeatingProcess@i               cstackBANK3  01BD
HeatingProcess@i_3674          cstackBANK3  01BF
HeatingProcess@i_3675          cstackBANK3  01C1
HeatingProcess@msg             cstackBANK3  01A3
HeatingProcess@msg_3678        cstackBANK3  01AD
ISR@i                          cstackBANK0  0049
ISR@len                        cstackBANK0  0047
PL10                           text14       1F06
PL100                          text14       1F92
PL102                          text7        1743
PL104                          text37       0EA8
PL106                          text7        174F
PL108                          text37       0EB4
PL110                          text7        175B
PL112                          text14       1F98
PL114                          text14       1FA4
PL116                          text7        1761
PL118                          text58       27B2
PL12                           text7        15EF
PL120                          text7        176D
PL122                          text14       1FAB
PL124                          text14       1FB2
PL126                          text37       0EBB
PL128                          text7        1774
PL130                          text37       0FEB
PL132                          text14       1FB7
PL134                          text14       1FC2
PL136                          text14       1FCD
PL138                          text7        177C
PL14                           text7        1613
PL140                          text37       0EC3
PL142                          text7        1786
PL144                          cinit        05F2
PL146                          text7        178D
PL148                          text7        1792
PL150                          text7        1796
PL152                          text7        179A
PL154                          text7        17A3
PL156                          text7        17A7
PL158                          text37       0966
PL16                           text7        1636
PL160                          text37       0ECA
PL162                          text14       1FD7
PL164                          text14       1FDC
PL166                          text7        17B0
PL168                          text58       27B8
PL170                          text58       27BF
PL172                          text58       27C7
PL174                          text7        17B9
PL176                          text58       27CF
PL178                          text7        17C1
PL18                           text37       0FBF
PL180                          text37       0ED0
PL182                          cinit        05F9
PL184                          text58       27D7
PL186                          text37       096C
PL188                          text7        17C7
PL190                          text7        17CE
PL192                          text37       0FF2
PL194                          text58       27DD
PL196                          text7        17D5
PL198                          text37       0ED6
PL2                            text14       1EDE
PL20                           text37       0E37
PL200                          text58       27E4
PL202                          text58       27EB
PL204                          text7        17DC
PL206                          text7        17E3
PL208                          text37       0FF9
PL210                          text37       0EDD
PL212                          text37       0EE3
PL214                          text37       0973
PL216                          text51       06CF
PL218                          text23       0787
PL22                           text37       0FCD
PL220                          text7        17EA
PL222                          text7        17F0
PL224                          text51       0682
PL226                          text37       097A
PL228                          text14       1FE5
PL230                          text58       27F2
PL232                          text7        17F6
PL234                          text14       1FEB
PL236                          text37       0EEA
PL238                          text37       0EEF
PL24                           text7        1642
PL240                          text37       0EF4
PL242                          text37       0EF9
PL244                          text14       1FF1
PL246                          text14       1FF6
PL248                          text37       0EFD
PL250                          text58       27F8
PL252                          text14       1FFB
PL254                          text58       27FC
PL256                          text7        17FC
PL258                          text37       0F02
PL26                           text7        1661
PL28                           text7        1680
PL30                           text7        169F
PL32                           text7        16BD
PL34                           text37       093D
PL36                           text37       095A
PL38                           text14       1F2C
PL4                            text14       1EEE
PL40                           text37       0E3F
PL42                           text7        16DB
PL44                           text14       1F46
PL46                           text37       0E47
PL48                           text37       0E4F
PL50                           text37       0FD7
PL52                           text14       1F50
PL54                           text14       1F64
PL56                           text7        16E2
PL58                           text7        16F5
PL6                            text37       0931
PL60                           text23       077C
PL62                           text37       0E57
PL64                           text7        1707
PL66                           text37       0E62
PL68                           text37       0E69
PL70                           text37       0E70
PL72                           text37       0E77
PL74                           text37       0FDE
PL76                           text37       0E7F
PL78                           text37       0E87
PL8                            text7        15C6
PL80                           text37       0FE4
PL82                           text14       1F70
PL84                           text7        170E
PL86                           text7        171C
PL88                           text14       1F7E
PL90                           text14       1F8C
PL92                           text37       0E8F
PL94                           text37       0E9B
PL96                           text7        172A
PL98                           text7        1737
SmokingProcess@i               cstackBANK3  01BC
SmokingProcess@i_3685          cstackBANK3  01BE
SmokingProcess@i_3686          cstackBANK3  01C0
SmokingProcess@msg             cstackBANK3  01A3
SmokingProcess@msg_3690        cstackBANK3  01AD
SmokingProcess@puffno          cstackBANK3  01B7
UART_Check@data                cstackBANK2  015B
UART_Check@dataH               cstackBANK2  0150
UART_Check@dataH_3704          cstackBANK2  0152
UART_Check@dataH_3707          cstackBANK2  0154
UART_Check@dataH_3712          cstackBANK2  0158
UART_Check@dataL               cstackBANK2  014E
UART_Check@dataL_3700          cstackBANK2  014F
UART_Check@dataL_3703          cstackBANK2  0151
UART_Check@dataL_3706          cstackBANK2  0153
UART_Check@dataL_3708          cstackBANK2  0155
UART_Check@dataL_3709          cstackBANK2  0156
UART_Check@dataL_3711          cstackBANK2  0157
UART_Check@dataL_3714          cstackBANK2  0159
UART_Check@dataL_3716          cstackBANK2  015A
UART_Check@data_3705           cstackBANK2  015D
UART_Check@data_3710           cstackBANK2  015F
UART_Check@data_3713           cstackBANK2  014A
UART_Check@data_3715           cstackBANK2  014C
UART_Check@msg                 cstackBANK3  01A0
UART_Check@msg_3697            cstackBANK4  0220
_ADCMPH                        (abs)        041B
_ADCON0                        (abs)        009D
_ADCON1                        (abs)        009E
_ADCON2                        (abs)        009F
_ADCON3                        (abs)        041A
_ADC_INITIAL                   cinit        059A
_ADDLY                         (abs)        001F
_ADON                          (abs)        04E8
_ADRESH                        (abs)        009C
_ADRESL                        (abs)        009B
_AFP0                          (abs)        019E
_AFP1                          (abs)        019F
_AN4SELB                       (abs)        20D2
_ANSELA                        (abs)        0197
_BATL                          bssBANK5     02C9
_BSREG                         (abs)        0008
_BTNcnt                        bssBANK6     0328
_BTNpressed                    bssBANK5     02E9
_BTNtimer                      bssBANK0     0066
_BatteryChargingLevel          text37       0820
_BatteryLevel                  text37       08D7
_CFGS                          (abs)        0CAE
_CKOCON                        (abs)        0095
_DelayMs                       text7        14A3
_DelayUs                       text7        14DD
_EEADRL                        (abs)        0191
_EECON1                        (abs)        0195
_EECON2                        (abs)        0196
_EEDATL                        (abs)        0193
_EEIF                          (abs)        005A
_EEPGD                         (abs)        0CAF
_EEPROM_INIT                   cinit        0460
_EEPROMread                    cinit        0549
_EEPROMwrite                   cinit        0561
_EPIE0                         (abs)        0094
_EPIF0                         (abs)        0014
_EPS0                          (abs)        0118
_EPS1                          (abs)        0119
_GET_ADC_DATA                  text37       0C11
_GIE                           (abs)        005F
_GO                            (abs)        04E9
_HTOn                          bssBANK5     02E7
_HTVI                          bssBANK5     02B6
_HTVI_                         bssBANK0     006A
_HTVN                          bssBANK5     02B9
_HTVN_                         bssBANK0     006C
_HTVP                          bssBANK5     02BC
_HTVP_                         bssBANK0     006E
_HTcnt                         bssBANK6     0324
_HTtimecnt                     bssBANK2     0161
_HTtimer                       bssBANK5     02E5
_HeatingProcess                text7        108C
_HeatingProcess$4211           cstackBANK3  01B7
_HeatingProcess$4212           cstackBANK3  01A0
_HeatingProcess$4213           cstackBANK3  01BA
_I                             bssBANK5     02B3
_INIT                          cinit        05AD
_INTCON                        (abs)        000B
_IO_INT_INITIAL                cinit        05B6
_ISR                           intentry     0004
_ITYPE0                        (abs)        011E
_ITYPE1                        (abs)        011F
_OP0CFG                        (abs)        0F91
_OP0CR0                        (abs)        0F8F
_OP0_INITIAL                   cinit        05C3
_OSCCON                        (abs)        0099
_PA0                           (abs)        0060
_PA1                           (abs)        0061
_PA6                           (abs)        0066
_PB0                           (abs)        0068
_PB2                           (abs)        006A
_PB3                           (abs)        006B
_PB4                           (abs)        006C
_PB5                           (abs)        006D
_PB7                           (abs)        006F
_PC1                           (abs)        0071
_PCKEN                         (abs)        009A
_PFE                           bssBANK5     02D1
_PORTA                         (abs)        000C
_PORTB                         (abs)        000D
_PORTC                         (abs)        000E
_POWER_INITIAL                 cinit        05CB
_PSINK0                        (abs)        019A
_PSINK1                        (abs)        019B
_PSINK2                        (abs)        019C
_PSRC0                         (abs)        011A
_PSRC1                         (abs)        011B
_PSRC2                         (abs)        011C
_PTE                           bssBANK5     02D3
_PowerOffProcess               text7        1065
_PowerOn                       bssBANK0     0068
_PowerOnProcess                text37       08A0
_PuffOn                        bssBANK0     0064
_Puffcnt                       bssBANK5     02A0
_R                             bssBANK5     02AD
_R0                            bssBANK0     005B
_R0E                           bssBANK5     02CB
_RD                            (abs)        0CA8
_RDE1                          bssBANK5     02DF
_RDE2                          bssBANK5     02DD
_SmokeOn                       bssBANK5     02E3
_Smokecnt                      bssBANK6     0320
_Smoketimecnt                  bssBANK0     004B
_Smoketimer                    bssBANK5     02E1
_SmokingProcess                text37       0980
_SmokingProcess$4214           cstackBANK3  01B9
_SmokingProcess$4215           cstackBANK3  01A0
_T                             bssBANK2     016B
_T0                            bssBANK0     0058
_T0E                           bssBANK5     02CF
_T1                            bssBANK0     0052
_T1E                           bssBANK5     02D7
_T2                            bssBANK0     004F
_T2E                           bssBANK5     02D5
_T2UIE                         (abs)        1868
_T2UIF                         (abs)        1870
_TCKSRC                        (abs)        031F
_TIM2ARRH                      (abs)        0319
_TIM2ARRL                      (abs)        031A
_TIM2CR1                       (abs)        030C
_TIM2IER                       (abs)        030D
_TIM2_INITIAL                  text3        07B3
_TRE                           bssBANK5     02CD
_TRISA                         (abs)        008C
_TRISB                         (abs)        008D
_TRISC                         (abs)        008E
_Tm                            bssBANK5     02A4
_Toffset                       bssBANK5     02AA
_Tr                            bssBANK0     0055
_UART_Check                    cinit        0299
_UART_INITIAL                  text1        078D
_UR1DATAL                      (abs)        048C
_UR1DLH                        (abs)        0495
_UR1DLL                        (abs)        0494
_UR1IER                        (abs)        048E
_UR1LCR                        (abs)        048F
_UR1MCR                        (abs)        0491
_UR1RXNE                       (abs)        2470
_UR1RXNEF                      (abs)        2490
_UR1TCF                        (abs)        24E0
_Unlock_Flash                  cinit        0590
_V                             bssBANK5     02B0
_WPDA                          (abs)        020C
_WPDB                          (abs)        020D
_WPDC                          (abs)        020E
_WPUA                          (abs)        018C
_WPUB                          (abs)        018D
_WPUC                          (abs)        018E
_WR                            (abs)        0CA9
_WREN                          (abs)        0CAA
__Habs1                        abs1         0000
__Hbank0                       bank0        0000
__Hbank1                       bank1        0000
__Hbank10                      bank10       0000
__Hbank11                      bank11       0000
__Hbank12                      bank12       0000
__Hbank13                      bank13       0000
__Hbank14                      bank14       0000
__Hbank15                      bank15       0000
__Hbank16                      bank16       0000
__Hbank17                      bank17       0000
__Hbank18                      bank18       0000
__Hbank19                      bank19       0000
__Hbank2                       bank2        0000
__Hbank20                      bank20       0000
__Hbank21                      bank21       0000
__Hbank22                      bank22       0000
__Hbank23                      bank23       0000
__Hbank24                      bank24       0000
__Hbank25                      bank25       0000
__Hbank26                      bank26       0000
__Hbank27                      bank27       0000
__Hbank28                      bank28       0000
__Hbank29                      bank29       0000
__Hbank3                       bank3        0000
__Hbank30                      bank30       0000
__Hbank31                      bank31       0000
__Hbank4                       bank4        0000
__Hbank5                       bank5        0000
__Hbank6                       bank6        0000
__Hbank7                       bank7        0000
__Hbank8                       bank8        0000
__Hbank9                       bank9        0000
__Hbigram                      bigram       0000
__HbssBANK0                    bssBANK0     0000
__HbssBANK2                    bssBANK2     0000
__HbssBANK5                    bssBANK5     0000
__HbssBANK6                    bssBANK6     0000
__Hcinit                       cinit        05FF
__Hclrtext                     clrtext      0000
__Hcode                        code         0000
__Hcommon                      common       0000
__Hconfig                      config       0000
__HcstackBANK0                 cstackBANK0  0000
__HcstackBANK1                 cstackBANK1  0000
__HcstackBANK2                 cstackBANK2  0000
__HcstackBANK3                 cstackBANK3  0000
__HcstackBANK4                 cstackBANK4  0000
__HcstackBANK5                 cstackBANK5  0000
__HcstackCOMMON                cstackCOMMON 0000
__Heeprom_data                 eeprom_data  0000
__Hend_init                    end_init     0209
__Hfunctab                     functab      0000
__Hidloc                       idloc        0000
__Hinit                        init         0207
__Hintentry                    intentry     0207
__Hmaintext                    maintext     0000
__Hpa_nodes0                   pa_nodes0    0000
__Hpowerup                     powerup      0000
__Hram                         ram          0000
__Hreset_vec                   reset_vec    0002
__Hsfr0                        sfr0         0000
__Hsfr1                        sfr1         0000
__Hsfr10                       sfr10        0000
__Hsfr11                       sfr11        0000
__Hsfr12                       sfr12        0000
__Hsfr13                       sfr13        0000
__Hsfr14                       sfr14        0000
__Hsfr15                       sfr15        0000
__Hsfr16                       sfr16        0000
__Hsfr17                       sfr17        0000
__Hsfr18                       sfr18        0000
__Hsfr19                       sfr19        0000
__Hsfr2                        sfr2         0000
__Hsfr20                       sfr20        0000
__Hsfr21                       sfr21        0000
__Hsfr22                       sfr22        0000
__Hsfr23                       sfr23        0000
__Hsfr24                       sfr24        0000
__Hsfr25                       sfr25        0000
__Hsfr26                       sfr26        0000
__Hsfr27                       sfr27        0000
__Hsfr28                       sfr28        0000
__Hsfr29                       sfr29        0000
__Hsfr3                        sfr3         0000
__Hsfr30                       sfr30        0000
__Hsfr31                       sfr31        0000
__Hsfr4                        sfr4         0000
__Hsfr5                        sfr5         0000
__Hsfr6                        sfr6         0000
__Hsfr7                        sfr7         0000
__Hsfr8                        sfr8         0000
__Hsfr9                        sfr9         0000
__Hspace_0                     (abs)        2800
__Hspace_1                     (abs)        0354
__Hspace_2                     (abs)        0000
__Hspace_3                     (abs)        0000
__Hstack                       stack        0000
__Hstrings                     strings      0000
__Hstringtext1                 stringtext1  0000
__Hstringtext10                stringtext10 0000
__Hstringtext11                stringtext11 0000
__Hstringtext12                stringtext12 0000
__Hstringtext13                stringtext13 0000
__Hstringtext14                stringtext14 0000
__Hstringtext15                stringtext15 0000
__Hstringtext16                stringtext16 0000
__Hstringtext17                stringtext17 0000
__Hstringtext18                stringtext18 0000
__Hstringtext19                stringtext19 0000
__Hstringtext2                 stringtext2  0000
__Hstringtext20                stringtext20 0000
__Hstringtext21                stringtext21 0000
__Hstringtext22                stringtext22 0000
__Hstringtext23                stringtext23 0000
__Hstringtext24                stringtext24 0000
__Hstringtext25                stringtext25 0000
__Hstringtext26                stringtext26 0000
__Hstringtext27                stringtext27 0000
__Hstringtext3                 stringtext3  0000
__Hstringtext4                 stringtext4  0000
__Hstringtext5                 stringtext5  0000
__Hstringtext6                 stringtext6  0000
__Hstringtext7                 stringtext7  0000
__Hstringtext8                 stringtext8  0000
__Hstringtext9                 stringtext9  0000
__Htext                        text         0000
__Labs1                        abs1         0000
__Lbank0                       bank0        0000
__Lbank1                       bank1        0000
__Lbank10                      bank10       0000
__Lbank11                      bank11       0000
__Lbank12                      bank12       0000
__Lbank13                      bank13       0000
__Lbank14                      bank14       0000
__Lbank15                      bank15       0000
__Lbank16                      bank16       0000
__Lbank17                      bank17       0000
__Lbank18                      bank18       0000
__Lbank19                      bank19       0000
__Lbank2                       bank2        0000
__Lbank20                      bank20       0000
__Lbank21                      bank21       0000
__Lbank22                      bank22       0000
__Lbank23                      bank23       0000
__Lbank24                      bank24       0000
__Lbank25                      bank25       0000
__Lbank26                      bank26       0000
__Lbank27                      bank27       0000
__Lbank28                      bank28       0000
__Lbank29                      bank29       0000
__Lbank3                       bank3        0000
__Lbank30                      bank30       0000
__Lbank31                      bank31       0000
__Lbank4                       bank4        0000
__Lbank5                       bank5        0000
__Lbank6                       bank6        0000
__Lbank7                       bank7        0000
__Lbank8                       bank8        0000
__Lbank9                       bank9        0000
__Lbigram                      bigram       0000
__LbssBANK0                    bssBANK0     0000
__LbssBANK2                    bssBANK2     0000
__LbssBANK5                    bssBANK5     0000
__LbssBANK6                    bssBANK6     0000
__Lcinit                       cinit        0209
__Lclrtext                     clrtext      0000
__Lcode                        code         0000
__Lcommon                      common       0000
__Lconfig                      config       0000
__LcstackBANK0                 cstackBANK0  0000
__LcstackBANK1                 cstackBANK1  0000
__LcstackBANK2                 cstackBANK2  0000
__LcstackBANK3                 cstackBANK3  0000
__LcstackBANK4                 cstackBANK4  0000
__LcstackBANK5                 cstackBANK5  0000
__LcstackCOMMON                cstackCOMMON 0000
__Leeprom_data                 eeprom_data  0000
__Lend_init                    end_init     0207
__Lfunctab                     functab      0000
__Lidloc                       idloc        0000
__Linit                        init         0207
__Lintentry                    intentry     0004
__Lmaintext                    maintext     0000
__Lpa_nodes0                   pa_nodes0    0000
__Lpowerup                     powerup      0000
__Lram                         ram          0000
__Lreset_vec                   reset_vec    0000
__Lsfr0                        sfr0         0000
__Lsfr1                        sfr1         0000
__Lsfr10                       sfr10        0000
__Lsfr11                       sfr11        0000
__Lsfr12                       sfr12        0000
__Lsfr13                       sfr13        0000
__Lsfr14                       sfr14        0000
__Lsfr15                       sfr15        0000
__Lsfr16                       sfr16        0000
__Lsfr17                       sfr17        0000
__Lsfr18                       sfr18        0000
__Lsfr19                       sfr19        0000
__Lsfr2                        sfr2         0000
__Lsfr20                       sfr20        0000
__Lsfr21                       sfr21        0000
__Lsfr22                       sfr22        0000
__Lsfr23                       sfr23        0000
__Lsfr24                       sfr24        0000
__Lsfr25                       sfr25        0000
__Lsfr26                       sfr26        0000
__Lsfr27                       sfr27        0000
__Lsfr28                       sfr28        0000
__Lsfr29                       sfr29        0000
__Lsfr3                        sfr3         0000
__Lsfr30                       sfr30        0000
__Lsfr31                       sfr31        0000
__Lsfr4                        sfr4         0000
__Lsfr5                        sfr5         0000
__Lsfr6                        sfr6         0000
__Lsfr7                        sfr7         0000
__Lsfr8                        sfr8         0000
__Lsfr9                        sfr9         0000
__Lspace_0                     (abs)        0000
__Lspace_1                     (abs)        0000
__Lspace_2                     (abs)        0000
__Lspace_3                     (abs)        0000
__Lstack                       stack        0000
__Lstrings                     strings      0000
__Lstringtext1                 stringtext1  0000
__Lstringtext10                stringtext10 0000
__Lstringtext11                stringtext11 0000
__Lstringtext12                stringtext12 0000
__Lstringtext13                stringtext13 0000
__Lstringtext14                stringtext14 0000
__Lstringtext15                stringtext15 0000
__Lstringtext16                stringtext16 0000
__Lstringtext17                stringtext17 0000
__Lstringtext18                stringtext18 0000
__Lstringtext19                stringtext19 0000
__Lstringtext2                 stringtext2  0000
__Lstringtext20                stringtext20 0000
__Lstringtext21                stringtext21 0000
__Lstringtext22                stringtext22 0000
__Lstringtext23                stringtext23 0000
__Lstringtext24                stringtext24 0000
__Lstringtext25                stringtext25 0000
__Lstringtext26                stringtext26 0000
__Lstringtext27                stringtext27 0000
__Lstringtext3                 stringtext3  0000
__Lstringtext4                 stringtext4  0000
__Lstringtext5                 stringtext5  0000
__Lstringtext6                 stringtext6  0000
__Lstringtext7                 stringtext7  0000
__Lstringtext8                 stringtext8  0000
__Lstringtext9                 stringtext9  0000
__Ltext                        text         0000
__S0                           (abs)        2800
__S1                           (abs)        0354
__S2                           (abs)        0000
__S3                           (abs)        0000
___altoft                      text58       274D
___altoft@c                    cstackCOMMON 0078
___altoft@exp                  cstackCOMMON 007C
___altoft@sign                 cstackCOMMON 007D
___awdiv                       text7        1513
___awdiv@counter               cstackBANK1  00AA
___awdiv@dividend              cstackBANK1  00A8
___awdiv@divisor               cstackBANK1  00A6
___awdiv@quotient              cstackBANK1  00AC
___awdiv@sign                  cstackBANK1  00AB
___awmod                       text37       0DFE
___awmod@counter               cstackBANK1  00A4
___awmod@dividend              cstackBANK1  00A2
___awmod@divisor               cstackBANK1  00A0
___awmod@sign                  cstackBANK1  00A5
___awtoft                      text7        14C1
___awtoft@c                    cstackBANK1  00AE
___awtoft@sign                 cstackBANK1  00B1
___bmul                        text58       2617
___bmul@multiplicand           cstackCOMMON 0070
___bmul@multiplier             cstackCOMMON 0072
___bmul@product                cstackCOMMON 0071
___ftadd                       text7        13F5
___ftadd@exp1                  cstackBANK1  00BF
___ftadd@exp2                  cstackBANK1  00BE
___ftadd@f1                    cstackBANK1  00B4
___ftadd@f2                    cstackBANK1  00B7
___ftadd@sign                  cstackBANK1  00BD
___ftdiv                       text7        135A
___ftdiv@cntr                  cstackBANK1  00DE
___ftdiv@exp                   cstackBANK1  00DF
___ftdiv@f1                    cstackBANK1  00D8
___ftdiv@f2                    cstackBANK1  00D5
___ftdiv@f3                    cstackBANK1  00E0
___ftdiv@sign                  cstackBANK1  00E3
___ftge                        text37       0C9A
___ftge@ff1                    cstackBANK1  00B2
___ftge@ff2                    cstackBANK1  00B5
___ftmul                       text37       0C2E
___ftmul@cntr                  cstackBANK1  00D3
___ftmul@exp                   cstackBANK1  00CF
___ftmul@f1                    cstackBANK1  00C6
___ftmul@f2                    cstackBANK1  00C9
___ftmul@f3_as_product         cstackBANK1  00D0
___ftmul@sign                  cstackBANK1  00D4
___ftneg                       text14       1E67
___ftneg@f1                    cstackBANK1  00A0
___ftpack                      text37       0CDC
___ftpack@arg                  cstackBANK1  00A0
___ftpack@exp                  cstackBANK1  00A3
___ftpack@sign                 cstackBANK1  00A4
___ftsub                       text7        13DA
___ftsub@f1                    cstackBANK1  00C3
___ftsub@f2                    cstackBANK1  00C0
___fttol                       text7        1553
___fttol@exp1                  cstackBANK1  00E9
___fttol@f1                    cstackBANK1  00DD
___fttol@lval                  cstackBANK1  00E5
___fttol@sign1                 cstackBANK1  00E4
___int_sp                      stack        0000
___latbits                     (abs)        0003
___lbdiv                       text37       0F8F
___lbdiv@counter               cstackBANK1  00A7
___lbdiv@dividend              cstackBANK1  00A6
___lbdiv@divisor               cstackBANK1  00A5
___lbdiv@quotient              cstackBANK1  00A8
___lbmod                       text37       0FA7
___lbmod@counter               cstackBANK1  00A3
___lbmod@dividend              cstackBANK1  00A2
___lbmod@divisor               cstackBANK1  00A0
___lbmod@rem                   cstackBANK1  00A4
___lbtoft                      cinit        0580
___lbtoft@c                    cstackBANK1  00AC
___lldiv                       text14       1E19
___lldiv@counter               cstackBANK1  00AC
___lldiv@dividend              cstackBANK1  00A4
___lldiv@divisor               cstackBANK1  00A0
___lldiv@quotient              cstackBANK1  00A8
___llmod                       text14       1DE3
___llmod@counter               cstackBANK1  00B5
___llmod@dividend              cstackBANK1  00B1
___llmod@divisor               cstackBANK1  00AD
___lltoft                      text7        15A8
___lltoft@c                    cstackBANK1  00A8
___lltoft@exp                  cstackBANK1  00AC
___lmul                        text58       277B
___lmul@multiplicand           cstackCOMMON 0074
___lmul@multiplier             cstackCOMMON 0070
___lmul@product                cstackCOMMON 0078
___lwtoft                      text37       0C8A
___lwtoft@c                    cstackBANK1  00A8
___sp                          stack        0000
___wmul                        text37       0DE9
___wmul@multiplicand           cstackBANK1  00B0
___wmul@multiplier             cstackBANK1  00AE
___wmul@product                cstackBANK1  00B2
__div_to_l_                    text23       06D4
__div_to_l_@cntr               cstackBANK1  00B2
__div_to_l_@exp1               cstackBANK1  00B3
__div_to_l_@f1                 cstackBANK1  00A0
__div_to_l_@f2                 cstackBANK1  00A3
__div_to_l_@quot               cstackBANK1  00AE
__end_ofPL10                   text14       1F2C
__end_ofPL100                  text14       1F98
__end_ofPL102                  text7        174F
__end_ofPL104                  text37       0EB4
__end_ofPL106                  text7        175B
__end_ofPL108                  text37       0EBB
__end_ofPL110                  text7        1761
__end_ofPL112                  text14       1FA4
__end_ofPL114                  text14       1FAB
__end_ofPL116                  text7        176D
__end_ofPL118                  text58       27B8
__end_ofPL12                   text7        1613
__end_ofPL120                  text7        1774
__end_ofPL122                  text14       1FB2
__end_ofPL124                  text14       1FB7
__end_ofPL126                  text37       0EC3
__end_ofPL128                  text7        177C
__end_ofPL130                  text37       0FF2
__end_ofPL132                  text14       1FC2
__end_ofPL134                  text14       1FCD
__end_ofPL136                  text14       1FD7
__end_ofPL138                  text7        1786
__end_ofPL14                   text7        1636
__end_ofPL140                  text37       0ECA
__end_ofPL142                  text7        178D
__end_ofPL144                  cinit        05F9
__end_ofPL146                  text7        1792
__end_ofPL148                  text7        1796
__end_ofPL150                  text7        179A
__end_ofPL152                  text7        17A3
__end_ofPL154                  text7        17A7
__end_ofPL156                  text7        17B0
__end_ofPL158                  text37       096C
__end_ofPL16                   text7        1642
__end_ofPL160                  text37       0ED0
__end_ofPL162                  text14       1FDC
__end_ofPL164                  text14       1FE5
__end_ofPL166                  text7        17B9
__end_ofPL168                  text58       27BF
__end_ofPL170                  text58       27C7
__end_ofPL172                  text58       27CF
__end_ofPL174                  text7        17C1
__end_ofPL176                  text58       27D7
__end_ofPL178                  text7        17C7
__end_ofPL18                   text37       0FCD
__end_ofPL180                  text37       0ED6
__end_ofPL182                  cinit        05FF
__end_ofPL184                  text58       27DD
__end_ofPL186                  text37       0973
__end_ofPL188                  text7        17CE
__end_ofPL190                  text7        17D5
__end_ofPL192                  text37       0FF9
__end_ofPL194                  text58       27E4
__end_ofPL196                  text7        17DC
__end_ofPL198                  text37       0EDD
__end_ofPL2                    text14       1EEE
__end_ofPL20                   text37       0E3F
__end_ofPL200                  text58       27EB
__end_ofPL202                  text58       27F2
__end_ofPL204                  text7        17E3
__end_ofPL206                  text7        17EA
__end_ofPL208                  text37       1000
__end_ofPL210                  text37       0EE3
__end_ofPL212                  text37       0EEA
__end_ofPL214                  text37       097A
__end_ofPL216                  text51       06D4
__end_ofPL218                  text23       078D
__end_ofPL22                   text37       0FD7
__end_ofPL220                  text7        17F0
__end_ofPL222                  text7        17F6
__end_ofPL224                  text51       0688
__end_ofPL226                  text37       0980
__end_ofPL228                  text14       1FEB
__end_ofPL230                  text58       27F8
__end_ofPL232                  text7        17FC
__end_ofPL234                  text14       1FF1
__end_ofPL236                  text37       0EEF
__end_ofPL238                  text37       0EF4
__end_ofPL24                   text7        1661
__end_ofPL240                  text37       0EF9
__end_ofPL242                  text37       0EFD
__end_ofPL244                  text14       1FF6
__end_ofPL246                  text14       1FFB
__end_ofPL248                  text37       0F02
__end_ofPL250                  text58       27FC
__end_ofPL252                  text14       2000
__end_ofPL254                  text58       2800
__end_ofPL256                  text7        1800
__end_ofPL258                  text37       0F07
__end_ofPL26                   text7        1680
__end_ofPL28                   text7        169F
__end_ofPL30                   text7        16BD
__end_ofPL32                   text7        16DB
__end_ofPL34                   text37       095A
__end_ofPL36                   text37       0966
__end_ofPL38                   text14       1F46
__end_ofPL4                    text14       1F06
__end_ofPL40                   text37       0E47
__end_ofPL42                   text7        16E2
__end_ofPL44                   text14       1F50
__end_ofPL46                   text37       0E4F
__end_ofPL48                   text37       0E57
__end_ofPL50                   text37       0FDE
__end_ofPL52                   text14       1F64
__end_ofPL54                   text14       1F70
__end_ofPL56                   text7        16F5
__end_ofPL58                   text7        1707
__end_ofPL6                    text37       093D
__end_ofPL60                   text23       0787
__end_ofPL62                   text37       0E62
__end_ofPL64                   text7        170E
__end_ofPL66                   text37       0E69
__end_ofPL68                   text37       0E70
__end_ofPL70                   text37       0E77
__end_ofPL72                   text37       0E7F
__end_ofPL74                   text37       0FE4
__end_ofPL76                   text37       0E87
__end_ofPL78                   text37       0E8F
__end_ofPL8                    text7        15EF
__end_ofPL80                   text37       0FEB
__end_ofPL82                   text14       1F7E
__end_ofPL84                   text7        171C
__end_ofPL86                   text7        172A
__end_ofPL88                   text14       1F8C
__end_ofPL90                   text14       1F92
__end_ofPL92                   text37       0E9B
__end_ofPL94                   text37       0EA8
__end_ofPL96                   text7        1737
__end_ofPL98                   text7        1743
__end_of_ADC_INITIAL           cinit        05AD
__end_of_BatteryChargingLevel  text37       08A0
__end_of_BatteryLevel          text37       0931
__end_of_DelayMs               text7        14C1
__end_of_DelayUs               text7        1513
__end_of_EEPROM_INIT           cinit        0549
__end_of_EEPROMread            cinit        0561
__end_of_EEPROMwrite           cinit        0580
__end_of_GET_ADC_DATA          text37       0C2E
__end_of_HeatingProcess        text7        135A
__end_of_INIT                  cinit        05B6
__end_of_IO_INT_INITIAL        cinit        05C3
__end_of_ISR                   intentry     0207
__end_of_OP0_INITIAL           cinit        05CB
__end_of_POWER_INITIAL         cinit        05F2
__end_of_PowerOffProcess       text7        108C
__end_of_PowerOnProcess        text37       08D7
__end_of_SmokingProcess        text37       0C11
__end_of_TIM2_INITIAL          text3        07C2
__end_of_UART_Check            cinit        0460
__end_of_UART_INITIAL          text1        07A0
__end_of_Unlock_Flash          cinit        059A
__end_of___altoft              text58       277B
__end_of___awdiv               text7        1553
__end_of___awmod               text37       0E37
__end_of___awtoft              text7        14DD
__end_of___bmul                text58       2623
__end_of___ftadd               text7        14A3
__end_of___ftdiv               text7        13B7
__end_of___ftge                text37       0CC6
__end_of___ftmul               text37       0C8A
__end_of___ftneg               text14       1E6F
__end_of___ftpack              text37       0D1A
__end_of___ftsub               text7        13F5
__end_of___fttol               text7        15A8
__end_of___lbdiv               text37       0FA7
__end_of___lbmod               text37       0FBF
__end_of___lbtoft              cinit        0590
__end_of___lldiv               text14       1E58
__end_of___llmod               text14       1E19
__end_of___lltoft              text7        15C6
__end_of___lmul                text58       27A0
__end_of___lwtoft              text37       0C9A
__end_of___wmul                text37       0DFE
__end_of__div_to_l_            text23       077C
__end_of__initialization       cinit        0229
__end_of__npowers_             stringtext2  2093
__end_of__powers_              stringtext1  206C
__end_of__tdiv_to_l_           text14       1EDE
__end_of_atof                  text58       246B
__end_of_charArrayToInt        text51       06BA
__end_of_dpowers               stringtext3  2028
__end_of_fround                text37       0F8F
__end_of_isdigit               text14       1E67
__end_of_isspace               text58       27B2
__end_of_main                  cinit        0299
__end_of_memset                text55       07B3
__end_of_scale                 text37       0DE9
__end_of_send                  text7        13DA
__end_of_sprintf               text14       1DE3
__end_of_strchr                text51       0641
__end_of_strlen                text37       0CDC
__end_of_strncmp               text51       066C
__end_of_strstr                text51       062D
__end_of_strtod                text58       2609
__end_ofi1___awtoft            text58       2486
__end_ofi1___ftdiv             text58       267F
__end_ofi1___ftge              text58       26AB
__end_ofi1___ftmul             text58       2707
__end_ofi1___ftneg             text58       270F
__end_ofi1___ftpack            text58       274D
__end_ofi1___wmul              text51       06CF
__end_ofi1_isdigit             text58       2617
__end_ofi1_strlen              text51       0682
__initialization               cinit        0209
__npowers_                     stringtext2  206C
__pbssBANK0                    bssBANK0     004B
__pbssBANK2                    bssBANK2     0161
__pbssBANK5                    bssBANK5     02A0
__pbssBANK6                    bssBANK6     0320
__pcstackBANK0                 cstackBANK0  0020
__pcstackBANK1                 cstackBANK1  00A0
__pcstackBANK2                 cstackBANK2  0120
__pcstackBANK3                 cstackBANK3  01A0
__pcstackBANK4                 cstackBANK4  0220
__pcstackBANK5                 cstackBANK5  02ED
__pcstackCOMMON                cstackCOMMON 0070
__pintentry                    intentry     0004
__pmaintext                    cinit        022C
__powers_                      stringtext1  2045
__pstringtext1                 stringtext1  2045
__pstringtext10                stringtext10 20E4
__pstringtext11                stringtext11 20E9
__pstringtext12                stringtext12 20EE
__pstringtext13                stringtext13 20F3
__pstringtext14                stringtext14 20F8
__pstringtext15                stringtext15 20FD
__pstringtext16                stringtext16 2102
__pstringtext17                stringtext17 2106
__pstringtext18                stringtext18 210A
__pstringtext19                stringtext19 210E
__pstringtext2                 stringtext2  206C
__pstringtext20                stringtext20 2112
__pstringtext21                stringtext21 2116
__pstringtext22                stringtext22 211A
__pstringtext23                stringtext23 211E
__pstringtext24                stringtext24 2122
__pstringtext25                stringtext25 2126
__pstringtext26                stringtext26 212A
__pstringtext27                stringtext27 0000
__pstringtext3                 stringtext3  2000
__pstringtext4                 stringtext4  2093
__pstringtext5                 stringtext5  20AA
__pstringtext6                 stringtext6  20C0
__pstringtext7                 stringtext7  20CC
__pstringtext8                 stringtext8  20D6
__pstringtext9                 stringtext9  20DF
__ptext1                       text1        078D
__ptext10                      cinit        05B6
__ptext11                      cinit        05AD
__ptext12                      text7        108C
__ptext13                      text37       0CC6
__ptext14                      text14       192F
__ptext15                      text37       0D1A
__ptext16                      text37       0DFE
__ptext17                      text14       1E58
__ptext18                      text37       0F07
__ptext19                      text37       0DE9
__ptext2                       cinit        0299
__ptext20                      text37       0FA7
__ptext21                      text37       0F8F
__ptext22                      text14       1E6F
__ptext23                      text23       06D4
__ptext24                      text7        15A8
__ptext25                      text14       1DE3
__ptext26                      text14       1E19
__ptext27                      text7        13DA
__ptext28                      text7        13F5
__ptext29                      text14       1E67
__ptext3                       text3        07B3
__ptext30                      text7        13B7
__ptext31                      text37       0C8A
__ptext32                      cinit        0460
__ptext33                      cinit        0580
__ptext34                      cinit        0561
__ptext35                      cinit        0590
__ptext36                      cinit        0549
__ptext37                      text37       0820
__ptext38                      text37       0C9A
__ptext39                      text7        135A
__ptext4                       text37       0980
__ptext40                      text37       0C11
__ptext41                      text7        14A3
__ptext42                      text7        14DD
__ptext43                      text7        1553
__ptext44                      text37       0C2E
__ptext45                      text7        14C1
__ptext46                      text37       0CDC
__ptext47                      text7        1513
__ptext48                      cinit        059A
__ptext5                       text37       08A0
__ptext50                      text58       246B
__ptext51                      text51       05FF
__ptext52                      text51       066C
__ptext53                      text51       0641
__ptext54                      text51       062D
__ptext55                      text55       07A0
__ptext56                      text51       0688
__ptext57                      text51       06BA
__ptext58                      text58       2460
__ptext59                      text58       2486
__ptext6                       text37       08D7
__ptext60                      text58       2609
__ptext61                      text58       2707
__ptext62                      text58       26AB
__ptext63                      text58       267F
__ptext64                      text58       2623
__ptext65                      text58       27A0
__ptext66                      text58       277B
__ptext67                      text58       2617
__ptext68                      text58       274D
__ptext69                      text58       270F
__ptext7                       text7        1065
__ptext8                       cinit        05CB
__ptext9                       cinit        05C3
__size_of_ADC_INITIAL          (abs)        0000
__size_of_BatteryChargingLevel (abs)        0000
__size_of_BatteryLevel         (abs)        0000
__size_of_DelayMs              (abs)        0000
__size_of_DelayUs              (abs)        0000
__size_of_EEPROM_INIT          (abs)        0000
__size_of_EEPROMread           (abs)        0000
__size_of_EEPROMwrite          (abs)        0000
__size_of_GET_ADC_DATA         (abs)        0000
__size_of_HeatingProcess       (abs)        0000
__size_of_INIT                 (abs)        0000
__size_of_IO_INT_INITIAL       (abs)        0000
__size_of_ISR                  (abs)        0000
__size_of_OP0_INITIAL          (abs)        0000
__size_of_POWER_INITIAL        (abs)        0000
__size_of_PowerOffProcess      (abs)        0000
__size_of_PowerOnProcess       (abs)        0000
__size_of_SmokingProcess       (abs)        0000
__size_of_TIM2_INITIAL         (abs)        0000
__size_of_UART_Check           (abs)        0000
__size_of_UART_INITIAL         (abs)        0000
__size_of_Unlock_Flash         (abs)        0000
__size_of___altoft             (abs)        0000
__size_of___awdiv              (abs)        0000
__size_of___awmod              (abs)        0000
__size_of___awtoft             (abs)        0000
__size_of___bmul               (abs)        0000
__size_of___ftadd              (abs)        0000
__size_of___ftdiv              (abs)        0000
__size_of___ftge               (abs)        0000
__size_of___ftmul              (abs)        0000
__size_of___ftneg              (abs)        0000
__size_of___ftpack             (abs)        0000
__size_of___ftsub              (abs)        0000
__size_of___fttol              (abs)        0000
__size_of___lbdiv              (abs)        0000
__size_of___lbmod              (abs)        0000
__size_of___lbtoft             (abs)        0000
__size_of___lldiv              (abs)        0000
__size_of___llmod              (abs)        0000
__size_of___lltoft             (abs)        0000
__size_of___lmul               (abs)        0000
__size_of___lwtoft             (abs)        0000
__size_of___wmul               (abs)        0000
__size_of__div_to_l_           (abs)        0000
__size_of__tdiv_to_l_          (abs)        0000
__size_of_atof                 (abs)        0000
__size_of_charArrayToInt       (abs)        0000
__size_of_fround               (abs)        0000
__size_of_isdigit              (abs)        0000
__size_of_isspace              (abs)        0000
__size_of_main                 (abs)        0000
__size_of_memset               (abs)        0000
__size_of_scale                (abs)        0000
__size_of_send                 (abs)        0000
__size_of_sprintf              (abs)        0000
__size_of_strchr               (abs)        0000
__size_of_strlen               (abs)        0000
__size_of_strncmp              (abs)        0000
__size_of_strstr               (abs)        0000
__size_of_strtod               (abs)        0000
__size_ofi1___awtoft           (abs)        0000
__size_ofi1___ftdiv            (abs)        0000
__size_ofi1___ftge             (abs)        0000
__size_ofi1___ftmul            (abs)        0000
__size_ofi1___ftneg            (abs)        0000
__size_ofi1___ftpack           (abs)        0000
__size_ofi1___wmul             (abs)        0000
__size_ofi1_isdigit            (abs)        0000
__size_ofi1_strlen             (abs)        0000
__tdiv_to_l_                   text14       1E6F
__tdiv_to_l_@cntr              cstackBANK1  00AD
__tdiv_to_l_@exp1              cstackBANK1  00AE
__tdiv_to_l_@f1                cstackBANK1  00A0
__tdiv_to_l_@f2                cstackBANK1  00A3
__tdiv_to_l_@quot              cstackBANK1  00A9
_atof                          text58       2460
_bat                           bssBANK2     0165
_charArrayToInt                text51       0688
_command                       bssBANK6     0340
_diffT                         bssBANK2     0168
_dpowers                       stringtext3  2000
_fround                        text37       0F07
_fround$4216                   cstackBANK1  00DC
_fround$4217                   cstackBANK1  00D9
_isdigit                       text14       1E58
_isdigit$3957                  cstackBANK1  00A0
_isspace                       text58       27A0
_isspace$3960                  cstackCOMMON 0070
_m                             bssBANK5     02A7
_main                          cinit        022C
_memset                        text55       07A0
_n                             bssBANK5     02EB
_pf                            bssBANK0     0060
_pt                            bssBANK0     005E
_scale                         text37       0D1A
_scale$4218                    cstackBANK1  00D9
_send                          text7        13B7
_sprintf                       text14       192F
_sprintf$4219                  cstackBANK2  0132
_strchr                        text51       062D
_strlen                        text37       0CC6
_strncmp                       text51       0641
_strstr                        text51       05FF
_strtod                        text58       2486
_strtod$3875                   cstackBANK0  002D
_strtod$3876                   cstackBANK0  0030
_strtod$3877                   cstackBANK0  0033
_strtod$3878                   cstackBANK0  0036
_t1                            bssBANK2     016E
_t1E                           bssBANK5     02DB
_t2                            bssBANK0     0062
_t2E                           bssBANK5     02D9
_timeleft                      bssBANK5     02C7
_timeleft1                     bssBANK5     02C5
_timeleft2                     bssBANK5     02C3
_timeleft3                     bssBANK5     02C1
_timenow                       bssBANK5     02BF
_valc                          bssBANK6     032C
atof@s                         cstackBANK0  0045
btemp                          (abs)        007E
charArrayToInt@arr             cstackBANK0  0024
charArrayToInt@i               cstackBANK0  0022
charArrayToInt@res             cstackBANK0  0020
clear_ram0                     clrtext      07C2
end_of_initialization          cinit        0229
fround@prec                    cstackBANK1  00DF
i1___awtoft                    text58       246B
i1___awtoft@c                  cstackBANK0  0025
i1___awtoft@sign               cstackCOMMON 007D
i1___ftdiv                     text58       2623
i1___ftdiv@cntr                cstackBANK0  0023
i1___ftdiv@exp                 cstackBANK0  0027
i1___ftdiv@f1                  cstackCOMMON 007B
i1___ftdiv@f2                  cstackCOMMON 0078
i1___ftdiv@f3                  cstackBANK0  0024
i1___ftdiv@sign                cstackBANK0  0028
i1___ftge                      text58       267F
i1___ftge@ff1                  cstackCOMMON 0070
i1___ftge@ff2                  cstackCOMMON 0073
i1___ftmul                     text58       26AB
i1___ftmul@cntr                cstackBANK0  0027
i1___ftmul@exp                 cstackBANK0  0023
i1___ftmul@f1                  cstackCOMMON 0078
i1___ftmul@f2                  cstackCOMMON 007B
i1___ftmul@f3_as_product       cstackBANK0  0024
i1___ftmul@sign                cstackBANK0  0028
i1___ftneg                     text58       2707
i1___ftneg@f1                  cstackCOMMON 0070
i1___ftpack                    text58       270F
i1___ftpack@arg                cstackCOMMON 0070
i1___ftpack@exp                cstackCOMMON 0073
i1___ftpack@sign               cstackCOMMON 0074
i1___wmul                      text51       06BA
i1___wmul@multiplicand         cstackCOMMON 0072
i1___wmul@multiplier           cstackCOMMON 0070
i1___wmul@product              cstackCOMMON 0074
i1_isdigit                     text58       2609
i1_isdigit$3957                cstackCOMMON 0070
i1_strlen                      text51       066C
i1isdigit@c                    cstackCOMMON 0071
i1strlen@cp                    cstackCOMMON 0073
i1strlen@s                     cstackCOMMON 0070
int$flags                      (abs)        007E
intlevel0                      functab      0000
intlevel1                      functab      0000
intlevel2                      functab      0000
intlevel3                      functab      0000
intlevel4                      functab      0000
intlevel5                      functab      0000
isdigit@c                      cstackBANK1  00A1
isspace@c                      cstackCOMMON 0071
memset@c                       cstackCOMMON 0070
memset@n                       cstackCOMMON 0072
memset@p                       cstackCOMMON 0074
memset@p1                      cstackCOMMON 0075
reset_vec                      reset_vec    0000
scale@scl                      cstackBANK1  00DC
send@i                         cstackBANK2  0129
send@len                       cstackBANK2  0126
send@tbuf                      cstackBANK2  0124
sprintf@ap                     cstackBANK2  0135
sprintf@c                      cstackBANK2  0149
sprintf@exp                    cstackBANK2  0140
[...]
		On entry : 
		On exit  : 
		Unchanged: 
 Data sizes:     COMMON   BANK0   BANK1   BANK2   BANK3   BANK4   BANK5   BANK6   BANK7   BANK8   BANK9  BANK10  BANK11  BANK12
      Params:         4       0       0       0       0       0       0       0       0       0       0       0       0       0
      Locals:         2       0       0       0       0       0       0       0       0       0       0       0       0       0
      Temps:          0       0       0       0       0       0       0       0       0       0       0       0       0       0
      Totals:         6       0       0       0       0       0       0       0       0       0       0       0       0       0
Total ram usage:        6 bytes
 Hardware stack levels used:    1
 Hardware stack levels required when called:    1
 This function calls:
		i1___ftpack
 This function is called by:
		_strtod
 This function uses a non-reentrant model


 *************** function i1___ftpack *****************
 Defined at:
		line 62 in file "C:\Embeded Project\FT64F0A5-TRB\YSQ-NFB\reference\fmd\FMD-MCU-IDE\FMDIDEV3.0.6\data\sources\common\float.c"
 Parameters:    Size  Location     Type
  arg             3    0[COMMON] unsigned um
  exp             1    3[COMMON] unsigned char 
  sign            1    4[COMMON] unsigned char 
 Auto vars:     Size  Location     Type
		None
 Return value:  Size  Location     Type
                  3    0[COMMON] float 
 Registers used:
		wreg, status,2, status,0
 Tracked objects:
		On entry : 
		On exit  : 
		Unchanged: 
 Data sizes:     COMMON   BANK0   BANK1   BANK2   BANK3   BANK4   BANK5   BANK6   BANK7   BANK8   BANK9  BANK10  BANK11  BANK12
      Params:         5       0       0       0       0       0       0       0       0       0       0       0       0       0
      Locals:         0       0       0       0       0       0       0       0       0       0       0       0       0       0
      Temps:          3       0       0       0       0       0       0       0       0       0       0       0       0       0
      Totals:         8       0       0       0       0       0       0       0       0       0       0       0       0       0
Total ram usage:        8 bytes
 Hardware stack levels used:    1
 This function calls:
		Nothing
 This function is called by:
		___altoft
		i1___awtoft
		i1___ftdiv
		i1___ftmul
 This function uses a non-reentrant model



MODULE INFORMATION

Module		Function		Class		Link	Load	Size
C:\Embeded Project\FT64F0A5-TRB\YSQ-NFB\reference\fmd\FMD-MCU-IDE\FMDIDEV3.0.6\data\sources\common\awmod.c
		___awmod       		CODE           	0DFE	0000	58

C:\Embeded Project\FT64F0A5-TRB\YSQ-NFB\reference\fmd\FMD-MCU-IDE\FMDIDEV3.0.6\data\sources\common\awmod.c estimated size: 58

C:\Embeded Project\FT64F0A5-TRB\YSQ-NFB\reference\fmd\FMD-MCU-IDE\FMDIDEV3.0.6\data\sources\common\llmod.c
		___llmod       		CODE           	1DE3	0000	55

C:\Embeded Project\FT64F0A5-TRB\YSQ-NFB\reference\fmd\FMD-MCU-IDE\FMDIDEV3.0.6\data\sources\common\llmod.c estimated size: 55

C:\Embeded Project\FT64F0A5-TRB\YSQ-NFB\reference\fmd\FMD-MCU-IDE\FMDIDEV3.0.6\data\sources\common\lwtoft.c
		___lwtoft      		CODE           	0C8A	0000	17

C:\Embeded Project\FT64F0A5-TRB\YSQ-NFB\reference\fmd\FMD-MCU-IDE\FMDIDEV3.0.6\data\sources\common\lwtoft.c estimated size: 17

C:\Embeded Project\FT64F0A5-TRB\YSQ-NFB\reference\fmd\FMD-MCU-IDE\FMDIDEV3.0.6\data\sources\common\lltoft.c
		___lltoft      		CODE           	15A8	0000	31

C:\Embeded Project\FT64F0A5-TRB\YSQ-NFB\reference\fmd\FMD-MCU-IDE\FMDIDEV3.0.6\data\sources\common\lltoft.c estimated size: 31

C:\Embeded Project\FT64F0A5-TRB\YSQ-NFB\reference\fmd\FMD-MCU-IDE\FMDIDEV3.0.6\data\sources\common\ftmul.c
		___ftmul       		CODE           	0C2E	0000	93

C:\Embeded Project\FT64F0A5-TRB\YSQ-NFB\reference\fmd\FMD-MCU-IDE\FMDIDEV3.0.6\data\sources\common\ftmul.c estimated size: 93

C:\Embeded Project\FT64F0A5-TRB\YSQ-NFB\reference\fmd\FMD-MCU-IDE\FMDIDEV3.0.6\data\sources\common\ftdiv.c
		___ftdiv       		CODE           	135A	0000	94

C:\Embeded Project\FT64F0A5-TRB\YSQ-NFB\reference\fmd\FMD-MCU-IDE\FMDIDEV3.0.6\data\sources\common\ftdiv.c estimated size: 94

C:\Embeded Project\FT64F0A5-TRB\YSQ-NFB\reference\fmd\FMD-MCU-IDE\FMDIDEV3.0.6\data\sources\common\doprnt.c
		_scale         		CODE           	0D1A	0000	208
		_sprintf       		CODE           	192F	0000	1205
		_fround        		CODE           	0F07	0000	137

C:\Embeded Project\FT64F0A5-TRB\YSQ-NFB\reference\fmd\FMD-MCU-IDE\FMDIDEV3.0.6\data\sources\common\doprnt.c estimated size: 1550

C:\Embeded Project\FT64F0A5-TRB\YSQ-NFB\reference\fmd\FMD-MCU-IDE\FMDIDEV3.0.6\data\sources\common\isdigit.c
		_isdigit       		CODE           	1E58	0000	16

C:\Embeded Project\FT64F0A5-TRB\YSQ-NFB\reference\fmd\FMD-MCU-IDE\FMDIDEV3.0.6\data\sources\common\isdigit.c estimated size: 16

C:\Embeded Project\FT64F0A5-TRB\YSQ-NFB\reference\fmd\FMD-MCU-IDE\FMDIDEV3.0.6\data\sources\common\ftdivl.c
		__tdiv_to_l_   		CODE           	1E6F	0000	112

C:\Embeded Project\FT64F0A5-TRB\YSQ-NFB\reference\fmd\FMD-MCU-IDE\FMDIDEV3.0.6\data\sources\common\ftdivl.c estimated size: 112

C:\Embeded Project\FT64F0A5-TRB\YSQ-NFB\reference\fmd\FMD-MCU-IDE\FMDIDEV3.0.6\data\sources\common\awdiv.c
		___awdiv       		CODE           	1513	0000	65

C:\Embeded Project\FT64F0A5-TRB\YSQ-NFB\reference\fmd\FMD-MCU-IDE\FMDIDEV3.0.6\data\sources\common\awdiv.c estimated size: 65

C:\Embeded Project\FT64F0A5-TRB\YSQ-NFB\reference\fmd\FMD-MCU-IDE\FMDIDEV3.0.6\data\sources\common\strstr.c
		_strstr        		CODE           	05FF	0000	47

C:\Embeded Project\FT64F0A5-TRB\YSQ-NFB\reference\fmd\FMD-MCU-IDE\FMDIDEV3.0.6\data\sources\common\strstr.c estimated size: 47

C:\Embeded Project\FT64F0A5-TRB\YSQ-NFB\reference\fmd\FMD-MCU-IDE\FMDIDEV3.0.6\data\sources\common\Umul16.c
		___wmul        		CODE           	0DE9	0000	22

C:\Embeded Project\FT64F0A5-TRB\YSQ-NFB\reference\fmd\FMD-MCU-IDE\FMDIDEV3.0.6\data\sources\common\Umul16.c estimated size: 22

C:\Embeded Project\FT64F0A5-TRB\YSQ-NFB\reference\fmd\FMD-MCU-IDE\FMDIDEV3.0.6\data\sources\common\lbmod.c
		___lbmod       		CODE           	0FA7	0000	25

C:\Embeded Project\FT64F0A5-TRB\YSQ-NFB\reference\fmd\FMD-MCU-IDE\FMDIDEV3.0.6\data\sources\common\lbmod.c estimated size: 25

NFB.C
		_UART_Check    		CODE           	0299	0000	456
		_DelayUs       		CODE           	14DD	0000	55
		_ISR           		CODE           	0004	0000	516
		_HeatingProcess		CODE           	108C	0000	719
		_EEPROM_INIT   		CODE           	0460	0000	234
		_UART_INITIAL  		CODE           	078D	0000	20
		_main          		CODE           	022C	0000	110
		_EEPROMread    		CODE           	0549	0000	25
		_TIM2_INITIAL  		CODE           	07B3	0000	16
		_SmokingProcess		CODE           	0980	0000	658
		_DelayMs       		CODE           	14A3	0000	31
		_POWER_INITIAL 		CODE           	05CB	0000	40
		_charArrayToInt		CODE           	0688	0000	51
		_OP0_INITIAL   		CODE           	05C3	0000	9
		_PowerOffProcess		CODE           	1065	0000	40
		_BatteryLevel  		CODE           	08D7	0000	91
		_EEPROMwrite   		CODE           	0561	0000	32
		_IO_INT_INITIAL		CODE           	05B6	0000	14
		_Unlock_Flash  		CODE           	0590	0000	11
		_send          		CODE           	13B7	0000	36
		_GET_ADC_DATA  		CODE           	0C11	0000	30
		_PowerOnProcess		CODE           	08A0	0000	56
		_BatteryChargingLevel		CODE           	0820	0000	129
		_INIT          		CODE           	05AD	0000	10
		_ADC_INITIAL   		CODE           	059A	0000	20

NFB.C estimated size: 3409

C:\Embeded Project\FT64F0A5-TRB\YSQ-NFB\reference\fmd\FMD-MCU-IDE\FMDIDEV3.0.6\data\sources\common\lldiv.c
		___lldiv       		CODE           	1E19	0000	64

C:\Embeded Project\FT64F0A5-TRB\YSQ-NFB\reference\fmd\FMD-MCU-IDE\FMDIDEV3.0.6\data\sources\common\lldiv.c estimated size: 64

C:\Embeded Project\FT64F0A5-TRB\YSQ-NFB\reference\fmd\FMD-MCU-IDE\FMDIDEV3.0.6\data\sources\common\Umul8.c
		___bmul        		CODE           	2617	0000	13

C:\Embeded Project\FT64F0A5-TRB\YSQ-NFB\reference\fmd\FMD-MCU-IDE\FMDIDEV3.0.6\data\sources\common\Umul8.c estimated size: 13

C:\Embeded Project\FT64F0A5-TRB\YSQ-NFB\reference\fmd\FMD-MCU-IDE\FMDIDEV3.0.6\data\sources\common\fttol.c
		___fttol       		CODE           	1553	0000	86

C:\Embeded Project\FT64F0A5-TRB\YSQ-NFB\reference\fmd\FMD-MCU-IDE\FMDIDEV3.0.6\data\sources\common\fttol.c estimated size: 86

shared
		PL12           		CODE           	15EF	0000	37
		PL50           		CODE           	0FD7	0000	8
		PL8            		CODE           	15C6	0000	42
		PL22           		CODE           	0FCD	0000	11
		PL60           		CODE           	077C	0000	12
		PL178          		CODE           	17C1	0000	7
		PL100          		CODE           	1F92	0000	7
		PL32           		CODE           	16BD	0000	31
		PL70           		CODE           	0E70	0000	8
		PL200          		CODE           	27E4	0000	8
		PL42           		CODE           	16DB	0000	8
		PL80           		CODE           	0FE4	0000	8
		i1___ftneg     		CODE           	2707	0000	9
		PL188          		CODE           	17C7	0000	8
		PL110          		CODE           	175B	0000	7
		PL14           		CODE           	1613	0000	36
		PL52           		CODE           	1F50	0000	21
		PL90           		CODE           	1F8C	0000	7
		PL210          		CODE           	0EDD	0000	7
		PL24           		CODE           	1642	0000	32
		PL62           		CODE           	0E57	0000	12
		PL198          		CODE           	0ED6	0000	8
		PL120          		CODE           	176D	0000	8
		PL34           		CODE           	093D	0000	30
		PL72           		CODE           	0E77	0000	9
		PL220          		CODE           	17EA	0000	7
		PL44           		CODE           	1F46	0000	11
		PL82           		CODE           	1F70	0000	15
		PL130          		CODE           	0FEB	0000	8
		PL16           		CODE           	1636	0000	13
		PL54           		CODE           	1F64	0000	13
		PL92           		CODE           	0E8F	0000	13
		i1___ftdiv     		CODE           	2623	0000	93
		PL230          		CODE           	27F2	0000	7
		PL26           		CODE           	1661	0000	32
		PL64           		CODE           	1707	0000	8
		__powers_      		STRCODE        	2045	0000	40
		PL102          		CODE           	1743	0000	13
		PL140          		CODE           	0EC3	0000	8
		PL36           		CODE           	095A	0000	13
		PL74           		CODE           	0FDE	0000	7
		PL202          		CODE           	27EB	0000	8
		PL240          		CODE           	0EF4	0000	6
		PL46           		CODE           	0E47	0000	9
		PL84           		CODE           	170E	0000	15
		i1___ftge      		CODE           	267F	0000	45
		_dpowers       		STRCODE        	2000	0000	41
		PL112          		CODE           	1F98	0000	13
		PL150          		CODE           	1796	0000	5
		PL18           		CODE           	0FBF	0000	15
		PL56           		CODE           	16E2	0000	20
		PL94           		CODE           	0E9B	0000	14
		i1_isdigit     		CODE           	2609	0000	15
		PL212          		CODE           	0EE3	0000	8
		PL250          		CODE           	27F8	0000	5
		PL28           		CODE           	1680	0000	32
		PL66           		CODE           	0E62	0000	8
		PL122          		CODE           	1FAB	0000	8
		PL160          		CODE           	0ECA	0000	7
		PL38           		CODE           	1F2C	0000	27
		PL76           		CODE           	0E7F	0000	9
		PL222          		CODE           	17F0	0000	7
		PL48           		CODE           	0E4F	0000	9
		PL86           		CODE           	171C	0000	15
		PL132          		CODE           	1FB7	0000	12
		PL170          		CODE           	27BF	0000	9
		PL58           		CODE           	16F5	0000	19
		PL96           		CODE           	172A	0000	14
		PL232          		CODE           	17F6	0000	7
		PL68           		CODE           	0E69	0000	8
		i1___awtoft    		CODE           	246B	0000	28
		i1___ftmul     		CODE           	26AB	0000	93
		PL104          		CODE           	0EA8	0000	13
		PL142          		CODE           	1786	0000	8
		PL180          		CODE           	0ED0	0000	7
		PL78           		CODE           	0E87	0000	9
		i1___wmul      		CODE           	06BA	0000	22
		PL204          		CODE           	17DC	0000	8
		PL242          		CODE           	0EF9	0000	5
		PL88           		CODE           	1F7E	0000	15
		PL114          		CODE           	1FA4	0000	8
		PL152          		CODE           	179A	0000	10
		PL190          		CODE           	17CE	0000	8
		PL98           		CODE           	1737	0000	13
		PL214          		CODE           	0973	0000	8
		PL252          		CODE           	1FFB	0000	6
		i1___ftpack    		CODE           	270F	0000	63
		__npowers_     		STRCODE        	206C	0000	40
		PL124          		CODE           	1FB2	0000	6
		PL162          		CODE           	1FD7	0000	6
		__initialization		CODE           	0209	0000	33
		PL224          		CODE           	0682	0000	7
		PL134          		CODE           	1FC2	0000	12
		PL172          		CODE           	27C7	0000	9
		PL234          		CODE           	1FEB	0000	7
		PL106          		CODE           	174F	0000	13
		PL144          		CODE           	05F2	0000	8
		PL182          		CODE           	05F9	0000	7
		PL206          		CODE           	17E3	0000	8
		PL244          		CODE           	1FF1	0000	6
		PL116          		CODE           	1761	0000	13
		PL154          		CODE           	17A3	0000	5
		PL192          		CODE           	0FF2	0000	8
		PL216          		CODE           	06CF	0000	6
		PL254          		CODE           	27FC	0000	5
		PL126          		CODE           	0EBB	0000	9
		PL164          		CODE           	1FDC	0000	10
		PL226          		CODE           	097A	0000	7
		PL136          		CODE           	1FCD	0000	11
		PL174          		CODE           	17B9	0000	9
		PL236          		CODE           	0EEA	0000	6
		PL108          		CODE           	0EB4	0000	8
		PL146          		CODE           	178D	0000	6
		PL184          		CODE           	27D7	0000	7
		PL208          		CODE           	0FF9	0000	8
		PL246          		CODE           	1FF6	0000	6
		PL118          		CODE           	27B2	0000	7
		PL156          		CODE           	17A7	0000	10
		PL194          		CODE           	27DD	0000	8
		PL218          		CODE           	0787	0000	7
		PL256          		CODE           	17FC	0000	5
		PL128          		CODE           	1774	0000	9
		PL166          		CODE           	17B0	0000	10
		PL228          		CODE           	1FE5	0000	7
		i1_strlen      		CODE           	066C	0000	23
		PL138          		CODE           	177C	0000	11
		PL176          		CODE           	27CF	0000	9
		PL2            		CODE           	1EDE	0000	17
		PL238          		CODE           	0EEF	0000	6
		PL148          		CODE           	1792	0000	5
		PL186          		CODE           	096C	0000	8
		PL10           		CODE           	1F06	0000	39
		PL4            		CODE           	1EEE	0000	25
		PL248          		CODE           	0EFD	0000	6
		PL20           		CODE           	0E37	0000	9
		PL158          		CODE           	0966	0000	7
		PL196          		CODE           	17D5	0000	8
		PL30           		CODE           	169F	0000	31
		PL6            		CODE           	0931	0000	13
		PL258          		CODE           	0F02	0000	6
		PL40           		CODE           	0E3F	0000	9
		PL168          		CODE           	27B8	0000	8

shared estimated size: 2005

C:\Embeded Project\FT64F0A5-TRB\YSQ-NFB\reference\fmd\FMD-MCU-IDE\FMDIDEV3.0.6\data\sources\common\ftadd.c
		___ftadd       		CODE           	13F5	0000	175

C:\Embeded Project\FT64F0A5-TRB\YSQ-NFB\reference\fmd\FMD-MCU-IDE\FMDIDEV3.0.6\data\sources\common\ftadd.c estimated size: 175

C:\Embeded Project\FT64F0A5-TRB\YSQ-NFB\reference\fmd\FMD-MCU-IDE\FMDIDEV3.0.6\data\sources\common\Umul32.c
		___lmul        		CODE           	277B	0000	38

C:\Embeded Project\FT64F0A5-TRB\YSQ-NFB\reference\fmd\FMD-MCU-IDE\FMDIDEV3.0.6\data\sources\common\Umul32.c estimated size: 38

C:\Embeded Project\FT64F0A5-TRB\YSQ-NFB\reference\fmd\FMD-MCU-IDE\FMDIDEV3.0.6\data\sources\common\atof.c
		_atof          		CODE           	2460	0000	12
		_strtod        		CODE           	2486	0000	388

C:\Embeded Project\FT64F0A5-TRB\YSQ-NFB\reference\fmd\FMD-MCU-IDE\FMDIDEV3.0.6\data\sources\common\atof.c estimated size: 400

C:\Embeded Project\FT64F0A5-TRB\YSQ-NFB\reference\fmd\FMD-MCU-IDE\FMDIDEV3.0.6\data\sources\common\fldivl.c
		__div_to_l_    		CODE           	06D4	0000	169

C:\Embeded Project\FT64F0A5-TRB\YSQ-NFB\reference\fmd\FMD-MCU-IDE\FMDIDEV3.0.6\data\sources\common\fldivl.c estimated size: 169

C:\Embeded Project\FT64F0A5-TRB\YSQ-NFB\reference\fmd\FMD-MCU-IDE\FMDIDEV3.0.6\data\sources\common\lbdiv.c
		___lbdiv       		CODE           	0F8F	0000	25

C:\Embeded Project\FT64F0A5-TRB\YSQ-NFB\reference\fmd\FMD-MCU-IDE\FMDIDEV3.0.6\data\sources\common\lbdiv.c estimated size: 25

C:\Embeded Project\FT64F0A5-TRB\YSQ-NFB\reference\fmd\FMD-MCU-IDE\FMDIDEV3.0.6\data\sources\common\isspace.c
		_isspace       		CODE           	27A0	0000	19

C:\Embeded Project\FT64F0A5-TRB\YSQ-NFB\reference\fmd\FMD-MCU-IDE\FMDIDEV3.0.6\data\sources\common\isspace.c estimated size: 19

C:\Embeded Project\FT64F0A5-TRB\YSQ-NFB\reference\fmd\FMD-MCU-IDE\FMDIDEV3.0.6\data\sources\common\strlen.c
		_strlen        		CODE           	0CC6	0000	23

C:\Embeded Project\FT64F0A5-TRB\YSQ-NFB\reference\fmd\FMD-MCU-IDE\FMDIDEV3.0.6\data\sources\common\strlen.c estimated size: 23

C:\Embeded Project\FT64F0A5-TRB\YSQ-NFB\reference\fmd\FMD-MCU-IDE\FMDIDEV3.0.6\data\sources\common\ftge.c
		___ftge        		CODE           	0C9A	0000	45

C:\Embeded Project\FT64F0A5-TRB\YSQ-NFB\reference\fmd\FMD-MCU-IDE\FMDIDEV3.0.6\data\sources\common\ftge.c estimated size: 45

C:\Embeded Project\FT64F0A5-TRB\YSQ-NFB\reference\fmd\FMD-MCU-IDE\FMDIDEV3.0.6\data\sources\common\ftneg.c
		___ftneg       		CODE           	1E67	0000	9

C:\Embeded Project\FT64F0A5-TRB\YSQ-NFB\reference\fmd\FMD-MCU-IDE\FMDIDEV3.0.6\data\sources\common\ftneg.c estimated size: 9

C:\Embeded Project\FT64F0A5-TRB\YSQ-NFB\reference\fmd\FMD-MCU-IDE\FMDIDEV3.0.6\data\sources\common\strchr.c
		_strchr        		CODE           	062D	0000	21

C:\Embeded Project\FT64F0A5-TRB\YSQ-NFB\reference\fmd\FMD-MCU-IDE\FMDIDEV3.0.6\data\sources\common\strchr.c estimated size: 21

C:\Embeded Project\FT64F0A5-TRB\YSQ-NFB\reference\fmd\FMD-MCU-IDE\FMDIDEV3.0.6\data\sources\common\awtoft.c
		___awtoft      		CODE           	14C1	0000	29

C:\Embeded Project\FT64F0A5-TRB\YSQ-NFB\reference\fmd\FMD-MCU-IDE\FMDIDEV3.0.6\data\sources\common\awtoft.c estimated size: 29

C:\Embeded Project\FT64F0A5-TRB\YSQ-NFB\reference\fmd\FMD-MCU-IDE\FMDIDEV3.0.6\data\sources\common\strncmp.c
		_strncmp       		CODE           	0641	0000	44

C:\Embeded Project\FT64F0A5-TRB\YSQ-NFB\reference\fmd\FMD-MCU-IDE\FMDIDEV3.0.6\data\sources\common\strncmp.c estimated size: 44

C:\Embeded Project\FT64F0A5-TRB\YSQ-NFB\reference\fmd\FMD-MCU-IDE\FMDIDEV3.0.6\data\sources\common\lbtoft.c
		___lbtoft      		CODE           	0580	0000	17

C:\Embeded Project\FT64F0A5-TRB\YSQ-NFB\reference\fmd\FMD-MCU-IDE\FMDIDEV3.0.6\data\sources\common\lbtoft.c estimated size: 17

C:\Embeded Project\FT64F0A5-TRB\YSQ-NFB\reference\fmd\FMD-MCU-IDE\FMDIDEV3.0.6\data\sources\common\altoft.c
		___altoft      		CODE           	274D	0000	47

C:\Embeded Project\FT64F0A5-TRB\YSQ-NFB\reference\fmd\FMD-MCU-IDE\FMDIDEV3.0.6\data\sources\common\altoft.c estimated size: 47

C:\Embeded Project\FT64F0A5-TRB\YSQ-NFB\reference\fmd\FMD-MCU-IDE\FMDIDEV3.0.6\data\sources\common\ftsub.c
		___ftsub       		CODE           	13DA	0000	28

C:\Embeded Project\FT64F0A5-TRB\YSQ-NFB\reference\fmd\FMD-MCU-IDE\FMDIDEV3.0.6\data\sources\common\ftsub.c estimated size: 28

C:\Embeded Project\FT64F0A5-TRB\YSQ-NFB\reference\fmd\FMD-MCU-IDE\FMDIDEV3.0.6\data\sources\common\float.c
		___ftpack      		CODE           	0CDC	0000	63

C:\Embeded Project\FT64F0A5-TRB\YSQ-NFB\reference\fmd\FMD-MCU-IDE\FMDIDEV3.0.6\data\sources\common\float.c estimated size: 63

C:\Embeded Project\FT64F0A5-TRB\YSQ-NFB\reference\fmd\FMD-MCU-IDE\FMDIDEV3.0.6\data\sources\common\memset.c
		_memset        		CODE           	07A0	0000	20

C:\Embeded Project\FT64F0A5-TRB\YSQ-NFB\reference\fmd\FMD-MCU-IDE\FMDIDEV3.0.6\data\sources\common\memset.c estimated size: 20

