GNU Tool Chain  

Linker command line:

\
  --edf=C:\Embeded Project\FT64F0A5-TRB\YSQ-NFB\reference\fmd\FMD-MCU-IDE\FMDIDEV3.0.6\data\dat\en_msgs.txt \
  -cs -h+adc.sym --cmf=adc.cmf -z -QFT64F0AX \
  -oC:\Users\monic\AppData\Local\Temp\sbsc.2 -Madc.map -E1 -ver=XC8 \
  -ASTACK=020D9h-023efh -pstack=STACK -ACODE=00h-07FFhx5 \
  -ASTRCODE=00h-027FFh -ASTRING=00h-0FFhx40 -ACONST=00h-0FFhx40 \
  -AENTRY=00h-0FFhx40 -ACOMMON=070h-07Fh -ABANK0=020h-06Fh \
  -ABANK1=0A0h-0EFh -ABANK2=0120h-016Fh -ABANK3=01A0h-01EFh \
  -ABANK4=0220h-026Fh -ABANK5=02A0h-02EFh -ABANK6=0320h-036Fh \
  -ABANK7=03A0h-03EFh -ABANK8=0420h-046Fh -ABANK9=04A0h-04EFh \
  -ABANK10=0520h-056Fh -ABANK11=05A0h-05EFh -ABANK12=0620h-064Fh \
  -ABIGRAM=02000h-023EFh \
  -ARAM=020h-06Fh,0A0h-0EFh,0120h-016Fh,01A0h-01EFh,0220h-026Fh,02A0h-02EFh,0320h-036Fh,03A0h-03EFh,0420h-046Fh,04A0h-04EFh,0520h-056Fh,05A0h-05EFh,0620h-064Fh \
  -AABS1=020h-07Fh,0A0h-0EFh,0120h-016Fh,01A0h-01EFh,0220h-026Fh,02A0h-02EFh,0320h-036Fh,03A0h-03EFh,0420h-046Fh,04A0h-04EFh,0520h-056Fh,05A0h-05EFh,0620h-064Fh \
  -ASFR0=00h-01Fh -ASFR1=080h-09Fh -ASFR2=0100h-011Fh -ASFR3=0180h-019Fh \
  -ASFR4=0200h-021Fh -ASFR5=0280h-029Fh -ASFR6=0300h-031Fh \
  -ASFR7=0380h-039Fh -ASFR8=0400h-041Fh -ASFR9=0480h-049Fh \
  -ASFR10=0500h-051Fh -ASFR11=0580h-059Fh -ASFR12=0600h-061Fh \
  -ASFR13=0680h-06EFh -ASFR14=0700h-076Fh -ASFR15=0780h-07EFh \
  -ASFR16=0800h-086Fh -ASFR17=0880h-08EFh -ASFR18=0900h-096Fh \
  -ASFR19=0980h-09EFh -ASFR20=0A00h-0A6Fh -ASFR21=0A80h-0AEFh \
  -ASFR22=0B00h-0B6Fh -ASFR23=0B80h-0BEFh -ASFR24=0C00h-0C6Fh \
  -ASFR25=0C80h-0CEFh -ASFR26=0D00h-0D6Fh -ASFR27=0D80h-0DEFh \
  -ASFR28=0E00h-0E6Fh -ASFR29=0E80h-0EEFh -ASFR30=0F00h-0F6Fh \
  -ASFR31=0F80h-0FEFh -preset_vec=00h,intentry,init,end_init -ppowerup=CODE \
  -pcinit=CODE -pfunctab=ENTRY -ACONFIG=08007h-08008h -pconfig=CONFIG \
  -DCONFIG=2 -AIDLOC=08000h-08003h -pidloc=IDLOC -DIDLOC=2 \
  -AEEDATA=00h-07Fh/0F000h -peeprom_data=EEDATA -DEEDATA=2 -DCODE=2 \
  -DSTRCODE=2 -DSTRING=2 -DCONST=2 -DENTRY=2 -k \
  C:\Users\monic\AppData\Local\Temp\sbsc.obj adc.obj 

Object code version is 3.11

Machine type is FT64F0AX



                Name                               Link     Load   Length Selector   Space Scale
C:\Users\monic\AppData\Local\Temp\sbsc.obj
                end_init                              2        2        2        0       0
                reset_vec                             0        0        2        0       0
adc.obj         cinit                               200      200      600      400       0
                text11                              14F      14F       B1      29E       0
                text2                               88A      88A      776     1114       0
                cstackBANK0                          20       20       42       20       1
                cstackCOMMON                         70       70        E       70       1
                cstackBANK1                          A0       A0       18       A0       1
                cstackBANK2                         120      120       39      120       1
                stringtext5                        10B7     10B7       14     2000       0
                stringtext4                        1000     1000       41     2000       0
                stringtext3                        1041     1041       28     2000       0
                stringtext2                        1090     1090       27     2000       0
                stringtext1                        1069     1069       27     2000       0

TOTAL           Name                               Link     Load   Length     Space
        CLASS   STACK          

        CLASS   CODE           
                end_init                              2        2        2         0
                cinit                               200      200      600         0
                reset_vec                             0        0        2         0
                text11                              14F      14F       B1         0
                text2                               88A      88A      776         0

        CLASS   STRCODE        
                stringtext5                        10B7     10B7       14         0
                stringtext4                        1000     1000       41         0
                stringtext3                        1041     1041       28         0
                stringtext2                        1090     1090       27         0
                stringtext1                        1069     1069       27         0

        CLASS   STRING         

        CLASS   CONST          

        CLASS   ENTRY          

        CLASS   COMMON         
                cstackCOMMON                         70       70        E         1

        CLASS   BANK0          
                cstackBANK0                          20       20       42         1

        CLASS   BANK1          
                cstackBANK1                          A0       A0       18         1

        CLASS   BANK2          
                cstackBANK2                         120      120       39         1

        CLASS   BANK3          

        CLASS   BANK4          

        CLASS   BANK5          

        CLASS   BANK6          

        CLASS   BANK7          

        CLASS   BANK8          

        CLASS   BANK9          

        CLASS   BANK10         

        CLASS   BANK11         

        CLASS   BANK12         

        CLASS   BIGRAM         

        CLASS   RAM            

        CLASS   ABS1           
                abs_s1                               7E       7E        2         1

        CLASS   SFR0           

        CLASS   SFR1           

        CLASS   SFR2           

        CLASS   SFR3           

        CLASS   SFR4           

        CLASS   SFR5           

        CLASS   SFR6           

        CLASS   SFR7           

        CLASS   SFR8           

        CLASS   SFR9           

        CLASS   SFR10          

        CLASS   SFR11          

        CLASS   SFR12          

        CLASS   SFR13          

        CLASS   SFR14          

        CLASS   SFR15          

        CLASS   SFR16          

        CLASS   SFR17          

        CLASS   SFR18          

        CLASS   SFR19          

        CLASS   SFR20          

        CLASS   SFR21          

        CLASS   SFR22          

        CLASS   SFR23          

        CLASS   SFR24          

        CLASS   SFR25          

        CLASS   SFR26          

        CLASS   SFR27          

        CLASS   SFR28          

        CLASS   SFR29          

        CLASS   SFR30          

        CLASS   SFR31          

        CLASS   CONFIG         

        CLASS   IDLOC          

        CLASS   EEDATA         

        CLASS   BANK31         

        CLASS   BANK30         

        CLASS   BANK29         

        CLASS   BANK28         

        CLASS   BANK27         

        CLASS   BANK26         

        CLASS   BANK25         

        CLASS   BANK24         

        CLASS   BANK23         

        CLASS   BANK22         

        CLASS   BANK21         

        CLASS   BANK20         

        CLASS   BANK19         

        CLASS   BANK18         

        CLASS   BANK17         

        CLASS   BANK16         

        CLASS   BANK15         

        CLASS   BANK14         

        CLASS   BANK13         



SEGMENTS        Name                           Load    Length   Top    Selector   Space  Class     Delta

                reset_vec                      000000  000004  000004         0       0  CODE        2
                cstackBANK0                    000020  000042  000062        20       1  BANK0       1
                cstackCOMMON                   000070  00000E  00007E        70       1  COMMON      1
                cstackBANK1                    0000A0  000018  0000B8        A0       1  BANK1       1
                cstackBANK2                    000120  000039  000159       120       1  BANK2       1
                text11                         00014F  0000B1  000200       29E       0  CODE        2
                cinit                          000200  000600  000800       400       0  CODE        2
                text2                          00088A  000776  001000      1114       0  CODE        2
                stringtext4                    001000  0000CB  0010CB      2000       0  STRCODE     2


UNUSED ADDRESS RANGES

        Name                Unused          Largest block    Delta
        BANK0            0062-006F              E           1
        BANK1            00B8-00EF             38           1
        BANK10           0520-056F             50           1
        BANK11           05A0-05EF             50           1
        BANK12           0620-064F             30           1
        BANK2            0159-016F             17           1
        BANK3            01A0-01EF             50           1
        BANK4            0220-026F             50           1
        BANK5            02A0-02EF             50           1
        BANK6            0320-036F             50           1
        BANK7            03A0-03EF             50           1
        BANK8            0420-046F             50           1
        BANK9            04A0-04EF             50           1
        BIGRAM           2000-23EF            3F0           1
        CODE             0004-014E            14B           2
                         0800-0889             8A
                         10CB-27FF            800
        CONFIG           8007-8008              2           2
        CONST            0004-014E             FC           2
                         0800-0889             8A
                         10CB-27FF            100
        EEDATA           F000-F07F             80           2
        ENTRY            0004-014E             FC           2
                         0800-0889             8A
                         10CB-27FF            100
        IDLOC            8000-8003              4           2
        RAM              0062-006F              E           1
                         00B8-00EF             38
                         0159-016F             17
                         01A0-01EF             50
                         0220-026F             50
                         02A0-02EF             50
                         0320-036F             50
                         03A0-03EF             50
                         0420-046F             50
                         04A0-04EF             50
                         0520-056F             50
                         05A0-05EF             50
                         0620-064F             30
        SFR0             0000-001F             20           1
        SFR1             0080-009F             20           1
        SFR10            0500-051F             20           1
        SFR11            0580-059F             20           1
        SFR12            0600-061F             20           1
        SFR13            0680-06EF             70           1
        SFR14            0700-076F             70           1
        SFR15            0780-07EF             70           1
        SFR16            0800-086F             70           1
        SFR17            0880-08EF             70           1
        SFR18            0900-096F             70           1
        SFR19            0980-09EF             70           1
        SFR2             0100-011F             20           1
        SFR20            0A00-0A6F             70           1
        SFR21            0A80-0AEF             70           1
        SFR22            0B00-0B6F             70           1
        SFR23            0B80-0BEF             70           1
        SFR24            0C00-0C6F             70           1
        SFR25            0C80-0CEF             70           1
        SFR26            0D00-0D6F             70           1
        SFR27            0D80-0DEF             70           1
        SFR28            0E00-0E6F             70           1
        SFR29            0E80-0EEF             70           1
        SFR3             0180-019F             20           1
        SFR30            0F00-0F6F             70           1
        SFR31            0F80-0FEF             70           1
        SFR4             0200-021F             20           1
        SFR5             0280-029F             20           1
        SFR6             0300-031F             20           1
        SFR7             0380-039F             20           1
        SFR8             0400-041F             20           1
        SFR9             0480-049F             20           1
        STACK            20D9-23EF            317           1
        STRCODE          0004-014E            14B           2
                         0800-0889             8A
                         10CB-27FF           1735
        STRING           0004-014E             FC           2
                         0800-0889             8A
                         10CB-27FF            100

                                  Symbol Table

?_GET_ADC_DATA           cstackBANK0  004F
?___awdiv                cstackCOMMON 0076
?___awmod                cstackCOMMON 0070
?___awtoft               cstackBANK0  0020
?___ftadd                cstackBANK0  0040
?___ftdiv                cstackBANK0  0035
?___ftmul                cstackBANK0  0026
?___ftneg                cstackCOMMON 0070
?___ftpack               cstackCOMMON 0070
?___ftsub                cstackBANK0  004C
?___fttol                cstackBANK0  003D
?___lldiv                cstackCOMMON 0070
?___llmod                cstackBANK0  0020
?___lltoft               cstackCOMMON 0078
?___wmul                 cstackBANK0  0020
?__div_to_l_             cstackCOMMON 0070
?__tdiv_to_l_            cstackCOMMON 0070
?_fround                 cstackBANK0  0035
?_scale                  cstackBANK0  0035
?_sprintf                cstackBANK0  0052
?_strlen                 cstackCOMMON 0070
DelayMs@Time             cstackBANK0  004F
DelayMs@a                cstackBANK0  0052
DelayUs@Time             cstackBANK0  004A
DelayUs@a                cstackBANK0  004D
GET_ADC_DATA@adcChannel  cstackBANK0  0052
PL10                     text2        0EA4
PL100                    cinit        07F3
PL102                    text2        0F86
PL104                    cinit        07F7
PL106                    text2        0F8B
PL108                    cinit        07FC
PL12                     cinit        074D
PL14                     text2        0EC3
PL16                     cinit        0756
PL18                     text2        0ECE
PL2                      text2        0E94
PL20                     text2        0ED4
PL22                     text11       01EF
PL24                     cinit        075E
PL26                     text2        0EEC
PL28                     cinit        0765
PL30                     text2        0EF4
PL32                     cinit        076C
PL34                     cinit        0773
PL36                     cinit        077B
PL38                     cinit        0782
PL4                      cinit        072D
PL40                     cinit        078A
PL42                     cinit        0790
PL44                     text2        0F03
PL46                     text2        0F11
PL48                     text2        0F1F
PL50                     text2        0F25
PL52                     text2        0F32
PL54                     text2        0F38
PL56                     cinit        0798
PL58                     text2        0F44
PL6                      cinit        073B
PL60                     cinit        07A4
PL62                     text2        0F4B
PL64                     text2        0F56
PL66                     cinit        07AB
PL68                     text2        0F61
PL70                     text2        0F6B
PL72                     cinit        07B2
PL74                     text2        0F72
PL76                     cinit        07B8
PL78                     cinit        07BF
PL8                      cinit        0743
PL80                     cinit        07C6
PL82                     cinit        07CD
PL84                     cinit        07D4
PL86                     text2        0F7A
PL88                     cinit        07DA
PL90                     cinit        07E1
PL92                     cinit        07E8
PL94                     text11       01FA
PL96                     cinit        07EE
PL98                     text2        0F81
_ADCMPH                  (abs)        041B
_ADCON0                  (abs)        009D
_ADCON1                  (abs)        009E
_ADCON2                  (abs)        009F
_ADCON3                  (abs)        041A
_ADC_INITIAL             cinit        0355
_ADDLY                   (abs)        001F
_ADON                    (abs)        04E8
_ADRESH                  (abs)        009C
_ADRESL                  (abs)        009B
_ANSELA                  (abs)        0197
_DelayMs                 cinit        046A
_DelayUs                 cinit        0367
_GET_ADC_DATA            cinit        03BA
_GO                      (abs)        04E9
_INTCON                  (abs)        000B
_OSCCON                  (abs)        0099
_PCKEN                   (abs)        009A
_PORTA                   (abs)        000C
_PORTB                   (abs)        000D
_PORTC                   (abs)        000E
_POWER_INITIAL           cinit        03DA
_PSINK0                  (abs)        019A
_PSINK1                  (abs)        019B
_PSINK2                  (abs)        019C
_PSRC0                   (abs)        011A
_PSRC1                   (abs)        011B
_PSRC2                   (abs)        011C
_TRISA                   (abs)        008C
_TRISB                   (abs)        008D
_TRISC                   (abs)        008E
_UART_INITIAL            cinit        0400
_UR1DATAL                (abs)        048C
_UR1DLH                  (abs)        0495
_UR1DLL                  (abs)        0494
_UR1IER                  (abs)        048E
_UR1LCR                  (abs)        048F
_UR1MCR                  (abs)        0491
_UR1TCF                  (abs)        24E0
_WPDA                    (abs)        020C
_WPDB                    (abs)        020D
_WPDC                    (abs)        020E
_WPUA                    (abs)        018C
_WPUB                    (abs)        018D
_WPUC                    (abs)        018E
__Habs1                  abs1         0000
__Hbank0                 bank0        0000
__Hbank1                 bank1        0000
__Hbank10                bank10       0000
__Hbank11                bank11       0000
__Hbank12                bank12       0000
__Hbank13                bank13       0000
__Hbank14                bank14       0000
__Hbank15                bank15       0000
__Hbank16                bank16       0000
__Hbank17                bank17       0000
__Hbank18                bank18       0000
__Hbank19                bank19       0000
__Hbank2                 bank2        0000
__Hbank20                bank20       0000
__Hbank21                bank21       0000
__Hbank22                bank22       0000
__Hbank23                bank23       0000
__Hbank24                bank24       0000
__Hbank25                bank25       0000
__Hbank26                bank26       0000
__Hbank27                bank27       0000
__Hbank28                bank28       0000
__Hbank29                bank29       0000
__Hbank3                 bank3        0000
__Hbank30                bank30       0000
__Hbank31                bank31       0000
__Hbank4                 bank4        0000
__Hbank5                 bank5        0000
__Hbank6                 bank6        0000
__Hbank7                 bank7        0000
__Hbank8                 bank8        0000
__Hbank9                 bank9        0000
__Hbigram                bigram       0000
__Hcinit                 cinit        0800
__Hclrtext               clrtext      0000
__Hcode                  code         0000
__Hcommon                common       0000
__Hconfig                config       0000
__HcstackBANK0           cstackBANK0  0000
__HcstackBANK1           cstackBANK1  0000
__HcstackBANK2           cstackBANK2  0000
__HcstackCOMMON          cstackCOMMON 0000
__Heeprom_data           eeprom_data  0000
__Hend_init              end_init     0004
__Hfunctab               functab      0000
__Hidloc                 idloc        0000
__Hinit                  init         0002
__Hintentry              intentry     0002
__Hmaintext              maintext     0000
__Hpa_nodes0             pa_nodes0    0000
__Hpowerup               powerup      0000
__Hram                   ram          0000
__Hreset_vec             reset_vec    0002
__Hsfr0                  sfr0         0000
__Hsfr1                  sfr1         0000
__Hsfr10                 sfr10        0000
__Hsfr11                 sfr11        0000
__Hsfr12                 sfr12        0000
__Hsfr13                 sfr13        0000
__Hsfr14                 sfr14        0000
__Hsfr15                 sfr15        0000
__Hsfr16                 sfr16        0000
__Hsfr17                 sfr17        0000
__Hsfr18                 sfr18        0000
__Hsfr19                 sfr19        0000
__Hsfr2                  sfr2         0000
__Hsfr20                 sfr20        0000
__Hsfr21                 sfr21        0000
__Hsfr22                 sfr22        0000
__Hsfr23                 sfr23        0000
__Hsfr24                 sfr24        0000
__Hsfr25                 sfr25        0000
__Hsfr26                 sfr26        0000
__Hsfr27                 sfr27        0000
__Hsfr28                 sfr28        0000
__Hsfr29                 sfr29        0000
__Hsfr3                  sfr3         0000
__Hsfr30                 sfr30        0000
__Hsfr31                 sfr31        0000
__Hsfr4                  sfr4         0000
__Hsfr5                  sfr5         0000
__Hsfr6                  sfr6         0000
__Hsfr7                  sfr7         0000
__Hsfr8                  sfr8         0000
__Hsfr9                  sfr9         0000
__Hspace_0               (abs)        10CB
__Hspace_1               (abs)        0159
__Hspace_2               (abs)        0000
__Hspace_3               (abs)        0000
__Hstack                 stack        0000
__Hstrings               strings      0000
__Hstringtext1           stringtext1  0000
__Hstringtext2           stringtext2  0000
__Hstringtext3           stringtext3  0000
__Hstringtext4           stringtext4  0000
__Hstringtext5           stringtext5  0000
__Hstringtext6           stringtext6  0000
__Htext                  text         0000
__Labs1                  abs1         0000
__Lbank0                 bank0        0000
__Lbank1                 bank1        0000
__Lbank10                bank10       0000
__Lbank11                bank11       0000
__Lbank12                bank12       0000
__Lbank13                bank13       0000
__Lbank14                bank14       0000
__Lbank15                bank15       0000
__Lbank16                bank16       0000
__Lbank17                bank17       0000
__Lbank18                bank18       0000
__Lbank19                bank19       0000
__Lbank2                 bank2        0000
__Lbank20                bank20       0000
__Lbank21                bank21       0000
__Lbank22                bank22       0000
__Lbank23                bank23       0000
__Lbank24                bank24       0000
__Lbank25                bank25       0000
__Lbank26                bank26       0000
__Lbank27                bank27       0000
__Lbank28                bank28       0000
__Lbank29                bank29       0000
__Lbank3                 bank3        0000
__Lbank30                bank30       0000
__Lbank31                bank31       0000
__Lbank4                 bank4        0000
__Lbank5                 bank5        0000
__Lbank6                 bank6        0000
__Lbank7                 bank7        0000
__Lbank8                 bank8        0000
__Lbank9                 bank9        0000
__Lbigram                bigram       0000
__Lcinit                 cinit        0200
__Lclrtext               clrtext      0000
__Lcode                  code         0000
__Lcommon                common       0000
__Lconfig                config       0000
__LcstackBANK0           cstackBANK0  0000
__LcstackBANK1           cstackBANK1  0000
__LcstackBANK2           cstackBANK2  0000
__LcstackCOMMON          cstackCOMMON 0000
__Leeprom_data           eeprom_data  0000
__Lend_init              end_init     0002
__Lfunctab               functab      0000
__Lidloc                 idloc        0000
__Linit                  init         0002
__Lintentry              intentry     0002
__Lmaintext              maintext     0000
__Lpa_nodes0             pa_nodes0    0000
__Lpowerup               powerup      0000
__Lram                   ram          0000
__Lreset_vec             reset_vec    0000
__Lsfr0                  sfr0         0000
__Lsfr1                  sfr1         0000
__Lsfr10                 sfr10        0000
__Lsfr11                 sfr11        0000
__Lsfr12                 sfr12        0000
__Lsfr13                 sfr13        0000
__Lsfr14                 sfr14        0000
__Lsfr15                 sfr15        0000
__Lsfr16                 sfr16        0000
__Lsfr17                 sfr17        0000
__Lsfr18                 sfr18        0000
__Lsfr19                 sfr19        0000
__Lsfr2                  sfr2         0000
__Lsfr20                 sfr20        0000
__Lsfr21                 sfr21        0000
__Lsfr22                 sfr22        0000
__Lsfr23                 sfr23        0000
__Lsfr24                 sfr24        0000
__Lsfr25                 sfr25        0000
__Lsfr26                 sfr26        0000
__Lsfr27                 sfr27        0000
__Lsfr28                 sfr28        0000
__Lsfr29                 sfr29        0000
__Lsfr3                  sfr3         0000
__Lsfr30                 sfr30        0000
__Lsfr31                 sfr31        0000
__Lsfr4                  sfr4         0000
__Lsfr5                  sfr5         0000
__Lsfr6                  sfr6         0000
__Lsfr7                  sfr7         0000
__Lsfr8                  sfr8         0000
__Lsfr9                  sfr9         0000
__Lspace_0               (abs)        0000
__Lspace_1               (abs)        0000
__Lspace_2               (abs)        0000
__Lspace_3               (abs)        0000
__Lstack                 stack        0000
__Lstrings               strings      0000
__Lstringtext1           stringtext1  0000
__Lstringtext2           stringtext2  0000
__Lstringtext3           stringtext3  0000
__Lstringtext4           stringtext4  0000
__Lstringtext5           stringtext5  0000
__Lstringtext6           stringtext6  0000
__Ltext                  text         0000
__S0                     (abs)        10CB
__S1                     (abs)        0159
__S2                     (abs)        0000
__S3                     (abs)        0000
___awdiv                 text2        0E30
___awdiv@counter         cstackCOMMON 007A
___awdiv@dividend        cstackCOMMON 0078
___awdiv@divisor         cstackCOMMON 0076
___awdiv@quotient        cstackCOMMON 007C
___awdiv@sign            cstackCOMMON 007B
___awmod                 cinit        0629
___awmod@counter         cstackCOMMON 0074
___awmod@dividend        cstackCOMMON 0072
___awmod@divisor         cstackCOMMON 0070
___awmod@sign            cstackCOMMON 0075
___awtoft                cinit        039E
___awtoft@c              cstackBANK0  0020
___awtoft@sign           cstackBANK0  0023
___ftadd                 cinit        021F
___ftadd@exp1            cstackBANK0  004B
___ftadd@exp2            cstackBANK0  004A
___ftadd@f1              cstackBANK0  0040
___ftadd@f2              cstackBANK0  0043
___ftadd@sign            cstackBANK0  0049
___ftdiv                 cinit        040D
___ftdiv@cntr            cstackBANK0  003E
___ftdiv@exp             cstackBANK0  0042
___ftdiv@f1              cstackBANK0  0038
___ftdiv@f2              cstackBANK0  0035
___ftdiv@f3              cstackBANK0  003F
___ftdiv@sign            cstackBANK0  0043
___ftge                  text2        0D2C
___ftge@ff1              cstackCOMMON 0070
___ftge@ff2              cstackCOMMON 0073
___ftmul                 cinit        0662
___ftmul@cntr            cstackBANK0  0033
___ftmul@exp             cstackBANK0  002F
___ftmul@f1              cstackBANK0  0026
___ftmul@f2              cstackBANK0  0029
___ftmul@f3_as_product   cstackBANK0  0030
___ftmul@sign            cstackBANK0  0034
___ftneg                 text2        0E70
___ftneg@f1              cstackCOMMON 0070
___ftpack                cinit        06EF
___ftpack@arg            cstackCOMMON 0070
___ftpack@exp            cstackCOMMON 0073
___ftpack@sign           cstackCOMMON 0074
___ftsub                 text2        0E78
___ftsub@f1              cstackBANK0  004F
___ftsub@f2              cstackBANK0  004C
___fttol                 text2        0D8E
___fttol@exp1            cstackBANK0  0049
___fttol@f1              cstackBANK0  003D
___fttol@lval            cstackBANK0  0045
___fttol@sign1           cstackBANK0  0044
___int_sp                stack        0000
___latbits               (abs)        0003
___lbdiv                 cinit        06BF
___lbdiv@counter         cstackCOMMON 0077
___lbdiv@dividend        cstackCOMMON 0076
___lbdiv@divisor         cstackCOMMON 0075
___lbdiv@quotient        cstackCOMMON 0078
___lbmod                 cinit        06D7
___lbmod@counter         cstackCOMMON 0073
___lbmod@dividend        cstackCOMMON 0072
___lbmod@divisor         cstackCOMMON 0070
___lbmod@rem             cstackCOMMON 0074
___lldiv                 text2        0DE3
___lldiv@counter         cstackCOMMON 007C
___lldiv@dividend        cstackCOMMON 0074
___lldiv@divisor         cstackCOMMON 0070
___lldiv@quotient        cstackCOMMON 0078
___llmod                 text2        0D58
___llmod@counter         cstackCOMMON 007D
___llmod@dividend        cstackBANK0  0024
___llmod@divisor         cstackBANK0  0020
___lltoft                cinit        0202
___lltoft@c              cstackCOMMON 0078
___lltoft@exp            cstackCOMMON 007C
___sp                    stack        0000
___wmul                  cinit        0614
___wmul@multiplicand     cstackBANK0  0022
___wmul@multiplier       cstackBANK0  0020
___wmul@product          cstackBANK0  0024
__div_to_l_              text11       014F
__div_to_l_@cntr         cstackBANK0  0024
__div_to_l_@exp1         cstackBANK0  0025
__div_to_l_@f1           cstackCOMMON 0070
__div_to_l_@f2           cstackCOMMON 0073
__div_to_l_@quot         cstackBANK0  0020
__end_ofPL10             text2        0EC3
__end_ofPL100            cinit        07F7
__end_ofPL102            text2        0F8B
__end_ofPL104            cinit        07FC
__end_ofPL106            text2        0F90
__end_ofPL108            cinit        0800
__end_ofPL12             cinit        0756
__end_ofPL14             text2        0ECE
__end_ofPL16             cinit        075E
__end_ofPL18             text2        0ED4
__end_ofPL2              text2        0EA4
__end_ofPL20             text2        0EEC
__end_ofPL22             text11       01FA
__end_ofPL24             cinit        0765
__end_ofPL26             text2        0EF4
__end_ofPL28             cinit        076C
__end_ofPL30             text2        0F03
__end_ofPL32             cinit        0773
__end_ofPL34             cinit        077B
__end_ofPL36             cinit        0782
__end_ofPL38             cinit        078A
__end_ofPL4              cinit        073B
__end_ofPL40             cinit        0790
__end_ofPL42             cinit        0798
__end_ofPL44             text2        0F11
__end_ofPL46             text2        0F1F
__end_ofPL48             text2        0F25
__end_ofPL50             text2        0F32
__end_ofPL52             text2        0F38
__end_ofPL54             text2        0F44
__end_ofPL56             cinit        07A4
__end_ofPL58             text2        0F4B
__end_ofPL6              cinit        0743
__end_ofPL60             cinit        07AB
__end_ofPL62             text2        0F56
__end_ofPL64             text2        0F61
__end_ofPL66             cinit        07B2
__end_ofPL68             text2        0F6B
__end_ofPL70             text2        0F72
__end_ofPL72             cinit        07B8
__end_ofPL74             text2        0F7A
__end_ofPL76             cinit        07BF
__end_ofPL78             cinit        07C6
__end_ofPL8              cinit        074D
__end_ofPL80             cinit        07CD
__end_ofPL82             cinit        07D4
__end_ofPL84             cinit        07DA
__end_ofPL86             text2        0F81
__end_ofPL88             cinit        07E1
__end_ofPL90             cinit        07E8
__end_ofPL92             cinit        07EE
__end_ofPL94             text11       0200
__end_ofPL96             cinit        07F3
__end_ofPL98             text2        0F86
__end_of_ADC_INITIAL     cinit        0367
__end_of_DelayMs         cinit        0484
__end_of_DelayUs         cinit        039E
__end_of_GET_ADC_DATA    cinit        03DA
__end_of_POWER_INITIAL   cinit        0400
__end_of_UART_INITIAL    cinit        040D
__end_of___awdiv         text2        0E70
__end_of___awmod         cinit        0662
__end_of___awtoft        cinit        03BA
__end_of___ftadd         cinit        02CE
__end_of___ftdiv         cinit        046A
__end_of___ftge          text2        0D58
__end_of___ftmul         cinit        06BF
__end_of___ftneg         text2        0E78
__end_of___ftpack        cinit        072D
__end_of___ftsub         text2        0E94
__end_of___fttol         text2        0DE3
__end_of___lbdiv         cinit        06D7
__end_of___lbmod         cinit        06EF
__end_of___lldiv         text2        0E22
__end_of___llmod         text2        0D8E
__end_of___lltoft        cinit        021F
__end_of___wmul          cinit        0629
__end_of__div_to_l_      text11       01EF
__end_of__initialization cinit        0200
__end_of__npowers_       stringtext2  10B7
__end_of__powers_        stringtext1  1090
__end_of__tdiv_to_l_     text2        1000
__end_of_dpowers         stringtext3  1069
__end_of_fround          cinit        0545
__end_of_isdigit         text2        0E30
__end_of_main            cinit        0355
__end_of_scale           cinit        0614
__end_of_send            cinit        04A7
__end_of_sprintf         text2        0D2C
__end_of_strlen          cinit        04BD
__end_oflog@coeff        stringtext4  101B
__initialization         cinit        0200
__npowers_               stringtext2  1090
__pcstackBANK0           cstackBANK0  0020
__pcstackBANK1           cstackBANK1  00A0
__pcstackBANK2           cstackBANK2  0120
__pcstackCOMMON          cstackCOMMON 0070
__pmaintext              cinit        02CE
__powers_                stringtext1  1069
__pstringtext1           stringtext1  1069
__pstringtext2           stringtext2  1090
__pstringtext3           stringtext3  1041
__pstringtext4           stringtext4  1000
__pstringtext5           stringtext5  10B7
__pstringtext6           stringtext6  0000
__ptext1                 cinit        04A7
__ptext10                text2        0F90
__ptext11                text11       014F
__ptext12                cinit        0202
__ptext13                text2        0D58
__ptext14                text2        0DE3
__ptext15                text2        0E78
__ptext16                cinit        021F
__ptext17                text2        0E70
__ptext18                text2        0D2C
__ptext19                cinit        0484
__ptext2                 text2        088A
__ptext20                cinit        046A
__ptext21                cinit        040D
__ptext22                cinit        0400
__ptext23                cinit        03DA
__ptext24                cinit        03BA
__ptext25                cinit        0367
__ptext26                text2        0D8E
__ptext27                cinit        0662
__ptext28                cinit        039E
__ptext29                cinit        06EF
__ptext3                 cinit        0545
__ptext30                text2        0E30
__ptext31                cinit        0355
__ptext4                 cinit        0629
__ptext5                 text2        0E22
__ptext6                 cinit        04BD
__ptext7                 cinit        0614
__ptext8                 cinit        06D7
__ptext9                 cinit        06BF
__size_of_ADC_INITIAL    (abs)        0000
__size_of_DelayMs        (abs)        0000
__size_of_DelayUs        (abs)        0000
__size_of_GET_ADC_DATA   (abs)        0000
__size_of_POWER_INITIAL  (abs)        0000
__size_of_UART_INITIAL   (abs)        0000
__size_of___awdiv        (abs)        0000
__size_of___awmod        (abs)        0000
__size_of___awtoft       (abs)        0000
__size_of___ftadd        (abs)        0000
__size_of___ftdiv        (abs)        0000
__size_of___ftge         (abs)        0000
__size_of___ftmul        (abs)        0000
__size_of___ftneg        (abs)        0000
__size_of___ftpack       (abs)        0000
__size_of___ftsub        (abs)        0000
__size_of___fttol        (abs)        0000
__size_of___lbdiv        (abs)        0000
__size_of___lbmod        (abs)        0000
__size_of___lldiv        (abs)        0000
__size_of___llmod        (abs)        0000
__size_of___lltoft       (abs)        0000
__size_of___wmul         (abs)        0000
__size_of__div_to_l_     (abs)        0000
__size_of__tdiv_to_l_    (abs)        0000
__size_of_fround         (abs)        0000
__size_of_isdigit        (abs)        0000
__size_of_main           (abs)        0000
__size_of_scale          (abs)        0000
__size_of_send           (abs)        0000
__size_of_sprintf        (abs)        0000
__size_of_strlen         (abs)        0000
__tdiv_to_l_             text2        0F90
__tdiv_to_l_@cntr        cstackBANK0  0024
__tdiv_to_l_@exp1        cstackBANK0  0025
__tdiv_to_l_@f1          cstackCOMMON 0070
__tdiv_to_l_@f2          cstackCOMMON 0073
__tdiv_to_l_@quot        cstackBANK0  0020
_dpowers                 stringtext3  1041
_fround                  cinit        04BD
_fround$4009             cstackBANK0  003C
_fround$4010             cstackBANK0  0039
_isdigit                 text2        0E22
_isdigit$3764            cstackCOMMON 0070
_main                    cinit        02CE
_scale                   cinit        0545
_scale$4011              cstackBANK0  0039
_send                    cinit        0484
_sprintf                 text2        088A
_sprintf$4012            cstackBANK1  00A0
_strlen                  cinit        04A7
btemp                    (abs)        007E
end_of_initialization    cinit        0200
fround@prec              cstackBANK0  003F
intlevel0                functab      0000
intlevel1                functab      0000
intlevel2                functab      0000
intlevel3                functab      0000
intlevel4                functab      0000
intlevel5                functab      0000
isdigit@c                cstackCOMMON 0071
main@ADC                 cstackBANK2  0157
main@VOUT                cstackBANK2  0152
main@len                 cstackBANK2  0155
main@msgbuf              cstackBANK2  0120
reset_vec                reset_vec    0000
scale@scl                cstackBANK0  003C
send@i                   cstackBANK0  0059
send@len                 cstackBANK0  0056
send@tbuf                cstackBANK0  0054
sprintf@ap               cstackBANK1  00A3
sprintf@c                cstackBANK1  00B7
sprintf@exp              cstackBANK1  00AE
sprintf@f                cstackBANK0  0054
sprintf@flag             cstackBANK1  00AC
sprintf@fval             cstackBANK1  00B2
sprintf@prec             cstackBANK1  00B5
sprintf@sp               cstackBANK0  0052
sprintf@tmpval           cstackBANK1  00A4
sprintf@val              cstackBANK1  00A8
sprintf@width            cstackBANK1  00B0
stackhi                  (abs)        23EF
stacklo                  (abs)        20D9
start                    init         0002
start_initialization     cinit        0200
strlen@cp                cstackCOMMON 0072
strlen@s                 cstackCOMMON 0070
wtemp0                   (abs)        007E


FUNCTION INFORMATION:

 *************** function _main *****************
 Defined at:
		line 196 in file "ADC.C"
 Parameters:    Size  Location     Type
		None
 Auto vars:     Size  Location     Type
  msgbuf         50    0[BANK2 ] unsigned char [50]
  VOUT            3   50[BANK2 ] float 
  ADC             2   55[BANK2 ] int 
  len             2   53[BANK2 ] int 
 Return value:  Size  Location     Type
                  1    wreg      void 
 Registers used:
		wreg, fsr0l, fsr0h, fsr1l, fsr1h, status,2, status,0, pclath, cstack
 Tracked objects:
		On entry : 
		On exit  : 
		Unchanged: 
 Data sizes:     COMMON   BANK0   BANK1   BANK2   BANK3   BANK4   BANK5   BANK6   BANK7   BANK8   BANK9  BANK10  BANK11  BANK12
      Params:         0       0       0       0       0       0       0       0       0       0       0       0       0       0
      Locals:         0       0       0      57       0       0       0       0       0       0       0       0       0       0
      Temps:          0       1       0       0       0       0       0       0       0       0       0       0       0       0
      Totals:         0       1       0      57       0       0       0       0       0       0       0       0       0       0
Total ram usage:       58 bytes
 Hardware stack levels required when called:    5
 This function calls:
		_ADC_INITIAL
		_DelayMs
		_GET_ADC_DATA
		_POWER_INITIAL
		_UART_INITIAL
		___awtoft
		___ftdiv
		___ftmul
		_send
		_sprintf
		_strlen
 This function is called by:
		Startup code after reset
 This function uses a non-reentrant model


 *************** function _strlen *****************
 Defined at:
		line 4 in file "C:\Embeded Project\FT64F0A5-TRB\YSQ-NFB\reference\fmd\FMD-MCU-IDE\FMDIDEV3.0.6\data\sources\common\strlen.c"
 Parameters:    Size  Location     Type
  s               2    0[COMMON] PTR const unsigned char 
		 -> main@msgbuf(50), NTC@msgbuf(50), 
 Auto vars:     Size  Location     Type
  cp              2    2[COMMON] PTR const unsigned char 
		 -> main@msgbuf(50), NTC@msgbuf(50), 
 Return value:  Size  Location     Type
                  2    0[COMMON] unsigned int 
 Registers used:
		wreg, fsr1l, fsr1h, status,2, status,0
 Tracked objects:
		On entry : 
		On exit  : 
		Unchanged: 
 Data sizes:     COMMON   BANK0   BANK1   BANK2   BANK3   BANK4   BANK5   BANK6   BANK7   BANK8   BANK9  BANK10  BANK11  BANK12
      Params:         2       0       0       0       0       0       0       0       0       0       0       0       0       0
      Locals:         2       0       0       0       0       0       0       0       0       0       0       0       0       0
      Temps:          0       0       0       0       0       0       0       0       0       0       0       0       0       0
      Totals:         4       0       0       0       0       0       0       0       0       0       0       0       0       0
Total ram usage:        4 bytes
 Hardware stack levels used:    1
 This function calls:
		Nothing
 This function is called by:
		_main
 This function uses a non-reentrant model


 *************** function _sprintf *****************
 Defined at:
		line 492 in file "C:\Embeded Project\FT64F0A5-TRB\YSQ-NFB\reference\fmd\FMD-MCU-IDE\FMDIDEV3.0.6\data\sources\common\doprnt.c"
 Parameters:    Size  Location     Type
  sp              2   50[BANK0 ] PTR unsigned char 
		 -> main@msgbuf(50), NTC@msgbuf(50), 
  f               2   52[BANK0 ] PTR const unsigned char 
		 -> STR_2(20), STR_1(38), 
 Auto vars:     Size  Location     Type
  val             4    8[BANK1 ] unsigned long 
  tmpval          4    4[BANK1 ] struct .
  fval            3   18[BANK1 ] struct .
  prec            2   21[BANK1 ] int 
  width           2   16[BANK1 ] int 
  exp             2   14[BANK1 ] int 
  flag            2   12[BANK1 ] unsigned short 
  cp              2    0        PTR const unsigned char 
  len             2    0        unsigned int 
  c               1   23[BANK1 ] char 
  ap              1    3[BANK1 ] PTR void [1]
		 -> ?_sprintf(2), 
  d               1    0        unsigned char 
 Return value:  Size  Location     Type
                  2   50[BANK0 ] int 
 Registers used:
		wreg, fsr0l, fsr0h, fsr1l, fsr1h, status,2, status,0, pclath, cstack
 Tracked objects:
		On entry : 
		On exit  : 
		Unchanged: 
 Data sizes:     COMMON   BANK0   BANK1   BANK2   BANK3   BANK4   BANK5   BANK6   BANK7   BANK8   BANK9  BANK10  BANK11  BANK12
      Params:         0       9       0       0       0       0       0       0       0       0       0       0       0       0
      Locals:         0       0      24       0       0       0       0       0       0       0       0       0       0       0
      Temps:          0       6       0       0       0       0       0       0       0       0       0       0       0       0
      Totals:         0      15      24       0       0       0       0       0       0       0       0       0       0       0
Total ram usage:       39 bytes
 Hardware stack levels used:    1
 Hardware stack levels required when called:    3
 This function calls:
		___awdiv
		___ftadd
		___ftge
		___ftmul
		___ftneg
		___ftsub
		___fttol
		___lldiv
		___llmod
		___lltoft
		___wmul
		__div_to_l_
		__tdiv_to_l_
		_fround
		_isdigit
		_scale
 This function is called by:
		_main
 This function uses a non-reentrant model


 *************** function _scale *****************
 Defined at:
		line 425 in file "C:\Embeded Project\FT64F0A5-TRB\YSQ-NFB\reference\fmd\FMD-MCU-IDE\FMDIDEV3.0.6\data\sources\common\doprnt.c"
 Parameters:    Size  Location     Type
  scl             1    wreg     char 
 Auto vars:     Size  Location     Type
  scl             1   28[BANK0 ] char 
 Return value:  Size  Location     Type
                  3   21[BANK0 ] char 
 Registers used:
		wreg, fsr0l, fsr0h, status,2, status,0, pclath, cstack
 Tracked objects:
		On entry : 
		On exit  : 
		Unchanged: 
 Data sizes:     COMMON   BANK0   BANK1   BANK2   BANK3   BANK4   BANK5   BANK6   BANK7   BANK8   BANK9  BANK10  BANK11  BANK12
      Params:         0       4       0       0       0       0       0       0       0       0       0       0       0       0
      Locals:         0       4       0       0       0       0       0       0       0       0       0       0       0       0
      Temps:          0       0       0       0       0       0       0       0       0       0       0       0       0       0
      Totals:         0       8       0       0       0       0       0       0       0       0       0       0       0       0
Total ram usage:        8 bytes
 Hardware stack levels used:    1
 Hardware stack levels required when called:    2
 This function calls:
		___awdiv
		___awmod
		___ftmul
		___wmul
 This function is called by:
		_sprintf
 This function uses a non-reentrant model


 *************** function ___awmod *****************
 Defined at:
		line 6 in file "C:\Embeded Project\FT64F0A5-TRB\YSQ-NFB\reference\fmd\FMD-MCU-IDE\FMDIDEV3.0.6\data\sources\common\awmod.c"
 Parameters:    Size  Location     Type
  divisor         2    0[COMMON] int 
  dividend        2    2[COMMON] int 
 Auto vars:     Size  Location     Type
  sign            1    5[COMMON] unsigned char 
  counter         1    4[COMMON] unsigned char 
 Return value:  Size  Location     Type
                  2    0[COMMON] int 
 Registers used:
		wreg, status,2, status,0
 Tracked objects:
		On entry : 
		On exit  : 
		Unchanged: 
 Data sizes:     COMMON   BANK0   BANK1   BANK2   BANK3   BANK4   BANK5   BANK6   BANK7   BANK8   BANK9  BANK10  BANK11  BANK12
      Params:         4       0       0       0       0       0       0       0       0       0       0       0       0       0
      Locals:         2       0       0       0       0       0       0       0       0       0       0       0       0       0
      Temps:          0       0       0       0       0       0       0       0       0       0       0       0       0       0
      Totals:         6       0       0       0       0       0       0       0       0       0       0       0       0       0
Total ram usage:        6 bytes
 Hardware stack levels used:    1
 This function calls:
		Nothing
 This function is called by:
		_scale
 This function uses a non-reentrant model


 *************** function _isdigit *****************
 Defined at:
		line 8 in file "C:\Embeded Project\FT64F0A5-TRB\YSQ-NFB\reference\fmd\FMD-MCU-IDE\FMDIDEV3.0.6\data\sources\common\isdigit.c"
 Parameters:    Size  Location     Type
  c               1    wreg     unsigned char 
 Auto vars:     Size  Location     Type
  c               1    1[COMMON] unsigned char 
 Return value:  Size  Location     Type
		None               void
 Registers used:
		wreg, status,2, status,0
 Tracked objects:
		On entry : 
		On exit  : 
		Unchanged: 
 Data sizes:     COMMON   BANK0   BANK1   BANK2   BANK3   BANK4   BANK5   BANK6   BANK7   BANK8   BANK9  BANK10  BANK11  BANK12
      Params:         0       0       0       0       0       0       0       0       0       0       0       0       0       0
      Locals:         2       0       0       0       0       0       0       0       0       0       0       0       0       0
      Temps:          0       0       0       0       0       0       0       0       0       0       0       0       0       0
      Totals:         2       0       0       0       0       0       0       0       0       0       0       0       0       0
Total ram usage:        2 bytes
 Hardware stack levels used:    1
 This function calls:
		Nothing
 This function is called by:
		_sprintf
 This function uses a non-reentrant model


 *************** function _fround *****************
 Defined at:
		line 409 in file "C:\Embeded Project\FT64F0A5-TRB\YSQ-NFB\reference\fmd\FMD-MCU-IDE\FMDIDEV3.0.6\data\sources\common\doprnt.c"
 Parameters:    Size  Location     Type
  prec            1    wreg     unsigned char 
 Auto vars:     Size  Location     Type
  prec            1   31[BANK0 ] unsigned char 
 Return value:  Size  Location     Type
                  3   21[BANK0 ] unsigned char 
 Registers used:
		wreg, fsr0l, fsr0h, status,2, status,0, pclath, cstack
 Tracked objects:
		On entry : 
		On exit  : 
		Unchanged: 
 Data sizes:     COMMON   BANK0   BANK1   BANK2   BANK3   BANK4   BANK5   BANK6   BANK7   BANK8   BANK9  BANK10  BANK11  BANK12
      Params:         0       4       0       0       0       0       0       0       0       0       0       0       0       0
      Locals:         0       7       0       0       0       0       0       0       0       0       0       0       0       0
      Temps:          0       0       0       0       0       0       0       0       0       0       0       0       0       0
      Totals:         0      11       0       0       0       0       0       0       0       0       0       0       0       0
Total ram usage:       11 bytes
 Hardware stack levels used:    1
 Hardware stack levels required when called:    2
 This function calls:
		___ftmul
		___lbdiv
		___lbmod
		___wmul
 This function is called by:
		_sprintf
 This function uses a non-reentrant model


 *************** function ___wmul *****************
 Defined at:
		line 15 in file "C:\Embeded Project\FT64F0A5-TRB\YSQ-NFB\reference\fmd\FMD-MCU-IDE\FMDIDEV3.0.6\data\sources\common\Umul16.c"
 Parameters:    Size  Location     Type
  multiplier      2    0[BANK0 ] unsigned int 
  multiplicand    2    2[BANK0 ] unsigned int 
 Auto vars:     Size  Location     Type
  product         2    4[BANK0 ] unsigned int 
 Return value:  Size  Location     Type
                  2    0[BANK0 ] unsigned int 
 Registers used:
		wreg, status,2, status,0
 Tracked objects:
		On entry : 
		On exit  : 
		Unchanged: 
 Data sizes:     COMMON   BANK0   BANK1   BANK2   BANK3   BANK4   BANK5   BANK6   BANK7   BANK8   BANK9  BANK10  BANK11  BANK12
      Params:         0       4       0       0       0       0       0       0       0       0       0       0       0       0
      Locals:         0       2       0       0       0       0       0       0       0       0       0       0       0       0
      Temps:          0       0       0       0       0       0       0       0       0       0       0       0       0       0
      Totals:         0       6       0       0       0       0       0       0       0       0       0       0       0       0
Total ram usage:        6 bytes
 Hardware stack levels used:    1
 This function calls:
		Nothing
 This function is called by:
		_fround
		_scale
		_sprintf
 This function uses a non-reentrant model


 *************** function ___lbmod *****************
 Defined at:
		line 4 in file "C:\Embeded Project\FT64F0A5-TRB\YSQ-NFB\reference\fmd\FMD-MCU-IDE\FMDIDEV3.0.6\data\sources\common\lbmod.c"
 Parameters:    Size  Location     Type
  dividend        1    wreg     unsigned char 
  divisor         1    0[COMMON] unsigned char 
 Auto vars:     Size  Location     Type
  dividend        1    2[COMMON] unsigned char 
  rem             1    4[COMMON] unsigned char 
  counter         1    3[COMMON] unsigned char 
 Return value:  Size  Location     Type
                  1    wreg      unsigned char 
 Registers used:
		wreg, status,2, status,0
 Tracked objects:
		On entry : 
		On exit  : 
		Unchanged: 
 Data sizes:     COMMON   BANK0   BANK1   BANK2   BANK3   BANK4   BANK5   BANK6   BANK7   BANK8   BANK9  BANK10  BANK11  BANK12
      Params:         1       0       0       0       0       0       0       0       0       0       0       0       0       0
      Locals:         3       0       0       0       0       0       0       0       0       0       0       0       0       0
      Temps:          1       0       0       0       0       0       0       0       0       0       0       0       0       0
      Totals:         5       0       0       0       0       0       0       0       0       0       0       0       0       0
Total ram usage:        5 bytes
 Hardware stack levels used:    1
 This function calls:
		Nothing
 This function is called by:
		_fround
 This function uses a non-reentrant model


 *************** function ___lbdiv *****************
 Defined at:
		line 4 in file "C:\Embeded Project\FT64F0A5-TRB\YSQ-NFB\reference\fmd\FMD-MCU-IDE\FMDIDEV3.0.6\data\sources\common\lbdiv.c"
 Parameters:    Size  Location     Type
  dividend        1    wreg     unsigned char 
  divisor         1    5[COMMON] unsigned char 
 Auto vars:     Size  Location     Type
  dividend        1    6[COMMON] unsigned char 
  quotient        1    8[COMMON] unsigned char 
  counter         1    7[COMMON] unsigned char 
 Return value:  Size  Location     Type
                  1    wreg      unsigned char 
 Registers used:
		wreg, status,2, status,0
 Tracked objects:
		On entry : 
		On exit  : 
		Unchanged: 
 Data sizes:     COMMON   BANK0   BANK1   BANK2   BANK3   BANK4   BANK5   BANK6   BANK7   BANK8   BANK9  BANK10  BANK11  BANK12
      Params:         1       0       0       0       0       0       0       0       0       0       0       0       0       0
      Locals:         3       0       0       0       0       0       0       0       0       0       0       0       0       0
      Temps:          0       0       0       0       0       0       0       0       0       0       0       0       0       0
      Totals:         4       0       0       0       0       0       0       0       0       0       0       0       0       0
Total ram usage:        4 bytes
 Hardware stack levels used:    1
 This function calls:
		Nothing
 This function is called by:
		_fround
 This function uses a non-reentrant model


 *************** function __tdiv_to_l_ *****************
 Defined at:
		line 60 in file "C:\Embeded Project\FT64F0A5-TRB\YSQ-NFB\reference\fmd\FMD-MCU-IDE\FMDIDEV3.0.6\data\sources\common\ftdivl.c"
 Parameters:    Size  Location     Type
  f1              3    0[COMMON] float 
  f2              3    3[COMMON] float 
 Auto vars:     Size  Location     Type
  quot            4    0[BANK0 ] unsigned long 
  exp1            1    5[BANK0 ] unsigned char 
  cntr            1    4[BANK0 ] unsigned char 
 Return value:  Size  Location     Type
                  4    0[COMMON] unsigned long 
 Registers used:
		wreg, status,2, status,0
 Tracked objects:
		On entry : 
		On exit  : 
		Unchanged: 
 Data sizes:     COMMON   BANK0   BANK1   BANK2   BANK3   BANK4   BANK5   BANK6   BANK7   BANK8   BANK9  BANK10  BANK11  BANK12
      Params:         6       0       0       0       0       0       0       0       0       0       0       0       0       0
      Locals:         0       6       0       0       0       0       0       0       0       0       0       0       0       0
      Temps:          3       0       0       0       0       0       0       0       0       0       0       0       0       0
      Totals:         9       6       0       0       0       0       0       0       0       0       0       0       0       0
Total ram usage:       15 bytes
 Hardware stack levels used:    1
 This function calls:
		Nothing
 This function is called by:
		_sprintf
 This function uses a non-reentrant model


 *************** function __div_to_l_ *****************
 Defined at:
		line 60 in file "C:\Embeded Project\FT64F0A5-TRB\YSQ-NFB\reference\fmd\FMD-MCU-IDE\FMDIDEV3.0.6\data\sources\common\fldivl.c"
 Parameters:    Size  Location     Type
  f1              3    0[COMMON] unsigned long 
  f2              3    3[COMMON] unsigned long 
 Auto vars:     Size  Location     Type
  quot            4    0[BANK0 ] unsigned long 
  exp1            1    5[BANK0 ] unsigned char 
  cntr            1    4[BANK0 ] unsigned char 
 Return value:  Size  Location     Type
                  4    0[COMMON] unsigned long 
 Registers used:
		wreg, fsr1l, fsr1h, status,2, status,0
 Tracked objects:
		On entry : 
		On exit  : 
		Unchanged: 
 Data sizes:     COMMON   BANK0   BANK1   BANK2   BANK3   BANK4   BANK5   BANK6   BANK7   BANK8   BANK9  BANK10  BANK11  BANK12
      Params:         6       0       0       0       0       0       0       0       0       0       0       0       0       0
      Locals:         0       6       0       0       0       0       0       0       0       0       0       0       0       0
      Temps:          8       0       0       0       0       0       0       0       0       0       0       0       0       0
      Totals:        14       6       0       0       0       0       0       0       0       0       0       0       0       0
Total ram usage:       20 bytes
 Hardware stack levels used:    1
 This function calls:
		Nothing
 This function is called by:
		_sprintf
 This function uses a non-reentrant model


 *************** function ___lltoft *****************
 Defined at:
		line 35 in file "C:\Embeded Project\FT64F0A5-TRB\YSQ-NFB\reference\fmd\FMD-MCU-IDE\FMDIDEV3.0.6\data\sources\common\lltoft.c"
 Parameters:    Size  Location     Type
  c               4    8[COMMON] unsigned long 
 Auto vars:     Size  Location     Type
  exp             1   12[COMMON] unsigned char 
 Return value:  Size  Location     Type
                  3    8[COMMON] float 
 Registers used:
		wreg, status,2, status,0, pclath, cstack
 Tracked objects:
		On entry : 
		On exit  : 
		Unchanged: 
 Data sizes:     COMMON   BANK0   BANK1   BANK2   BANK3   BANK4   BANK5   BANK6   BANK7   BANK8   BANK9  BANK10  BANK11  BANK12
      Params:         4       0       0       0       0       0       0       0       0       0       0       0       0       0
      Locals:         1       0       0       0       0       0       0       0       0       0       0       0       0       0
      Temps:          0       0       0       0       0       0       0       0       0       0       0       0       0       0
      Totals:         5       0       0       0       0       0       0       0       0       0       0       0       0       0
Total ram usage:        5 bytes
 Hardware stack levels used:    1
 Hardware stack levels required when called:    1
 This function calls:
		___ftpack
 This function is called by:
		_sprintf
 This function uses a non-reentrant model


 *************** function ___llmod *****************
 Defined at:
		line 6 in file "C:\Embeded Project\FT64F0A5-TRB\YSQ-NFB\reference\fmd\FMD-MCU-IDE\FMDIDEV3.0.6\data\sources\common\llmod.c"
 Parameters:    Size  Location     Type
  divisor         4    0[BANK0 ] unsigned long 
  dividend        4    4[BANK0 ] unsigned long 
 Auto vars:     Size  Location     Type
  counter         1   13[COMMON] unsigned char 
 Return value:  Size  Location     Type
                  4    0[BANK0 ] unsigned long 
 Registers used:
		wreg, status,2, status,0
 Tracked objects:
		On entry : 
		On exit  : 
		Unchanged: 
 Data sizes:     COMMON   BANK0   BANK1   BANK2   BANK3   BANK4   BANK5   BANK6   BANK7   BANK8   BANK9  BANK10  BANK11  BANK12
      Params:         0       8       0       0       0       0       0       0       0       0       0       0       0       0
      Locals:         1       0       0       0       0       0       0       0       0       0       0       0       0       0
      Temps:          0       0       0       0       0       0       0       0       0       0       0       0       0       0
      Totals:         1       8       0       0       0       0       0       0       0       0       0       0       0       0
Total ram usage:        9 bytes
 Hardware stack levels used:    1
 This function calls:
		Nothing
 This function is called by:
		_sprintf
 This function uses a non-reentrant model


 *************** function ___lldiv *****************
 Defined at:
		line 6 in file "C:\Embeded Project\FT64F0A5-TRB\YSQ-NFB\reference\fmd\FMD-MCU-IDE\FMDIDEV3.0.6\data\sources\common\lldiv.c"
 Parameters:    Size  Location     Type
  divisor         4    0[COMMON] unsigned long 
  dividend        4    4[COMMON] unsigned long 
 Auto vars:     Size  Location     Type
  quotient        4    8[COMMON] unsigned long 
  counter         1   12[COMMON] unsigned char 
 Return value:  Size  Location     Type
                  4    0[COMMON] unsigned long 
 Registers used:
		wreg, status,2, status,0
 Tracked objects:
		On entry : 
		On exit  : 
		Unchanged: 
 Data sizes:     COMMON   BANK0   BANK1   BANK2   BANK3   BANK4   BANK5   BANK6   BANK7   BANK8   BANK9  BANK10  BANK11  BANK12
      Params:         8       0       0       0       0       0       0       0       0       0       0       0       0       0
      Locals:         5       0       0       0       0       0       0       0       0       0       0       0       0       0
      Temps:          0       0       0       0       0       0       0       0       0       0       0       0       0       0
      Totals:        13       0       0       0       0       0       0       0       0       0       0       0       0       0
Total ram usage:       13 bytes
 Hardware stack levels used:    1
 This function calls:
		Nothing
 This function is called by:
		_sprintf
 This function uses a non-reentrant model


 *************** function ___ftsub *****************
 Defined at:
		line 18 in file "C:\Embeded Project\FT64F0A5-TRB\YSQ-NFB\reference\fmd\FMD-MCU-IDE\FMDIDEV3.0.6\data\sources\common\ftsub.c"
 Parameters:    Size  Location     Type
  f2              3   44[BANK0 ] float 
  f1              3   47[BANK0 ] float 
 Auto vars:     Size  Location     Type
		None
 Return value:  Size  Location     Type
                  3   44[BANK0 ] float 
 Registers used:
		wreg, status,2, status,0, pclath, cstack
 Tracked objects:
		On entry : 
		On exit  : 
		Unchanged: 
 Data sizes:     COMMON   BANK0   BANK1   BANK2   BANK3   BANK4   BANK5   BANK6   BANK7   BANK8   BANK9  BANK10  BANK11  BANK12
      Params:         0       6       0       0       0       0       0       0       0       0       0       0       0       0
      Locals:         0       0       0       0       0       0       0       0       0       0       0       0       0       0
      Temps:          0       0       0       0       0       0       0       0       0       0       0       0       0       0
      Totals:         0       6       0       0       0       0       0       0       0       0       0       0       0       0
Total ram usage:        6 bytes
 Hardware stack levels used:    1
 Hardware stack levels required when called:    2
 This function calls:
		___ftadd
 This function is called by:
		_sprintf
 This function uses a non-reentrant model


 *************** function ___ftadd *****************
 Defined at:
		line 86 in file "C:\Embeded Project\FT64F0A5-TRB\YSQ-NFB\reference\fmd\FMD-MCU-IDE\FMDIDEV3.0.6\data\sources\common\ftadd.c"
 Parameters:    Size  Location     Type
  f1              3   32[BANK0 ] float 
  f2              3   35[BANK0 ] float 
 Auto vars:     Size  Location     Type
  exp1            1   43[BANK0 ] unsigned char 
  exp2            1   42[BANK0 ] unsigned char 
  sign            1   41[BANK0 ] unsigned char 
 Return value:  Size  Location     Type
                  3   32[BANK0 ] float 
 Registers used:
		wreg, status,2, status,0, pclath, cstack
 Tracked objects:
		On entry : 
		On exit  : 
		Unchanged: 
 Data sizes:     COMMON   BANK0   BANK1   BANK2   BANK3   BANK4   BANK5   BANK6   BANK7   BANK8   BANK9  BANK10  BANK11  BANK12
      Params:         0       6       0       0       0       0       0       0       0       0       0       0       0       0
      Locals:         0       3       0       0       0       0       0       0       0       0       0       0       0       0
      Temps:          0       3       0       0       0       0       0       0       0       0       0       0       0       0
      Totals:         0      12       0       0       0       0       0       0       0       0       0       0       0       0
Total ram usage:       12 bytes
 Hardware stack levels used:    1
 Hardware stack levels required when called:    1
 This function calls:
		___ftpack
 This function is called by:
		_sprintf
		___ftsub
 This function uses a non-reentrant model


 *************** function ___ftneg *****************
 Defined at:
		line 15 in file "C:\Embeded Project\FT64F0A5-TRB\YSQ-NFB\reference\fmd\FMD-MCU-IDE\FMDIDEV3.0.6\data\sources\common\ftneg.c"
 Parameters:    Size  Location     Type
  f1              3    0[COMMON] float 
 Auto vars:     Size  Location     Type
		None
 Return value:  Size  Location     Type
                  3    0[COMMON] float 
 Registers used:
		wreg
 Tracked objects:
		On entry : 
		On exit  : 
		Unchanged: 
 Data sizes:     COMMON   BANK0   BANK1   BANK2   BANK3   BANK4   BANK5   BANK6   BANK7   BANK8   BANK9  BANK10  BANK11  BANK12
      Params:         3       0       0       0       0       0       0       0       0       0       0       0       0       0
      Locals:         0       0       0       0       0       0       0       0       0       0       0       0       0       0
      Temps:          0       0       0       0       0       0       0       0       0       0       0       0       0       0
      Totals:         3       0       0       0       0       0       0       0       0       0       0       0       0       0
Total ram usage:        3 bytes
 Hardware stack levels used:    1
 This function calls:
		Nothing
 This function is called by:
		_sprintf
 This function uses a non-reentrant model


 *************** function ___ftge *****************
 Defined at:
		line 4 in file "C:\Embeded Project\FT64F0A5-TRB\YSQ-NFB\reference\fmd\FMD-MCU-IDE\FMDIDEV3.0.6\data\sources\common\ftge.c"
 Parameters:    Size  Location     Type
  ff1             3    0[COMMON] float 
  ff2             3    3[COMMON] float 
 Auto vars:     Size  Location     Type
		None
 Return value:  Size  Location     Type
		None               void
 Registers used:
		wreg, status,2, status,0
 Tracked objects:
		On entry : 
		On exit  : 
		Unchanged: 
 Data sizes:     COMMON   BANK0   BANK1   BANK2   BANK3   BANK4   BANK5   BANK6   BANK7   BANK8   BANK9  BANK10  BANK11  BANK12
      Params:         6       0       0       0       0       0       0       0       0       0       0       0       0       0
      Locals:         0       0       0       0       0       0       0       0       0       0       0       0       0       0
      Temps:          0       0       0       0       0       0       0       0       0       0       0       0       0       0
      Totals:         6       0       0       0       0       0       0       0       0       0       0       0       0       0
Total ram usage:        6 bytes
 Hardware stack levels used:    1
 This function calls:
		Nothing
 This function is called by:
		_sprintf
 This function uses a non-reentrant model


 *************** function _send *****************
 Defined at:
		line 167 in file "ADC.C"
 Parameters:    Size  Location     Type
  tbuf            2   52[BANK0 ] PTR unsigned char 
		 -> main@msgbuf(50), NTC@msgbuf(50), 
  len             2   54[BANK0 ] int 
 Auto vars:     Size  Location     Type
  i               2   57[BANK0 ] int 
 Return value:  Size  Location     Type
                  1    wreg      void 
 Registers used:
		wreg, fsr1l, fsr1h, status,2, status,0, pclath, cstack
 Tracked objects:
		On entry : 
		On exit  : 
		Unchanged: 
 Data sizes:     COMMON   BANK0   BANK1   BANK2   BANK3   BANK4   BANK5   BANK6   BANK7   BANK8   BANK9  BANK10  BANK11  BANK12
      Params:         0       4       0       0       0       0       0       0       0       0       0       0       0       0
      Locals:         0       2       0       0       0       0       0       0       0       0       0       0       0       0
      Temps:          0       1       0       0       0       0       0       0       0       0       0       0       0       0
      Totals:         0       7       0       0       0       0       0       0       0       0       0       0       0       0
Total ram usage:        7 bytes
 Hardware stack levels used:    1
 Hardware stack levels required when called:    4
 This function calls:
		_DelayMs
 This function is called by:
		_main
 This function uses a non-reentrant model


 *************** function _DelayMs *****************
 Defined at:
		line 141 in file "ADC.C"
 Parameters:    Size  Location     Type
  Time            2   47[BANK0 ] int 
 Auto vars:     Size  Location     Type
  a               2   50[BANK0 ] int 
 Return value:  Size  Location     Type
                  1    wreg      void 
 Registers used:
		wreg, status,2, status,0, pclath, cstack
 Tracked objects:
		On entry : 
		On exit  : 
		Unchanged: 
 Data sizes:     COMMON   BANK0   BANK1   BANK2   BANK3   BANK4   BANK5   BANK6   BANK7   BANK8   BANK9  BANK10  BANK11  BANK12
      Params:         0       2       0       0       0       0       0       0       0       0       0       0       0       0
      Locals:         0       2       0       0       0       0       0       0       0       0       0       0       0       0
      Temps:          0       1       0       0       0       0       0       0       0       0       0       0       0       0
      Totals:         0       5       0       0       0       0       0       0       0       0       0       0       0       0
Total ram usage:        5 bytes
 Hardware stack levels used:    1
 Hardware stack levels required when called:    3
 This function calls:
		_DelayUs
 This function is called by:
		_send
		_main
 This function uses a non-reentrant model


 *************** function ___ftdiv *****************
 Defined at:
		line 56 in file "C:\Embeded Project\FT64F0A5-TRB\YSQ-NFB\reference\fmd\FMD-MCU-IDE\FMDIDEV3.0.6\data\sources\common\ftdiv.c"
 Parameters:    Size  Location     Type
  f2              3   21[BANK0 ] float 
  f1              3   24[BANK0 ] float 
 Auto vars:     Size  Location     Type
  f3              3   31[BANK0 ] float 
  sign            1   35[BANK0 ] unsigned char 
  exp             1   34[BANK0 ] unsigned char 
  cntr            1   30[BANK0 ] unsigned char 
 Return value:  Size  Location     Type
                  3   21[BANK0 ] float 
 Registers used:
		wreg, status,2, status,0, pclath, cstack
 Tracked objects:
		On entry : 
		On exit  : 
		Unchanged: 
 Data sizes:     COMMON   BANK0   BANK1   BANK2   BANK3   BANK4   BANK5   BANK6   BANK7   BANK8   BANK9  BANK10  BANK11  BANK12
      Params:         0       6       0       0       0       0       0       0       0       0       0       0       0       0
      Locals:         0       6       0       0       0       0       0       0       0       0       0       0       0       0
      Temps:          0       3       0       0       0       0       0       0       0       0       0       0       0       0
      Totals:         0      15       0       0       0       0       0       0       0       0       0       0       0       0
Total ram usage:       15 bytes
 Hardware stack levels used:    1
 Hardware stack levels required when called:    1
 This function calls:
		___ftpack
 This function is called by:
		_main
 This function uses a non-reentrant model


 *************** function _UART_INITIAL *****************
 Defined at:
		line 78 in file "ADC.C"
 Parameters:    Size  Location     Type
		None
 Auto vars:     Size  Location     Type
		None
 Return value:  Size  Location     Type
                  1    wreg      void 
 Registers used:
		wreg, status,2
 Tracked objects:
		On entry : 
		On exit  : 
		Unchanged: 
 Data sizes:     COMMON   BANK0   BANK1   BANK2   BANK3   BANK4   BANK5   BANK6   BANK7   BANK8   BANK9  BANK10  BANK11  BANK12
      Params:         0       0       0       0       0       0       0       0       0       0       0       0       0       0
      Locals:         0       0       0       0       0       0       0       0       0       0       0       0       0       0
      Temps:          0       0       0       0       0       0       0       0       0       0       0       0       0       0
      Totals:         0       0       0       0       0       0       0       0       0       0       0       0       0       0
Total ram usage:        0 bytes
 Hardware stack levels used:    1
 This function calls:
		Nothing
 This function is called by:
		_main
 This function uses a non-reentrant model


 *************** function _POWER_INITIAL *****************
 Defined at:
		line 38 in file "ADC.C"
 Parameters:    Size  Location     Type
		None
 Auto vars:     Size  Location     Type
		None
 Return value:  Size  Location     Type
                  1    wreg      void 
 Registers used:
		wreg, status,2
 Tracked objects:
		On entry : 
		On exit  : 
		Unchanged: 
 Data sizes:     COMMON   BANK0   BANK1   BANK2   BANK3   BANK4   BANK5   BANK6   BANK7   BANK8   BANK9  BANK10  BANK11  BANK12
      Params:         0       0       0       0       0       0       0       0       0       0       0       0       0       0
      Locals:         0       0       0       0       0       0       0       0       0       0       0       0       0       0
      Temps:          0       0       0       0       0       0       0       0       0       0       0       0       0       0
      Totals:         0       0       0       0       0       0       0       0       0       0       0       0       0       0
Total ram usage:        0 bytes
 Hardware stack levels used:    1
 This function calls:
		Nothing
 This function is called by:
		_main
 This function uses a non-reentrant model


 *************** function _GET_ADC_DATA *****************
 Defined at:
		line 154 in file "ADC.C"
 Parameters:    Size  Location     Type
  adcChannel      1    wreg     unsigned char 
 Auto vars:     Size  Location     Type
  adcChannel      1   50[BANK0 ] unsigned char 
 Return value:  Size  Location     Type
                  2   47[BANK0 ] unsigned int 
 Registers used:
		wreg, status,2, status,0, pclath, cstack
 Tracked objects:
		On entry : 
		On exit  : 
		Unchanged: 
 Data sizes:     COMMON   BANK0   BANK1   BANK2   BANK3   BANK4   BANK5   BANK6   BANK7   BANK8   BANK9  BANK10  BANK11  BANK12
      Params:         0       3       0       0       0       0       0       0       0       0       0       0       0       0
      Locals:         0       1       0       0       0       0       0       0       0       0       0       0       0       0
      Temps:          0       0       0       0       0       0       0       0       0       0       0       0       0       0
      Totals:         0       4       0       0       0       0       0       0       0       0       0       0       0       0
Total ram usage:        4 bytes
 Hardware stack levels used:    1
 Hardware stack levels required when called:    3
 This function calls:
		_DelayUs
 This function is called by:
		_main
 This function uses a non-reentrant model


 *************** function _DelayUs *****************
 Defined at:
		line 127 in file "ADC.C"
 Parameters:    Size  Location     Type
  Time            2   42[BANK0 ] int 
 Auto vars:     Size  Location     Type
  a               2   45[BANK0 ] int 
 Return value:  Size  Location     Type
                  1    wreg      void 
 Registers used:
		wreg, status,2, status,0, pclath, cstack
 Tracked objects:
		On entry : 
		On exit  : 
		Unchanged: 
 Data sizes:     COMMON   BANK0   BANK1   BANK2   BANK3   BANK4   BANK5   BANK6   BANK7   BANK8   BANK9  BANK10  BANK11  BANK12
      Params:         0       2       0       0       0       0       0       0       0       0       0       0       0       0
      Locals:         0       2       0       0       0       0       0       0       0       0       0       0       0       0
      Temps:          0       1       0       0       0       0       0       0       0       0       0       0       0       0
      Totals:         0       5       0       0       0       0       0       0       0       0       0       0       0       0
Total ram usage:        5 bytes
 Hardware stack levels used:    1
 Hardware stack levels required when called:    2
 This function calls:
		___awdiv
		___awtoft
		___ftmul
		___fttol
 This function is called by:
		_DelayMs
		_GET_ADC_DATA
 This function uses a non-reentrant model


 *************** function ___fttol *****************
 Defined at:
		line 44 in file "C:\Embeded Project\FT64F0A5-TRB\YSQ-NFB\reference\fmd\FMD-MCU-IDE\FMDIDEV3.0.6\data\sources\common\fttol.c"
 Parameters:    Size  Location     Type
  f1              3   29[BANK0 ] float 
 Auto vars:     Size  Location     Type
  lval            4   37[BANK0 ] unsigned long 
  exp1            1   41[BANK0 ] unsigned char 
  sign1           1   36[BANK0 ] unsigned char 
 Return value:  Size  Location     Type
                  4   29[BANK0 ] long 
 Registers used:
		wreg, status,2, status,0
 Tracked objects:
		On entry : 
		On exit  : 
		Unchanged: 
 Data sizes:     COMMON   BANK0   BANK1   BANK2   BANK3   BANK4   BANK5   BANK6   BANK7   BANK8   BANK9  BANK10  BANK11  BANK12
      Params:         0       4       0       0       0       0       0       0       0       0       0       0       0       0
      Locals:         0       6       0       0       0       0       0       0       0       0       0       0       0       0
      Temps:          0       3       0       0       0       0       0       0       0       0       0       0       0       0
      Totals:         0      13       0       0       0       0       0       0       0       0       0       0       0       0
Total ram usage:       13 bytes
 Hardware stack levels used:    1
 This function calls:
		Nothing
 This function is called by:
		_DelayUs
		_sprintf
 This function uses a non-reentrant model


 *************** function ___ftmul *****************
 Defined at:
		line 62 in file "C:\Embeded Project\FT64F0A5-TRB\YSQ-NFB\reference\fmd\FMD-MCU-IDE\FMDIDEV3.0.6\data\sources\common\ftmul.c"
 Parameters:    Size  Location     Type
  f1              3    6[BANK0 ] float 
  f2              3    9[BANK0 ] float 
 Auto vars:     Size  Location     Type
  f3_as_produc    3   16[BANK0 ] unsigned um
  sign            1   20[BANK0 ] unsigned char 
  cntr            1   19[BANK0 ] unsigned char 
  exp             1   15[BANK0 ] unsigned char 
 Return value:  Size  Location     Type
                  3    6[BANK0 ] float 
 Registers used:
		wreg, status,2, status,0, pclath, cstack
 Tracked objects:
		On entry : 
		On exit  : 
		Unchanged: 
 Data sizes:     COMMON   BANK0   BANK1   BANK2   BANK3   BANK4   BANK5   BANK6   BANK7   BANK8   BANK9  BANK10  BANK11  BANK12
      Params:         0       6       0       0       0       0       0       0       0       0       0       0       0       0
      Locals:         0       6       0       0       0       0       0       0       0       0       0       0       0       0
      Temps:          0       3       0       0       0       0       0       0       0       0       0       0       0       0
      Totals:         0      15       0       0       0       0       0       0       0       0       0       0       0       0
Total ram usage:       15 bytes
 Hardware stack levels used:    1
 Hardware stack levels required when called:    1
 This function calls:
		___ftpack
 This function is called by:
		_DelayUs
		_main
		_fround
		_scale
		_sprintf
 This function uses a non-reentrant model


 *************** function ___awtoft *****************
 Defined at:
		line 32 in file "C:\Embeded Project\FT64F0A5-TRB\YSQ-NFB\reference\fmd\FMD-MCU-IDE\FMDIDEV3.0.6\data\sources\common\awtoft.c"
 Parameters:    Size  Location     Type
  c               2    0[BANK0 ] int 
 Auto vars:     Size  Location     Type
  sign            1    3[BANK0 ] unsigned char 
 Return value:  Size  Location     Type
                  3    0[BANK0 ] float 
 Registers used:
		wreg, status,2, status,0, pclath, cstack
 Tracked objects:
		On entry : 
		On exit  : 
		Unchanged: 
 Data sizes:     COMMON   BANK0   BANK1   BANK2   BANK3   BANK4   BANK5   BANK6   BANK7   BANK8   BANK9  BANK10  BANK11  BANK12
      Params:         0       3       0       0       0       0       0       0       0       0       0       0       0       0
      Locals:         0       1       0       0       0       0       0       0       0       0       0       0       0       0
      Temps:          0       0       0       0       0       0       0       0       0       0       0       0       0       0
      Totals:         0       4       0       0       0       0       0       0       0       0       0       0       0       0
Total ram usage:        4 bytes
 Hardware stack levels used:    1
 Hardware stack levels required when called:    1
 This function calls:
		___ftpack
 This function is called by:
		_DelayUs
		_main
 This function uses a non-reentrant model


 *************** function ___ftpack *****************
 Defined at:
		line 62 in file "C:\Embeded Project\FT64F0A5-TRB\YSQ-NFB\reference\fmd\FMD-MCU-IDE\FMDIDEV3.0.6\data\sources\common\float.c"
 Parameters:    Size  Location     Type
  arg             3    0[COMMON] unsigned um
  exp             1    3[COMMON] unsigned char 
  sign            1    4[COMMON] unsigned char 
 Auto vars:     Size  Location     Type
		None
 Return value:  Size  Location     Type
                  3    0[COMMON] float 
 Registers used:
		wreg, status,2, status,0
 Tracked objects:
		On entry : 
		On exit  : 
		Unchanged: 
 Data sizes:     COMMON   BANK0   BANK1   BANK2   BANK3   BANK4   BANK5   BANK6   BANK7   BANK8   BANK9  BANK10  BANK11  BANK12
      Params:         5       0       0       0       0       0       0       0       0       0       0       0       0       0
      Locals:         0       0       0       0       0       0       0       0       0       0       0       0       0       0
      Temps:          3       0       0       0       0       0       0       0       0       0       0       0       0       0
      Totals:         8       0       0       0       0       0       0       0       0       0       0       0       0       0
Total ram usage:        8 bytes
 Hardware stack levels used:    1
 This function calls:
		Nothing
 This function is called by:
		___awtoft
		___ftadd
		___ftdiv
		___ftmul
		___lltoft
 This function uses a non-reentrant model


 *************** function ___awdiv *****************
 Defined at:
		line 6 in file "C:\Embeded Project\FT64F0A5-TRB\YSQ-NFB\reference\fmd\FMD-MCU-IDE\FMDIDEV3.0.6\data\sources\common\awdiv.c"
 Parameters:    Size  Location     Type
  divisor         2    6[COMMON] int 
  dividend        2    8[COMMON] int 
 Auto vars:     Size  Location     Type
  quotient        2   12[COMMON] int 
  sign            1   11[COMMON] unsigned char 
  counter         1   10[COMMON] unsigned char 
 Return value:  Size  Location     Type
                  2    6[COMMON] int 
 Registers used:
		wreg, status,2, status,0
 Tracked objects:
		On entry : 
		On exit  : 
		Unchanged: 
 Data sizes:     COMMON   BANK0   BANK1   BANK2   BANK3   BANK4   BANK5   BANK6   BANK7   BANK8   BANK9  BANK10  BANK11  BANK12
      Params:         4       0       0       0       0       0       0       0       0       0       0       0       0       0
      Locals:         4       0       0       0       0       0       0       0       0       0       0       0       0       0
      Temps:          0       0       0       0       0       0       0       0       0       0       0       0       0       0
      Totals:         8       0       0       0       0       0       0       0       0       0       0       0       0       0
Total ram usage:        8 bytes
 Hardware stack levels used:    1
 This function calls:
		Nothing
 This function is called by:
		_DelayUs
		_scale
		_sprintf
 This function uses a non-reentrant model


 *************** function _ADC_INITIAL *****************
 Defined at:
		line 95 in file "ADC.C"
 Parameters:    Size  Location     Type
		None
 Auto vars:     Size  Location     Type
		None
 Return value:  Size  Location     Type
                  1    wreg      void 
 Registers used:
		wreg, status,2, status,0
 Tracked objects:
		On entry : 
		On exit  : 
		Unchanged: 
 Data sizes:     COMMON   BANK0   BANK1   BANK2   BANK3   BANK4   BANK5   BANK6   BANK7   BANK8   BANK9  BANK10  BANK11  BANK12
      Params:         0       0       0       0       0       0       0       0       0       0       0       0       0       0
      Locals:         0       0       0       0       0       0       0       0       0       0       0       0       0       0
      Temps:          0       0       0       0       0       0       0       0       0       0       0       0       0       0
      Totals:         0       0       0       0       0       0       0       0       0       0       0       0       0       0
Total ram usage:        0 bytes
 Hardware stack levels used:    1
 This function calls:
		Nothing
 This function is called by:
		_main
 This function uses a non-reentrant model



MODULE INFORMATION

Module		Function		Class		Link	Load	Size
C:\Embeded Project\FT64F0A5-TRB\YSQ-NFB\reference\fmd\FMD-MCU-IDE\FMDIDEV3.0.6\data\sources\common\awmod.c
		___awmod       		CODE           	0629	0000	58

C:\Embeded Project\FT64F0A5-TRB\YSQ-NFB\reference\fmd\FMD-MCU-IDE\FMDIDEV3.0.6\data\sources\common\awmod.c estimated size: 58

C:\Embeded Project\FT64F0A5-TRB\YSQ-NFB\reference\fmd\FMD-MCU-IDE\FMDIDEV3.0.6\data\sources\common\llmod.c
		___llmod       		CODE           	0D58	0000	55

C:\Embeded Project\FT64F0A5-TRB\YSQ-NFB\reference\fmd\FMD-MCU-IDE\FMDIDEV3.0.6\data\sources\common\llmod.c estimated size: 55

C:\Embeded Project\FT64F0A5-TRB\YSQ-NFB\reference\fmd\FMD-MCU-IDE\FMDIDEV3.0.6\data\sources\common\lltoft.c
		___lltoft      		CODE           	0202	0000	30

C:\Embeded Project\FT64F0A5-TRB\YSQ-NFB\reference\fmd\FMD-MCU-IDE\FMDIDEV3.0.6\data\sources\common\lltoft.c estimated size: 30

C:\Embeded Project\FT64F0A5-TRB\YSQ-NFB\reference\fmd\FMD-MCU-IDE\FMDIDEV3.0.6\data\sources\common\ftmul.c
		___ftmul       		CODE           	0662	0000	94

C:\Embeded Project\FT64F0A5-TRB\YSQ-NFB\reference\fmd\FMD-MCU-IDE\FMDIDEV3.0.6\data\sources\common\ftmul.c estimated size: 94

C:\Embeded Project\FT64F0A5-TRB\YSQ-NFB\reference\fmd\FMD-MCU-IDE\FMDIDEV3.0.6\data\sources\common\ftdiv.c
		___ftdiv       		CODE           	040D	0000	94

C:\Embeded Project\FT64F0A5-TRB\YSQ-NFB\reference\fmd\FMD-MCU-IDE\FMDIDEV3.0.6\data\sources\common\ftdiv.c estimated size: 94

C:\Embeded Project\FT64F0A5-TRB\YSQ-NFB\reference\fmd\FMD-MCU-IDE\FMDIDEV3.0.6\data\sources\common\doprnt.c
		_scale         		CODE           	0545	0000	208
		_sprintf       		CODE           	088A	0000	1187
		_fround        		CODE           	04BD	0000	137

C:\Embeded Project\FT64F0A5-TRB\YSQ-NFB\reference\fmd\FMD-MCU-IDE\FMDIDEV3.0.6\data\sources\common\doprnt.c estimated size: 1532

C:\Embeded Project\FT64F0A5-TRB\YSQ-NFB\reference\fmd\FMD-MCU-IDE\FMDIDEV3.0.6\data\sources\common\isdigit.c
		_isdigit       		CODE           	0E22	0000	15

C:\Embeded Project\FT64F0A5-TRB\YSQ-NFB\reference\fmd\FMD-MCU-IDE\FMDIDEV3.0.6\data\sources\common\isdigit.c estimated size: 15

C:\Embeded Project\FT64F0A5-TRB\YSQ-NFB\reference\fmd\FMD-MCU-IDE\FMDIDEV3.0.6\data\sources\common\ftdivl.c
		__tdiv_to_l_   		CODE           	0F90	0000	113

C:\Embeded Project\FT64F0A5-TRB\YSQ-NFB\reference\fmd\FMD-MCU-IDE\FMDIDEV3.0.6\data\sources\common\ftdivl.c estimated size: 113

C:\Embeded Project\FT64F0A5-TRB\YSQ-NFB\reference\fmd\FMD-MCU-IDE\FMDIDEV3.0.6\data\sources\common\awdiv.c
		___awdiv       		CODE           	0E30	0000	65

C:\Embeded Project\FT64F0A5-TRB\YSQ-NFB\reference\fmd\FMD-MCU-IDE\FMDIDEV3.0.6\data\sources\common\awdiv.c estimated size: 65

C:\Embeded Project\FT64F0A5-TRB\YSQ-NFB\reference\fmd\FMD-MCU-IDE\FMDIDEV3.0.6\data\sources\common\Umul16.c
		___wmul        		CODE           	0614	0000	22

C:\Embeded Project\FT64F0A5-TRB\YSQ-NFB\reference\fmd\FMD-MCU-IDE\FMDIDEV3.0.6\data\sources\common\Umul16.c estimated size: 22

C:\Embeded Project\FT64F0A5-TRB\YSQ-NFB\reference\fmd\FMD-MCU-IDE\FMDIDEV3.0.6\data\sources\common\lbmod.c
		___lbmod       		CODE           	06D7	0000	25

C:\Embeded Project\FT64F0A5-TRB\YSQ-NFB\reference\fmd\FMD-MCU-IDE\FMDIDEV3.0.6\data\sources\common\lbmod.c estimated size: 25

C:\Embeded Project\FT64F0A5-TRB\YSQ-NFB\reference\fmd\FMD-MCU-IDE\FMDIDEV3.0.6\data\sources\common\lldiv.c
		___lldiv       		CODE           	0DE3	0000	64

C:\Embeded Project\FT64F0A5-TRB\YSQ-NFB\reference\fmd\FMD-MCU-IDE\FMDIDEV3.0.6\data\sources\common\lldiv.c estimated size: 64

ADC.C
		_DelayUs       		CODE           	0367	0000	56
		_UART_INITIAL  		CODE           	0400	0000	14
		_main          		CODE           	02CE	0000	136
		_DelayMs       		CODE           	046A	0000	27
		_POWER_INITIAL 		CODE           	03DA	0000	39
		_send          		CODE           	0484	0000	36
		_GET_ADC_DATA  		CODE           	03BA	0000	33
		_ADC_INITIAL   		CODE           	0355	0000	19

ADC.C estimated size: 360

C:\Embeded Project\FT64F0A5-TRB\YSQ-NFB\reference\fmd\FMD-MCU-IDE\FMDIDEV3.0.6\data\sources\common\fttol.c
		___fttol       		CODE           	0D8E	0000	86

C:\Embeded Project\FT64F0A5-TRB\YSQ-NFB\reference\fmd\FMD-MCU-IDE\FMDIDEV3.0.6\data\sources\common\fttol.c estimated size: 86

shared
		PL12           		CODE           	074D	0000	10
		PL50           		CODE           	0F25	0000	14
		PL8            		CODE           	0743	0000	11
		PL22           		CODE           	01EF	0000	12
		PL60           		CODE           	07A4	0000	8
		PL100          		CODE           	07F3	0000	5
		PL32           		CODE           	076C	0000	8
		PL70           		CODE           	0F6B	0000	8
		PL42           		CODE           	0790	0000	9
		PL80           		CODE           	07C6	0000	8
		PL14           		CODE           	0EC3	0000	12
		PL52           		CODE           	0F32	0000	7
		PL90           		CODE           	07E1	0000	8
		PL24           		CODE           	075E	0000	8
		PL62           		CODE           	0F4B	0000	12
		PL34           		CODE           	0773	0000	9
		PL72           		CODE           	07B2	0000	7
		PL44           		CODE           	0F03	0000	15
		PL82           		CODE           	07CD	0000	8
		PL16           		CODE           	0756	0000	9
		PL54           		CODE           	0F38	0000	13
		PL92           		CODE           	07E8	0000	7
		PL26           		CODE           	0EEC	0000	9
		PL64           		CODE           	0F56	0000	12
		__powers_      		STRCODE        	1069	0000	40
		PL102          		CODE           	0F86	0000	6
		PL36           		CODE           	077B	0000	8
		PL74           		CODE           	0F72	0000	9
		PL46           		CODE           	0F11	0000	15
		PL84           		CODE           	07D4	0000	7
		_dpowers       		STRCODE        	1041	0000	41
		PL18           		CODE           	0ECE	0000	7
		PL56           		CODE           	0798	0000	13
		PL94           		CODE           	01FA	0000	7
		PL28           		CODE           	0765	0000	8
		PL66           		CODE           	07AB	0000	8
		PL38           		CODE           	0782	0000	9
		PL76           		CODE           	07B8	0000	8
		PL48           		CODE           	0F1F	0000	7
		PL86           		CODE           	0F7A	0000	8
		PL58           		CODE           	0F44	0000	8
		PL96           		CODE           	07EE	0000	6
		PL68           		CODE           	0F61	0000	11
		PL104          		CODE           	07F7	0000	6
		PL78           		CODE           	07BF	0000	8
		PL88           		CODE           	07DA	0000	8
		PL98           		CODE           	0F81	0000	6
		__npowers_     		STRCODE        	1090	0000	40
		__initialization		CODE           	0200	0000	1
		PL106          		CODE           	0F8B	0000	6
		PL108          		CODE           	07FC	0000	5
		log@coeff      		STRCODE        	0000	0000	0
		PL2            		CODE           	0E94	0000	17
		PL10           		CODE           	0EA4	0000	32
		PL4            		CODE           	072D	0000	15
		PL20           		CODE           	0ED4	0000	25
		PL30           		CODE           	0EF4	0000	16
		PL6            		CODE           	073B	0000	9
		PL40           		CODE           	078A	0000	7

shared estimated size: 656

C:\Embeded Project\FT64F0A5-TRB\YSQ-NFB\reference\fmd\FMD-MCU-IDE\FMDIDEV3.0.6\data\sources\common\ftadd.c
		___ftadd       		CODE           	021F	0000	176

C:\Embeded Project\FT64F0A5-TRB\YSQ-NFB\reference\fmd\FMD-MCU-IDE\FMDIDEV3.0.6\data\sources\common\ftadd.c estimated size: 176

C:\Embeded Project\FT64F0A5-TRB\YSQ-NFB\reference\fmd\FMD-MCU-IDE\FMDIDEV3.0.6\data\sources\common\fldivl.c
		__div_to_l_    		CODE           	014F	0000	161

C:\Embeded Project\FT64F0A5-TRB\YSQ-NFB\reference\fmd\FMD-MCU-IDE\FMDIDEV3.0.6\data\sources\common\fldivl.c estimated size: 161

C:\Embeded Project\FT64F0A5-TRB\YSQ-NFB\reference\fmd\FMD-MCU-IDE\FMDIDEV3.0.6\data\sources\common\lbdiv.c
		___lbdiv       		CODE           	06BF	0000	25

C:\Embeded Project\FT64F0A5-TRB\YSQ-NFB\reference\fmd\FMD-MCU-IDE\FMDIDEV3.0.6\data\sources\common\lbdiv.c estimated size: 25

C:\Embeded Project\FT64F0A5-TRB\YSQ-NFB\reference\fmd\FMD-MCU-IDE\FMDIDEV3.0.6\data\sources\common\strlen.c
		_strlen        		CODE           	04A7	0000	23

C:\Embeded Project\FT64F0A5-TRB\YSQ-NFB\reference\fmd\FMD-MCU-IDE\FMDIDEV3.0.6\data\sources\common\strlen.c estimated size: 23

C:\Embeded Project\FT64F0A5-TRB\YSQ-NFB\reference\fmd\FMD-MCU-IDE\FMDIDEV3.0.6\data\sources\common\ftge.c
		___ftge        		CODE           	0D2C	0000	45

C:\Embeded Project\FT64F0A5-TRB\YSQ-NFB\reference\fmd\FMD-MCU-IDE\FMDIDEV3.0.6\data\sources\common\ftge.c estimated size: 45

C:\Embeded Project\FT64F0A5-TRB\YSQ-NFB\reference\fmd\FMD-MCU-IDE\FMDIDEV3.0.6\data\sources\common\ftneg.c
		___ftneg       		CODE           	0E70	0000	9

C:\Embeded Project\FT64F0A5-TRB\YSQ-NFB\reference\fmd\FMD-MCU-IDE\FMDIDEV3.0.6\data\sources\common\ftneg.c estimated size: 9

C:\Embeded Project\FT64F0A5-TRB\YSQ-NFB\reference\fmd\FMD-MCU-IDE\FMDIDEV3.0.6\data\sources\common\awtoft.c
		___awtoft      		CODE           	039E	0000	29

C:\Embeded Project\FT64F0A5-TRB\YSQ-NFB\reference\fmd\FMD-MCU-IDE\FMDIDEV3.0.6\data\sources\common\awtoft.c estimated size: 29

C:\Embeded Project\FT64F0A5-TRB\YSQ-NFB\reference\fmd\FMD-MCU-IDE\FMDIDEV3.0.6\data\sources\common\ftsub.c
		___ftsub       		CODE           	0E78	0000	29

C:\Embeded Project\FT64F0A5-TRB\YSQ-NFB\reference\fmd\FMD-MCU-IDE\FMDIDEV3.0.6\data\sources\common\ftsub.c estimated size: 29

C:\Embeded Project\FT64F0A5-TRB\YSQ-NFB\reference\fmd\FMD-MCU-IDE\FMDIDEV3.0.6\data\sources\common\float.c
		___ftpack      		CODE           	06EF	0000	63

C:\Embeded Project\FT64F0A5-TRB\YSQ-NFB\reference\fmd\FMD-MCU-IDE\FMDIDEV3.0.6\data\sources\common\float.c estimated size: 63

